Archive member included to satisfy reference by file (symbol)

C:/ST/STM32CubeIDE_1.16.1/STM32CubeIDE/plugins/com.st.stm32cube.ide.mcu.externaltools.gnu-tools-for-stm32.12.3.rel1.win32_1.0.200.202406191623/tools/bin/../lib/gcc/arm-none-eabi/12.3.1/../../../../arm-none-eabi/lib/thumb/v7e-m+fp/hard\libc_nano.a(libc_a-exit.o)
                              C:/ST/STM32CubeIDE_1.16.1/STM32CubeIDE/plugins/com.st.stm32cube.ide.mcu.externaltools.gnu-tools-for-stm32.12.3.rel1.win32_1.0.200.202406191623/tools/bin/../lib/gcc/arm-none-eabi/12.3.1/../../../../arm-none-eabi/lib/thumb/v7e-m+fp/hard/crt0.o (exit)
C:/ST/STM32CubeIDE_1.16.1/STM32CubeIDE/plugins/com.st.stm32cube.ide.mcu.externaltools.gnu-tools-for-stm32.12.3.rel1.win32_1.0.200.202406191623/tools/bin/../lib/gcc/arm-none-eabi/12.3.1/../../../../arm-none-eabi/lib/thumb/v7e-m+fp/hard\libc_nano.a(libc_a-malloc.o)
                              ./Core/Src/cJSON.o (malloc)
C:/ST/STM32CubeIDE_1.16.1/STM32CubeIDE/plugins/com.st.stm32cube.ide.mcu.externaltools.gnu-tools-for-stm32.12.3.rel1.win32_1.0.200.202406191623/tools/bin/../lib/gcc/arm-none-eabi/12.3.1/../../../../arm-none-eabi/lib/thumb/v7e-m+fp/hard\libc_nano.a(libc_a-mallocr.o)
                              C:/ST/STM32CubeIDE_1.16.1/STM32CubeIDE/plugins/com.st.stm32cube.ide.mcu.externaltools.gnu-tools-for-stm32.12.3.rel1.win32_1.0.200.202406191623/tools/bin/../lib/gcc/arm-none-eabi/12.3.1/../../../../arm-none-eabi/lib/thumb/v7e-m+fp/hard\libc_nano.a(libc_a-malloc.o) (_malloc_r)
C:/ST/STM32CubeIDE_1.16.1/STM32CubeIDE/plugins/com.st.stm32cube.ide.mcu.externaltools.gnu-tools-for-stm32.12.3.rel1.win32_1.0.200.202406191623/tools/bin/../lib/gcc/arm-none-eabi/12.3.1/../../../../arm-none-eabi/lib/thumb/v7e-m+fp/hard\libc_nano.a(libc_a-mlock.o)
                              C:/ST/STM32CubeIDE_1.16.1/STM32CubeIDE/plugins/com.st.stm32cube.ide.mcu.externaltools.gnu-tools-for-stm32.12.3.rel1.win32_1.0.200.202406191623/tools/bin/../lib/gcc/arm-none-eabi/12.3.1/../../../../arm-none-eabi/lib/thumb/v7e-m+fp/hard\libc_nano.a(libc_a-mallocr.o) (__malloc_lock)
C:/ST/STM32CubeIDE_1.16.1/STM32CubeIDE/plugins/com.st.stm32cube.ide.mcu.externaltools.gnu-tools-for-stm32.12.3.rel1.win32_1.0.200.202406191623/tools/bin/../lib/gcc/arm-none-eabi/12.3.1/../../../../arm-none-eabi/lib/thumb/v7e-m+fp/hard\libc_nano.a(libc_a-realloc.o)
                              ./Core/Src/cJSON.o (realloc)
C:/ST/STM32CubeIDE_1.16.1/STM32CubeIDE/plugins/com.st.stm32cube.ide.mcu.externaltools.gnu-tools-for-stm32.12.3.rel1.win32_1.0.200.202406191623/tools/bin/../lib/gcc/arm-none-eabi/12.3.1/../../../../arm-none-eabi/lib/thumb/v7e-m+fp/hard\libc_nano.a(libc_a-reallocr.o)
                              C:/ST/STM32CubeIDE_1.16.1/STM32CubeIDE/plugins/com.st.stm32cube.ide.mcu.externaltools.gnu-tools-for-stm32.12.3.rel1.win32_1.0.200.202406191623/tools/bin/../lib/gcc/arm-none-eabi/12.3.1/../../../../arm-none-eabi/lib/thumb/v7e-m+fp/hard\libc_nano.a(libc_a-realloc.o) (_realloc_r)
C:/ST/STM32CubeIDE_1.16.1/STM32CubeIDE/plugins/com.st.stm32cube.ide.mcu.externaltools.gnu-tools-for-stm32.12.3.rel1.win32_1.0.200.202406191623/tools/bin/../lib/gcc/arm-none-eabi/12.3.1/../../../../arm-none-eabi/lib/thumb/v7e-m+fp/hard\libc_nano.a(libc_a-strtod.o)
                              ./Core/Src/cJSON.o (strtod)
C:/ST/STM32CubeIDE_1.16.1/STM32CubeIDE/plugins/com.st.stm32cube.ide.mcu.externaltools.gnu-tools-for-stm32.12.3.rel1.win32_1.0.200.202406191623/tools/bin/../lib/gcc/arm-none-eabi/12.3.1/../../../../arm-none-eabi/lib/thumb/v7e-m+fp/hard\libc_nano.a(libc_a-ctype_.o)
                              ./Core/Src/cJSON.o (_ctype_)
C:/ST/STM32CubeIDE_1.16.1/STM32CubeIDE/plugins/com.st.stm32cube.ide.mcu.externaltools.gnu-tools-for-stm32.12.3.rel1.win32_1.0.200.202406191623/tools/bin/../lib/gcc/arm-none-eabi/12.3.1/../../../../arm-none-eabi/lib/thumb/v7e-m+fp/hard\libc_nano.a(libc_a-findfp.o)
                              C:/ST/STM32CubeIDE_1.16.1/STM32CubeIDE/plugins/com.st.stm32cube.ide.mcu.externaltools.gnu-tools-for-stm32.12.3.rel1.win32_1.0.200.202406191623/tools/bin/../lib/gcc/arm-none-eabi/12.3.1/../../../../arm-none-eabi/lib/thumb/v7e-m+fp/hard\libc_nano.a(libc_a-exit.o) (__stdio_exit_handler)
C:/ST/STM32CubeIDE_1.16.1/STM32CubeIDE/plugins/com.st.stm32cube.ide.mcu.externaltools.gnu-tools-for-stm32.12.3.rel1.win32_1.0.200.202406191623/tools/bin/../lib/gcc/arm-none-eabi/12.3.1/../../../../arm-none-eabi/lib/thumb/v7e-m+fp/hard\libc_nano.a(libc_a-fwalk.o)
                              C:/ST/STM32CubeIDE_1.16.1/STM32CubeIDE/plugins/com.st.stm32cube.ide.mcu.externaltools.gnu-tools-for-stm32.12.3.rel1.win32_1.0.200.202406191623/tools/bin/../lib/gcc/arm-none-eabi/12.3.1/../../../../arm-none-eabi/lib/thumb/v7e-m+fp/hard\libc_nano.a(libc_a-findfp.o) (_fwalk_sglue)
[...]
Memory Configuration

Name             Origin             Length             Attributes
CCMRAM           0x10000000         0x00010000         xrw
RAM              0x20000000         0x00020000         xrw
FLASH            0x08000000         0x00080000         xr
*default*        0x00000000         0xffffffff

Linker script and memory map

LOAD C:/ST/STM32CubeIDE_1.16.1/STM32CubeIDE/plugins/com.st.stm32cube.ide.mcu.externaltools.gnu-tools-for-stm32.12.3.rel1.win32_1.0.200.202406191623/tools/bin/../lib/gcc/arm-none-eabi/12.3.1/thumb/v7e-m+fp/hard/crti.o
LOAD C:/ST/STM32CubeIDE_1.16.1/STM32CubeIDE/plugins/com.st.stm32cube.ide.mcu.externaltools.gnu-tools-for-stm32.12.3.rel1.win32_1.0.200.202406191623/tools/bin/../lib/gcc/arm-none-eabi/12.3.1/thumb/v7e-m+fp/hard/crtbegin.o
LOAD C:/ST/STM32CubeIDE_1.16.1/STM32CubeIDE/plugins/com.st.stm32cube.ide.mcu.externaltools.gnu-tools-for-stm32.12.3.rel1.win32_1.0.200.202406191623/tools/bin/../lib/gcc/arm-none-eabi/12.3.1/../../../../arm-none-eabi/lib/thumb/v7e-m+fp/hard/crt0.o
LOAD ./Core/Src/A.o
LOAD ./Core/Src/Back.o
LOAD ./Core/Src/BackGround.o
LOAD ./Core/Src/BackGround2.o
LOAD ./Core/Src/City.o
LOAD ./Core/Src/Cloud1.o
LOAD ./Core/Src/Cloud2.o
LOAD ./Core/Src/DHT.o
LOAD ./Core/Src/Loading.o
LOAD ./Core/Src/OK.o
LOAD ./Core/Src/STLogo.o
LOAD ./Core/Src/Tem.o
LOAD ./Core/Src/cJSON.o
LOAD ./Core/Src/calibrate.o
LOAD ./Core/Src/clockhumi.o
LOAD ./Core/Src/clocktem.o
LOAD ./Core/Src/cloudrate.o
LOAD ./Core/Src/confirm.o
LOAD ./Core/Src/doC.o
LOAD ./Core/Src/font12.o
LOAD ./Core/Src/font16.o
LOAD ./Core/Src/font20.o
LOAD ./Core/Src/font24.o
LOAD ./Core/Src/font8.o
LOAD ./Core/Src/front_end.o
LOAD ./Core/Src/hot.o
LOAD ./Core/Src/humi.o
LOAD ./Core/Src/ice.o
LOAD ./Core/Src/icon1.o
LOAD ./Core/Src/icon2.o
LOAD ./Core/Src/icon3.o
LOAD ./Core/Src/ili9341.o
LOAD ./Core/Src/location.o
LOAD ./Core/Src/main.o
LOAD ./Core/Src/next.o
LOAD ./Core/Src/next1.o
LOAD ./Core/Src/stm32f4xx_hal_msp.o
LOAD ./Core/Src/stm32f4xx_it.o
LOAD ./Core/Src/syscalls.o
LOAD ./Core/Src/sysmem.o
LOAD ./Core/Src/system_stm32f4xx.o
LOAD ./Core/Src/touch.o
LOAD ./Core/Src/tree.o
LOAD ./Core/Src/tree1.o
LOAD ./Core/Src/water.o
LOAD ./Core/Src/weather.o
LOAD ./Core/Src/wether.o
LOAD ./Core/Src/wind.o
LOAD ./Core/Src/yourname5.1.o
LOAD ./Core/Src/z6030061336714_5dbe1c34090d7e2346532e65515815be.o
LOAD ./Core/Startup/startup_stm32f407vetx.o
LOAD ./Drivers/STM32F4xx_HAL_Driver/Src/stm32f4xx_hal.o
LOAD ./Drivers/STM32F4xx_HAL_Driver/Src/stm32f4xx_hal_cortex.o
LOAD ./Drivers/STM32F4xx_HAL_Driver/Src/stm32f4xx_hal_dma.o
LOAD ./Drivers/STM32F4xx_HAL_Driver/Src/stm32f4xx_hal_dma_ex.o
LOAD ./Drivers/STM32F4xx_HAL_Driver/Src/stm32f4xx_hal_exti.o
LOAD ./Drivers/STM32F4xx_HAL_Driver/Src/stm32f4xx_hal_flash.o
LOAD ./Drivers/STM32F4xx_HAL_Driver/Src/stm32f4xx_hal_flash_ex.o
LOAD ./Drivers/STM32F4xx_HAL_Driver/Src/stm32f4xx_hal_flash_ramfunc.o
LOAD ./Drivers/STM32F4xx_HAL_Driver/Src/stm32f4xx_hal_gpio.o
LOAD ./Drivers/STM32F4xx_HAL_Driver/Src/stm32f4xx_hal_pwr.o
LOAD ./Drivers/STM32F4xx_HAL_Driver/Src/stm32f4xx_hal_pwr_ex.o
LOAD ./Drivers/STM32F4xx_HAL_Driver/Src/stm32f4xx_hal_rcc.o
LOAD ./Drivers/STM32F4xx_HAL_Driver/Src/stm32f4xx_hal_rcc_ex.o
LOAD ./Drivers/STM32F4xx_HAL_Driver/Src/stm32f4xx_hal_spi.o
LOAD ./Drivers/STM32F4xx_HAL_Driver/Src/stm32f4xx_hal_sram.o
LOAD ./Drivers/STM32F4xx_HAL_Driver/Src/stm32f4xx_hal_tim.o
LOAD ./Drivers/STM32F4xx_HAL_Driver/Src/stm32f4xx_hal_tim_ex.o
LOAD ./Drivers/STM32F4xx_HAL_Driver/Src/stm32f4xx_hal_uart.o
LOAD ./Drivers/STM32F4xx_HAL_Driver/Src/stm32f4xx_ll_fsmc.o
START GROUP
LOAD C:/ST/STM32CubeIDE_1.16.1/STM32CubeIDE/plugins/com.st.stm32cube.ide.mcu.externaltools.gnu-tools-for-stm32.12.3.rel1.win32_1.0.200.202406191623/tools/bin/../lib/gcc/arm-none-eabi/12.3.1/../../../../arm-none-eabi/lib/thumb/v7e-m+fp/hard\libc_nano.a
LOAD C:/ST/STM32CubeIDE_1.16.1/STM32CubeIDE/plugins/com.st.stm32cube.ide.mcu.externaltools.gnu-tools-for-stm32.12.3.rel1.win32_1.0.200.202406191623/tools/bin/../lib/gcc/arm-none-eabi/12.3.1/../../../../arm-none-eabi/lib/thumb/v7e-m+fp/hard\libm.a
END GROUP
START GROUP
LOAD C:/ST/STM32CubeIDE_1.16.1/STM32CubeIDE/plugins/com.st.stm32cube.ide.mcu.externaltools.gnu-tools-for-stm32.12.3.rel1.win32_1.0.200.202406191623/tools/bin/../lib/gcc/arm-none-eabi/12.3.1/thumb/v7e-m+fp/hard\libgcc.a
LOAD C:/ST/STM32CubeIDE_1.16.1/STM32CubeIDE/plugins/com.st.stm32cube.ide.mcu.externaltools.gnu-tools-for-stm32.12.3.rel1.win32_1.0.200.202406191623/tools/bin/../lib/gcc/arm-none-eabi/12.3.1/../../../../arm-none-eabi/lib/thumb/v7e-m+fp/hard\libc_nano.a
END GROUP
START GROUP
LOAD C:/ST/STM32CubeIDE_1.16.1/STM32CubeIDE/plugins/com.st.stm32cube.ide.mcu.externaltools.gnu-tools-for-stm32.12.3.rel1.win32_1.0.200.202406191623/tools/bin/../lib/gcc/arm-none-eabi/12.3.1/thumb/v7e-m+fp/hard\libgcc.a
LOAD C:/ST/STM32CubeIDE_1.16.1/STM32CubeIDE/plugins/com.st.stm32cube.ide.mcu.externaltools.gnu-tools-for-stm32.12.3.rel1.win32_1.0.200.202406191623/tools/bin/../lib/gcc/arm-none-eabi/12.3.1/../../../../arm-none-eabi/lib/thumb/v7e-m+fp/hard\libc_nano.a
LOAD C:/ST/STM32CubeIDE_1.16.1/STM32CubeIDE/plugins/com.st.stm32cube.ide.mcu.externaltools.gnu-tools-for-stm32.12.3.rel1.win32_1.0.200.202406191623/tools/bin/../lib/gcc/arm-none-eabi/12.3.1/../../../../arm-none-eabi/lib/thumb/v7e-m+fp/hard\libnosys.a
END GROUP
START GROUP
LOAD C:/ST/STM32CubeIDE_1.16.1/STM32CubeIDE/plugins/com.st.stm32cube.ide.mcu.externaltools.gnu-tools-for-stm32.12.3.rel1.win32_1.0.200.202406191623/tools/bin/../lib/gcc/arm-none-eabi/12.3.1/thumb/v7e-m+fp/hard\libgcc.a
LOAD C:/ST/STM32CubeIDE_1.16.1/STM32CubeIDE/plugins/com.st.stm32cube.ide.mcu.externaltools.gnu-tools-for-stm32.12.3.rel1.win32_1.0.200.202406191623/tools/bin/../lib/gcc/arm-none-eabi/12.3.1/../../../../arm-none-eabi/lib/thumb/v7e-m+fp/hard\libc_nano.a
LOAD C:/ST/STM32CubeIDE_1.16.1/STM32CubeIDE/plugins/com.st.stm32cube.ide.mcu.externaltools.gnu-tools-for-stm32.12.3.rel1.win32_1.0.200.202406191623/tools/bin/../lib/gcc/arm-none-eabi/12.3.1/../../../../arm-none-eabi/lib/thumb/v7e-m+fp/hard\libnosys.a
END GROUP
LOAD C:/ST/STM32CubeIDE_1.16.1/STM32CubeIDE/plugins/com.st.stm32cube.ide.mcu.externaltools.gnu-tools-for-stm32.12.3.rel1.win32_1.0.200.202406191623/tools/bin/../lib/gcc/arm-none-eabi/12.3.1/thumb/v7e-m+fp/hard/crtend.o
LOAD C:/ST/STM32CubeIDE_1.16.1/STM32CubeIDE/plugins/com.st.stm32cube.ide.mcu.externaltools.gnu-tools-for-stm32.12.3.rel1.win32_1.0.200.202406191623/tools/bin/../lib/gcc/arm-none-eabi/12.3.1/thumb/v7e-m+fp/hard/crtn.o
                0x20020000                        _estack = (ORIGIN (RAM) + LENGTH (RAM))
                0x00000200                        _Min_Heap_Size = 0x200
                0x00000400                        _Min_Stack_Size = 0x400

.isr_vector     0x08000000      0x188
                0x08000000                        . = ALIGN (0x4)
 *(.isr_vector)
 .isr_vector    0x08000000      0x188 ./Core/Startup/startup_stm32f407vetx.o
                0x08000000                g_pfnVectors
                0x08000188                        . = ALIGN (0x4)

.text           0x08000190     0xef6c
                0x08000190                        . = ALIGN (0x4)
 *(.text)
 .text          0x08000190       0x40 C:/ST/STM32CubeIDE_1.16.1/STM32CubeIDE/plugins/com.st.stm32cube.ide.mcu.externaltools.gnu-tools-for-stm32.12.3.rel1.win32_1.0.200.202406191623/tools/bin/../lib/gcc/arm-none-eabi/12.3.1/thumb/v7e-m+fp/hard/crtbegin.o
 .text          0x080001d0       0x14 C:/ST/STM32CubeIDE_1.16.1/STM32CubeIDE/plugins/com.st.stm32cube.ide.mcu.externaltools.gnu-tools-for-stm32.12.3.rel1.win32_1.0.200.202406191623/tools/bin/../lib/gcc/arm-none-eabi/12.3.1/../../../../arm-none-eabi/lib/thumb/v7e-m+fp/hard\libc_nano.a(libc_a-strcmp.o)
                0x080001d0                strcmp
 .text          0x080001e4       0x10 C:/ST/STM32CubeIDE_1.16.1/STM32CubeIDE/plugins/com.st.stm32cube.ide.mcu.externaltools.gnu-tools-for-stm32.12.3.rel1.win32_1.0.200.202406191623/tools/bin/../lib/gcc/arm-none-eabi/12.3.1/../../../../arm-none-eabi/lib/thumb/v7e-m+fp/hard\libc_nano.a(libc_a-strlen.o)
                0x080001e4                strlen
 *fill*         0x080001f4        0xc 
 .text          0x08000200       0xa0 C:/ST/STM32CubeIDE_1.16.1/STM32CubeIDE/plugins/com.st.stm32cube.ide.mcu.externaltools.gnu-tools-for-stm32.12.3.rel1.win32_1.0.200.202406191623/tools/bin/../lib/gcc/arm-none-eabi/12.3.1/../../../../arm-none-eabi/lib/thumb/v7e-m+fp/hard\libc_nano.a(libc_a-memchr.o)
                0x08000200                memchr
 .text          0x080002a0      0x378 C:/ST/STM32CubeIDE_1.16.1/STM32CubeIDE/plugins/com.st.stm32cube.ide.mcu.externaltools.gnu-tools-for-stm32.12.3.rel1.win32_1.0.200.202406191623/tools/bin/../lib/gcc/arm-none-eabi/12.3.1/thumb/v7e-m+fp/hard\libgcc.a(_arm_addsubdf3.o)
                0x080002a0                __aeabi_drsub
                0x080002a8                __aeabi_dsub
                0x080002a8                __subdf3
                0x080002ac                __aeabi_dadd
                0x080002ac                __adddf3
                0x08000524                __floatunsidf
                0x08000524                __aeabi_ui2d
                0x08000544                __floatsidf
                0x08000544                __aeabi_i2d
                0x08000568                __aeabi_f2d
                0x08000568                __extendsfdf2
                0x080005ac                __floatundidf
                0x080005ac                __aeabi_ul2d
                0x080005bc                __floatdidf
                0x080005bc                __aeabi_l2d
 .text          0x08000618      0x424 C:/ST/STM32CubeIDE_1.16.1/STM32CubeIDE/plugins/com.st.stm32cube.ide.mcu.externaltools.gnu-tools-for-stm32.12.3.rel1.win32_1.0.200.202406191623/tools/bin/../lib/gcc/arm-none-eabi/12.3.1/thumb/v7e-m+fp/hard\libgcc.a(_arm_muldivdf3.o)
                0x08000618                __aeabi_dmul
                0x08000618                __muldf3
                0x0800086c                __divdf3
                0x0800086c                __aeabi_ddiv
 .text          0x08000a3c      0x110 C:/ST/STM32CubeIDE_1.16.1/STM32CubeIDE/plugins/com.st.stm32cube.ide.mcu.externaltools.gnu-tools-for-stm32.12.3.rel1.win32_1.0.200.202406191623/tools/bin/../lib/gcc/arm-none-eabi/12.3.1/thumb/v7e-m+fp/hard\libgcc.a(_arm_cmpdf2.o)
                0x08000a3c                __gtdf2
                0x08000a3c                __gedf2
                0x08000a44                __ltdf2
                0x08000a44                __ledf2
                0x08000a4c                __nedf2
                0x08000a4c                __eqdf2
                0x08000a4c                __cmpdf2
                0x08000ac8                __aeabi_cdrcmple
                0x08000ad8                __aeabi_cdcmpeq
                0x08000ad8                __aeabi_cdcmple
                0x08000ae8                __aeabi_dcmpeq
                0x08000afc                __aeabi_dcmplt
                0x08000b10                __aeabi_dcmple
                0x08000b24                __aeabi_dcmpge
                0x08000b38                __aeabi_dcmpgt
 .text          0x08000b4c       0x50 C:/ST/STM32CubeIDE_1.16.1/STM32CubeIDE/plugins/com.st.stm32cube.ide.mcu.externaltools.gnu-tools-for-stm32.12.3.rel1.win32_1.0.200.202406191623/tools/bin/../lib/gcc/arm-none-eabi/12.3.1/thumb/v7e-m+fp/hard\libgcc.a(_arm_fixdfsi.o)
                0x08000b4c                __aeabi_d2iz
                0x08000b4c                __fixdfsi
 .text          0x08000b9c       0x40 C:/ST/STM32CubeIDE_1.16.1/STM32CubeIDE/plugins/com.st.stm32cube.ide.mcu.externaltools.gnu-tools-for-stm32.12.3.rel1.win32_1.0.200.202406191623/tools/bin/../lib/gcc/arm-none-eabi/12.3.1/thumb/v7e-m+fp/hard\libgcc.a(_arm_fixunsdfsi.o)
                0x08000b9c                __aeabi_d2uiz
                0x08000b9c                __fixunsdfsi
 .text          0x08000bdc       0x30 C:/ST/STM32CubeIDE_1.16.1/STM32CubeIDE/plugins/com.st.stm32cube.ide.mcu.externaltools.gnu-tools-for-stm32.12.3.rel1.win32_1.0.200.202406191623/tools/bin/../lib/gcc/arm-none-eabi/12.3.1/thumb/v7e-m+fp/hard\libgcc.a(_aeabi_uldivmod.o)
                0x08000bdc                __aeabi_uldivmod
 .text          0x08000c0c       0x30 C:/ST/STM32CubeIDE_1.16.1/STM32CubeIDE/plugins/com.st.stm32cube.ide.mcu.externaltools.gnu-tools-for-stm32.12.3.rel1.win32_1.0.200.202406191623/tools/bin/../lib/gcc/arm-none-eabi/12.3.1/thumb/v7e-m+fp/hard\libgcc.a(_fixdfdi.o)
                0x08000c0c                __fixdfdi
                0x08000c0c                __aeabi_d2lz
 .text          0x08000c3c       0x3c C:/ST/STM32CubeIDE_1.16.1/STM32CubeIDE/plugins/com.st.stm32cube.ide.mcu.externaltools.gnu-tools-for-stm32.12.3.rel1.win32_1.0.200.202406191623/tools/bin/../lib/gcc/arm-none-eabi/12.3.1/thumb/v7e-m+fp/hard\libgcc.a(_fixunsdfdi.o)
                0x08000c3c                __fixunsdfdi
                0x08000c3c                __aeabi_d2ulz
 .text          0x08000c78      0x2bc C:/ST/STM32CubeIDE_1.16.1/STM32CubeIDE/plugins/com.st.stm32cube.ide.mcu.externaltools.gnu-tools-for-stm32.12.3.rel1.win32_1.0.200.202406191623/tools/bin/../lib/gcc/arm-none-eabi/12.3.1/thumb/v7e-m+fp/hard\libgcc.a(_udivmoddi4.o)
                0x08000c78                __udivmoddi4
 .text          0x08000f34        0x4 C:/ST/STM32CubeIDE_1.16.1/STM32CubeIDE/plugins/com.st.stm32cube.ide.mcu.externaltools.gnu-tools-for-stm32.12.3.rel1.win32_1.0.200.202406191623/tools/bin/../lib/gcc/arm-none-eabi/12.3.1/thumb/v7e-m+fp/hard\libgcc.a(_dvmd_tls.o)
                0x08000f34                __aeabi_idiv0
                0x08000f34                __aeabi_ldiv0
 *(.text*)
 .text.goToOutput
                0x08000f38       0x54 ./Core/Src/DHT.o
 .text.goToInput
                0x08000f8c       0x40 ./Core/Src/DHT.o
 .text.DHT_getData
                0x08000fcc      0x354 ./Core/Src/DHT.o
                0x08000fcc                DHT_getData
 .text.DHT_ReadData
                0x08001320       0x8c ./Core/Src/DHT.o
                0x08001320                DHT_ReadData
 .text.case_insensitive_strcmp
                0x080013ac       0xd8 ./Core/Src/cJSON.o
 .text.cJSON_New_Item
                0x08001484       0x2c ./Core/Src/cJSON.o
 .text.cJSON_Delete
                0x080014b0       0xa0 ./Core/Src/cJSON.o
                0x080014b0                cJSON_Delete
 .text.get_decimal_point
                0x08001550       0x10 ./Core/Src/cJSON.o
 .text.parse_number
                0x08001560      0x198 ./Core/Src/cJSON.o
 .text.parse_hex4
                0x080016f8       0xc4 ./Core/Src/cJSON.o
 .text.utf16_literal_to_utf8
                0x080017bc      0x1d0 ./Core/Src/cJSON.o
 .text.parse_string
                0x0800198c      0x290 ./Core/Src/cJSON.o
 .text.buffer_skip_whitespace
                0x08001c1c       0x80 ./Core/Src/cJSON.o
 .text.skip_utf8_bom
                0x08001c9c       0x68 ./Core/Src/cJSON.o
 .text.cJSON_ParseWithOpts
                0x08001d04       0x38 ./Core/Src/cJSON.o
                0x08001d04                cJSON_ParseWithOpts
 .text.cJSON_ParseWithLengthOpts
                0x08001d3c      0x134 ./Core/Src/cJSON.o
                0x08001d3c                cJSON_ParseWithLengthOpts
 .text.cJSON_Parse
                0x08001e70       0x1c ./Core/Src/cJSON.o
                0x08001e70                cJSON_Parse
 .text.parse_value
                0x08001e8c      0x1d8 ./Core/Src/cJSON.o
 .text.parse_array
                0x08002064      0x188 ./Core/Src/cJSON.o
 .text.parse_object
                0x080021ec      0x218 ./Core/Src/cJSON.o
 .text.cJSON_GetArraySize
                0x08002404       0x42 ./Core/Src/cJSON.o
                0x08002404                cJSON_GetArraySize
 .text.get_array_item
                0x08002446       0x46 ./Core/Src/cJSON.o
 .text.cJSON_GetArrayItem
                0x0800248c       0x28 ./Core/Src/cJSON.o
                0x0800248c                cJSON_GetArrayItem
 .text.get_object_item
                0x080024b4       0x90 ./Core/Src/cJSON.o
 .text.cJSON_GetObjectItem
                0x08002544       0x1e ./Core/Src/cJSON.o
                0x08002544                cJSON_GetObjectItem
 .text.setCalibrationMatrix
                0x08002562      0x27c ./Core/Src/calibrate.o
                0x08002562                setCalibrationMatrix
 .text.getDisplayPoint
                0x080027de       0x86 ./Core/Src/calibrate.o
                0x080027de                getDisplayPoint
 .text.DrawCloud
                0x08002864       0x28 ./Core/Src/front_end.o
                0x08002864                DrawCloud
 .text.TextTitle
                0x0800288c       0x44 ./Core/Src/front_end.o
                0x0800288c                TextTitle
 .text.FindDate
                0x080028d0      0x11c ./Core/Src/front_end.o
                0x080028d0                FindDate
 .text.CloudRain
                0x080029ec      0x1e2 ./Core/Src/front_end.o
                0x080029ec                CloudRain
 .text.CloudSun
                0x08002bce       0x80 ./Core/Src/front_end.o
                0x08002bce                CloudSun
 .text.CloudThunder
                0x08002c4e      0x3e6 ./Core/Src/front_end.o
                0x08002c4e                CloudThunder
 .text.interpolateColor
                0x08003034      0x116 ./Core/Src/front_end.o
                0x08003034                interpolateColor
 .text.DrawGradientLine
                0x0800314a      0x132 ./Core/Src/front_end.o
                0x0800314a                DrawGradientLine
 .text.WeatherDay
                0x0800327c      0x508 ./Core/Src/front_end.o
                0x0800327c                WeatherDay
 .text.DrawThermometer
                0x08003784      0x23e ./Core/Src/front_end.o
                0x08003784                DrawThermometer
 *fill*         0x080039c2        0x2 
 .text.DrawIconHumidyti1
                0x080039c4       0x28 ./Core/Src/front_end.o
                0x080039c4                DrawIconHumidyti1
 .text.DrawIconDate
                0x080039ec       0x28 ./Core/Src/front_end.o
                0x080039ec                DrawIconDate
 .text.DrawIconWeather
                0x08003a14       0x28 ./Core/Src/front_end.o
                0x08003a14                DrawIconWeather
 .text.DrawIconTem
                0x08003a3c       0x28 ./Core/Src/front_end.o
                0x08003a3c                DrawIconTem
 .text.DrawIconWind
                0x08003a64       0x28 ./Core/Src/front_end.o
                0x08003a64                DrawIconWind
 .text.TextTemperature16
                0x08003a8c      0x1a8 ./Core/Src/front_end.o
                0x08003a8c                TextTemperature16
 .text.TextHumidyti16
                0x08003c34       0xe4 ./Core/Src/front_end.o
                0x08003c34                TextHumidyti16
 .text.TextTime
                0x08003d18       0x48 ./Core/Src/front_end.o
                0x08003d18                TextTime
 .text.TextDate
                0x08003d60       0x48 ./Core/Src/front_end.o
                0x08003d60                TextDate
 .text.TextLocation
                0x08003da8       0x94 ./Core/Src/front_end.o
                0x08003da8                TextLocation
 .text.TextSensor
                0x08003e3c      0x144 ./Core/Src/front_end.o
                0x08003e3c                TextSensor
 .text.TextCloudRate
                0x08003f80       0x8c ./Core/Src/front_end.o
                0x08003f80                TextCloudRate
 .text.DrawIconHot
                0x0800400c       0x28 ./Core/Src/front_end.o
                0x0800400c                DrawIconHot
 .text.DrawIconIce
                0x08004034       0x28 ./Core/Src/front_end.o
                0x08004034                DrawIconIce
 .text.DrawIconTree
                0x0800405c       0x28 ./Core/Src/front_end.o
                0x0800405c                DrawIconTree
 .text.DrawIconWater
                0x08004084       0x28 ./Core/Src/front_end.o
                0x08004084                DrawIconWater
 .text.DrawIconClockTem
                0x080040ac       0x28 ./Core/Src/front_end.o
                0x080040ac                DrawIconClockTem
 .text.DrawIconClockHumi
                0x080040d4       0x28 ./Core/Src/front_end.o
                0x080040d4                DrawIconClockHumi
 .text.DrawIconCloudRate
                0x080040fc       0x28 ./Core/Src/front_end.o
                0x080040fc                DrawIconCloudRate
 .text.DrawIconLocation
                0x08004124       0x28 ./Core/Src/front_end.o
                0x08004124                DrawIconLocation
 .text.DrawIconNext1
                0x0800414c       0x28 ./Core/Src/front_end.o
                0x0800414c                DrawIconNext1
 .text.DrawIconBack
                0x08004174       0x28 ./Core/Src/front_end.o
                0x08004174                DrawIconBack
 .text.DrawIconOk
                0x0800419c       0x28 ./Core/Src/front_end.o
                0x0800419c                DrawIconOk
 .text.DrawBackGround
                0x080041c4       0x28 ./Core/Src/front_end.o
                0x080041c4                DrawBackGround
 .text.OneDay   0x080041ec      0x208 ./Core/Src/front_end.o
                0x080041ec                OneDay
 .text.Screen0  0x080043f4       0x20 ./Core/Src/front_end.o
                0x080043f4                Screen0
 .text.Screen1  0x08004414      0x1f8 ./Core/Src/front_end.o
                0x08004414                Screen1
 .text.Screen2  0x0800460c      0x1ec ./Core/Src/front_end.o
                0x0800460c                Screen2
 .text.Screen3  0x080047f8      0x3a0 ./Core/Src/front_end.o
                0x080047f8                Screen3
 .text.lcdInit  0x08004b98      0x2e8 ./Core/Src/ili9341.o
                0x08004b98                lcdInit
 .text.lcdFillRGB
                0x08004e80       0x54 ./Core/Src/ili9341.o
                0x08004e80                lcdFillRGB
 .text.lcdDrawPixel
                0x08004ed4       0x48 ./Core/Src/ili9341.o
                0x08004ed4                lcdDrawPixel
 .text.lcdDrawHLine
                0x08004f1c       0x8c ./Core/Src/ili9341.o
                0x08004f1c                lcdDrawHLine
 .text.lcdDrawVLine
                0x08004fa8       0xa0 ./Core/Src/ili9341.o
                0x08004fa8                lcdDrawVLine
 .text.lcdDrawLine
                0x08005048      0x13c ./Core/Src/ili9341.o
                0x08005048                lcdDrawLine
 .text.lcdDrawRoundRect
                0x08005184      0x162 ./Core/Src/ili9341.o
                0x08005184                lcdDrawRoundRect
 .text.lcdDrawCircleHelper
                0x080052e6      0x188 ./Core/Src/ili9341.o
                0x080052e6                lcdDrawCircleHelper
 .text.lcdDrawCircle
                0x0800546e      0x1a8 ./Core/Src/ili9341.o
                0x0800546e                lcdDrawCircle
 .text.lcdFillCircle
                0x08005616       0x5c ./Core/Src/ili9341.o
                0x08005616                lcdFillCircle
 .text.lcdFillCircleHelper
                0x08005672      0x154 ./Core/Src/ili9341.o
                0x08005672                lcdFillCircleHelper
 *fill*         0x080057c6        0x2 
 .text.lcdFillRect
                0x080057c8       0xb8 ./Core/Src/ili9341.o
                0x080057c8                lcdFillRect
 .text.lcdFillRoundRect
                0x08005880       0xca ./Core/Src/ili9341.o
                0x08005880                lcdFillRoundRect
 *fill*         0x0800594a        0x2 
 .text.lcdDrawImage
                0x0800594c       0xa8 ./Core/Src/ili9341.o
                0x0800594c                lcdDrawImage
 .text.lcdDrawChar
                0x080059f4      0x154 ./Core/Src/ili9341.o
                0x080059f4                lcdDrawChar
 .text.lcdPrintf
                0x08005b48      0x118 ./Core/Src/ili9341.o
                0x08005b48                lcdPrintf
 .text.lcdSetTextFont
                0x08005c60       0x20 ./Core/Src/ili9341.o
                0x08005c60                lcdSetTextFont
 .text.lcdSetTextColor
                0x08005c80       0x2c ./Core/Src/ili9341.o
                0x08005c80                lcdSetTextColor
 .text.lcdSetOrientation
                0x08005cac       0xd4 ./Core/Src/ili9341.o
                0x08005cac                lcdSetOrientation
 .text.lcdSetCursor
                0x08005d80       0x34 ./Core/Src/ili9341.o
                0x08005d80                lcdSetCursor
 .text.lcdSetWindow
                0x08005db4       0x98 ./Core/Src/ili9341.o
                0x08005db4                lcdSetWindow
 .text.lcdDrawPixels
                0x08005e4c       0x58 ./Core/Src/ili9341.o
 .text.lcdReset
                0x08005ea4       0x14 ./Core/Src/ili9341.o
 .text.lcdWriteCommand
                0x08005eb8       0x20 ./Core/Src/ili9341.o
 .text.lcdWriteData
                0x08005ed8       0x20 ./Core/Src/ili9341.o
 .text.lcdBuildMemoryAccessControlConfig
                0x08005ef8       0x82 ./Core/Src/ili9341.o
 *fill*         0x08005f7a        0x2 
 .text.main     0x08005f7c       0x80 ./Core/Src/main.o
                0x08005f7c                main
 .text.SystemClock_Config
                0x08005ffc       0xd4 ./Core/Src/main.o
                0x08005ffc                SystemClock_Config
 .text.MX_SPI2_Init
                0x080060d0       0x6c ./Core/Src/main.o
 .text.MX_TIM2_Init
                0x0800613c       0x9c ./Core/Src/main.o
 .text.MX_USART1_UART_Init
                0x080061d8       0x54 ./Core/Src/main.o
 .text.MX_GPIO_Init
                0x0800622c      0x114 ./Core/Src/main.o
 .text.MX_FSMC_Init
                0x08006340       0xc0 ./Core/Src/main.o
 .text.HAL_TIM_PeriodElapsedCallback
                0x08006400       0x70 ./Core/Src/main.o
                0x08006400                HAL_TIM_PeriodElapsedCallback
 .text.Send_AT_Command
                0x08006470       0x74 ./Core/Src/main.o
                0x08006470                Send_AT_Command
 .text.Send_AT_Command1
                0x080064e4       0x48 ./Core/Src/main.o
                0x080064e4                Send_AT_Command1
 .text.Send_AT_Commands
                0x0800652c       0xe4 ./Core/Src/main.o
                0x0800652c                Send_AT_Commands
 .text.Resend_AT_Commands
                0x08006610       0xb4 ./Core/Src/main.o
                0x08006610                Resend_AT_Commands
 .text.HAL_UART_RxCpltCallback
                0x080066c4       0x30 ./Core/Src/main.o
                0x080066c4                HAL_UART_RxCpltCallback
 .text.extractJsonObject
                0x080066f4       0x80 ./Core/Src/main.o
                0x080066f4                extractJsonObject
 .text.processWeather
                0x08006774      0x4e0 ./Core/Src/main.o
                0x08006774                processWeather
 .text.RunProgram
                0x08006c54      0xd84 ./Core/Src/main.o
                0x08006c54                RunProgram
 .text.Error_Handler
                0x080079d8        0xc ./Core/Src/main.o
                0x080079d8                Error_Handler
 .text.HAL_MspInit
                0x080079e4       0x50 ./Core/Src/stm32f4xx_hal_msp.o
                0x080079e4                HAL_MspInit
 .text.HAL_SPI_MspInit
                0x08007a34       0x90 ./Core/Src/stm32f4xx_hal_msp.o
                0x08007a34                HAL_SPI_MspInit
 .text.HAL_TIM_Base_MspInit
                0x08007ac4       0x4c ./Core/Src/stm32f4xx_hal_msp.o
                0x08007ac4                HAL_TIM_Base_MspInit
 .text.HAL_UART_MspInit
                0x08007b10       0xa0 ./Core/Src/stm32f4xx_hal_msp.o
                0x08007b10                HAL_UART_MspInit
 .text.HAL_FSMC_MspInit
                0x08007bb0       0x98 ./Core/Src/stm32f4xx_hal_msp.o
 .text.HAL_SRAM_MspInit
                0x08007c48       0x14 ./Core/Src/stm32f4xx_hal_msp.o
                0x08007c48                HAL_SRAM_MspInit
 .text.NMI_Handler
                0x08007c5c        0x8 ./Core/Src/stm32f4xx_it.o
                0x08007c5c                NMI_Handler
 .text.HardFault_Handler
                0x08007c64        0x8 ./Core/Src/stm32f4xx_it.o
                0x08007c64                HardFault_Handler
 .text.MemManage_Handler
                0x08007c6c        0x8 ./Core/Src/stm32f4xx_it.o
                0x08007c6c                MemManage_Handler
 .text.BusFault_Handler
                0x08007c74        0x8 ./Core/Src/stm32f4xx_it.o
                0x08007c74                BusFault_Handler
 .text.UsageFault_Handler
                0x08007c7c        0x8 ./Core/Src/stm32f4xx_it.o
                0x08007c7c                UsageFault_Handler
 .text.SVC_Handler
                0x08007c84        0xe ./Core/Src/stm32f4xx_it.o
                0x08007c84                SVC_Handler
 .text.DebugMon_Handler
                0x08007c92        0xe ./Core/Src/stm32f4xx_it.o
                0x08007c92                DebugMon_Handler
 .text.PendSV_Handler
                0x08007ca0        0xe ./Core/Src/stm32f4xx_it.o
                0x08007ca0                PendSV_Handler
 .text.SysTick_Handler
                0x08007cae        0xc ./Core/Src/stm32f4xx_it.o
                0x08007cae                SysTick_Handler
 *fill*         0x08007cba        0x2 
 .text.TIM2_IRQHandler
                0x08007cbc       0x14 ./Core/Src/stm32f4xx_it.o
                0x08007cbc                TIM2_IRQHandler
 .text.USART1_IRQHandler
                0x08007cd0       0x14 ./Core/Src/stm32f4xx_it.o
                0x08007cd0                USART1_IRQHandler
 .text._getpid  0x08007ce4       0x10 ./Core/Src/syscalls.o
                0x08007ce4                _getpid
 .text._kill    0x08007cf4       0x20 ./Core/Src/syscalls.o
                0x08007cf4                _kill
 .text._exit    0x08007d14       0x16 ./Core/Src/syscalls.o
                0x08007d14                _exit
 .text._read    0x08007d2a       0x3a ./Core/Src/syscalls.o
                0x08007d2a                _read
 .text._write   0x08007d64       0x38 ./Core/Src/syscalls.o
                0x08007d64                _write
 .text._close   0x08007d9c       0x18 ./Core/Src/syscalls.o
                0x08007d9c                _close
 .text._fstat   0x08007db4       0x20 ./Core/Src/syscalls.o
                0x08007db4                _fstat
 .text._isatty  0x08007dd4       0x16 ./Core/Src/syscalls.o
                0x08007dd4                _isatty
 .text._lseek   0x08007dea       0x1a ./Core/Src/syscalls.o
                0x08007dea                _lseek
 .text._sbrk    0x08007e04       0x6c ./Core/Src/sysmem.o
                0x08007e04                _sbrk
 .text.SystemInit
                0x08007e70       0x24 ./Core/Src/system_stm32f4xx.o
                0x08007e70                SystemInit
 .text.SpiTransfer
                0x08007e94       0x2c ./Core/Src/touch.o
 .text.GetPointRaw
                0x08007ec0      0x250 ./Core/Src/touch.o
 .text.TouchIsTouched
                0x08008110       0x2c ./Core/Src/touch.o
                0x08008110                TouchIsTouched
 .text.TouchGetCalibratedPoint
                0x0800813c       0x8c ./Core/Src/touch.o
                0x0800813c                TouchGetCalibratedPoint
 .text.TouchCalibrate
                0x080081c8       0x5c ./Core/Src/touch.o
                0x080081c8                TouchCalibrate
 .text.Reset_Handler
                0x08008224       0x50 ./Core/Startup/startup_stm32f407vetx.o
                0x08008224                Reset_Handler
 .text.Default_Handler
                0x08008274        0x2 ./Core/Startup/startup_stm32f407vetx.o
                0x08008274                RTC_Alarm_IRQHandler
                0x08008274                HASH_RNG_IRQHandler
                0x08008274                EXTI2_IRQHandler
                0x08008274                TIM8_CC_IRQHandler
                0x08008274                TIM1_CC_IRQHandler
                0x08008274                DMA2_Stream5_IRQHandler
                0x08008274                DMA1_Stream5_IRQHandler
                0x08008274                PVD_IRQHandler
                0x08008274                SDIO_IRQHandler
                0x08008274                TAMP_STAMP_IRQHandler
                0x08008274                CAN2_RX1_IRQHandler
                0x08008274                EXTI3_IRQHandler
                0x08008274                TIM8_TRG_COM_TIM14_IRQHandler
                0x08008274                TIM1_UP_TIM10_IRQHandler
                0x08008274                TIM8_UP_TIM13_IRQHandler
                0x08008274                I2C3_ER_IRQHandler
                0x08008274                EXTI0_IRQHandler
                0x08008274                I2C2_EV_IRQHandler
                0x08008274                DMA1_Stream2_IRQHandler
                0x08008274                CAN1_RX0_IRQHandler
                0x08008274                FPU_IRQHandler
                0x08008274                OTG_HS_WKUP_IRQHandler
                0x08008274                CAN2_SCE_IRQHandler
                0x08008274                DMA2_Stream2_IRQHandler
                0x08008274                SPI1_IRQHandler
                0x08008274                TIM6_DAC_IRQHandler
                0x08008274                TIM1_BRK_TIM9_IRQHandler
                0x08008274                DCMI_IRQHandler
                0x08008274                CAN2_RX0_IRQHandler
                0x08008274                DMA2_Stream3_IRQHandler
                0x08008274                USART6_IRQHandler
                0x08008274                USART3_IRQHandler
                0x08008274                CAN1_RX1_IRQHandler
                0x08008274                UART5_IRQHandler
                0x08008274                DMA2_Stream0_IRQHandler
                0x08008274                TIM4_IRQHandler
                0x08008274                I2C1_EV_IRQHandler
                0x08008274                DMA1_Stream6_IRQHandler
                0x08008274                DMA1_Stream1_IRQHandler
                0x08008274                UART4_IRQHandler
                0x08008274                TIM3_IRQHandler
                0x08008274                RCC_IRQHandler
                0x08008274                TIM8_BRK_TIM12_IRQHandler
                0x08008274                Default_Handler
                0x08008274                EXTI15_10_IRQHandler
                0x08008274                ADC_IRQHandler
                0x08008274                DMA1_Stream7_IRQHandler
                0x08008274                TIM7_IRQHandler
                0x08008274                CAN2_TX_IRQHandler
                0x08008274                TIM5_IRQHandler
                0x08008274                DMA2_Stream7_IRQHandler
                0x08008274                I2C3_EV_IRQHandler
                0x08008274                EXTI9_5_IRQHandler
                0x08008274                RTC_WKUP_IRQHandler
                0x08008274                ETH_WKUP_IRQHandler
                0x08008274                SPI2_IRQHandler
                0x08008274                OTG_HS_EP1_IN_IRQHandler
                0x08008274                DMA1_Stream0_IRQHandler
                0x08008274                CAN1_TX_IRQHandler
                0x08008274                EXTI4_IRQHandler
                0x08008274                FSMC_IRQHandler
                0x08008274                ETH_IRQHandler
                0x08008274                OTG_HS_EP1_OUT_IRQHandler
                0x08008274                WWDG_IRQHandler
                0x08008274                OTG_FS_WKUP_IRQHandler
                0x08008274                TIM1_TRG_COM_TIM11_IRQHandler
                0x08008274                OTG_HS_IRQHandler
                0x08008274                EXTI1_IRQHandler
                0x08008274                USART2_IRQHandler
                0x08008274                I2C2_ER_IRQHandler
                0x08008274                DMA2_Stream1_IRQHandler
                0x08008274                CAN1_SCE_IRQHandler
                0x08008274                FLASH_IRQHandler
                0x08008274                DMA2_Stream4_IRQHandler
                0x08008274                OTG_FS_IRQHandler
                0x08008274                SPI3_IRQHandler
                0x08008274                DMA1_Stream4_IRQHandler
                0x08008274                I2C1_ER_IRQHandler
                0x08008274                DMA2_Stream6_IRQHandler
                0x08008274                DMA1_Stream3_IRQHandler
 *fill*         0x08008276        0x2 
 .text.HAL_Init
                0x08008278       0x44 ./Drivers/STM32F4xx_HAL_Driver/Src/stm32f4xx_hal.o
                0x08008278                HAL_Init
 .text.HAL_InitTick
                0x080082bc       0x60 ./Drivers/STM32F4xx_HAL_Driver/Src/stm32f4xx_hal.o
                0x080082bc                HAL_InitTick
 .text.HAL_IncTick
                0x0800831c       0x28 ./Drivers/STM32F4xx_HAL_Driver/Src/stm32f4xx_hal.o
                0x0800831c                HAL_IncTick
 .text.HAL_GetTick
                0x08008344       0x18 ./Drivers/STM32F4xx_HAL_Driver/Src/stm32f4xx_hal.o
                0x08008344                HAL_GetTick
 .text.HAL_Delay
                0x0800835c       0x48 ./Drivers/STM32F4xx_HAL_Driver/Src/stm32f4xx_hal.o
                0x0800835c                HAL_Delay
 .text.__NVIC_SetPriorityGrouping
                0x080083a4       0x48 ./Drivers/STM32F4xx_HAL_Driver/Src/stm32f4xx_hal_cortex.o
 .text.__NVIC_GetPriorityGrouping
                0x080083ec       0x1c ./Drivers/STM32F4xx_HAL_Driver/Src/stm32f4xx_hal_cortex.o
 .text.__NVIC_EnableIRQ
                0x08008408       0x3c ./Drivers/STM32F4xx_HAL_Driver/Src/stm32f4xx_hal_cortex.o
 .text.__NVIC_SetPriority
                0x08008444       0x54 ./Drivers/STM32F4xx_HAL_Driver/Src/stm32f4xx_hal_cortex.o
 .text.NVIC_EncodePriority
                0x08008498       0x66 ./Drivers/STM32F4xx_HAL_Driver/Src/stm32f4xx_hal_cortex.o
 *fill*         0x080084fe        0x2 
 .text.SysTick_Config
                0x08008500       0x44 ./Drivers/STM32F4xx_HAL_Driver/Src/stm32f4xx_hal_cortex.o
 .text.HAL_NVIC_SetPriorityGrouping
                0x08008544       0x16 ./Drivers/STM32F4xx_HAL_Driver/Src/stm32f4xx_hal_cortex.o
                0x08008544                HAL_NVIC_SetPriorityGrouping
 .text.HAL_NVIC_SetPriority
                0x0800855a       0x38 ./Drivers/STM32F4xx_HAL_Driver/Src/stm32f4xx_hal_cortex.o
                0x0800855a                HAL_NVIC_SetPriority
 .text.HAL_NVIC_EnableIRQ
                0x08008592       0x1c ./Drivers/STM32F4xx_HAL_Driver/Src/stm32f4xx_hal_cortex.o
                0x08008592                HAL_NVIC_EnableIRQ
 .text.HAL_SYSTICK_Config
                0x080085ae       0x18 ./Drivers/STM32F4xx_HAL_Driver/Src/stm32f4xx_hal_cortex.o
                0x080085ae                HAL_SYSTICK_Config
 .text.HAL_DMA_Abort
                0x080085c6       0xe0 ./Drivers/STM32F4xx_HAL_Driver/Src/stm32f4xx_hal_dma.o
                0x080085c6                HAL_DMA_Abort
 .text.HAL_DMA_Abort_IT
                0x080086a6       0x44 ./Drivers/STM32F4xx_HAL_Driver/Src/stm32f4xx_hal_dma.o
                0x080086a6                HAL_DMA_Abort_IT
 *fill*         0x080086ea        0x2 
 .text.HAL_GPIO_Init
                0x080086ec      0x338 ./Drivers/STM32F4xx_HAL_Driver/Src/stm32f4xx_hal_gpio.o
                0x080086ec                HAL_GPIO_Init
 .text.HAL_GPIO_ReadPin
                0x08008a24       0x30 ./Drivers/STM32F4xx_HAL_Driver/Src/stm32f4xx_hal_gpio.o
                0x08008a24                HAL_GPIO_ReadPin
 .text.HAL_GPIO_WritePin
                0x08008a54       0x32 ./Drivers/STM32F4xx_HAL_Driver/Src/stm32f4xx_hal_gpio.o
                0x08008a54                HAL_GPIO_WritePin
 *fill*         0x08008a86        0x2 
 .text.HAL_RCC_OscConfig
                0x08008a88      0x4f0 ./Drivers/STM32F4xx_HAL_Driver/Src/stm32f4xx_hal_rcc.o
                0x08008a88                HAL_RCC_OscConfig
 .text.HAL_RCC_ClockConfig
                0x08008f78      0x1cc ./Drivers/STM32F4xx_HAL_Driver/Src/stm32f4xx_hal_rcc.o
                0x08008f78                HAL_RCC_ClockConfig
 .text.HAL_RCC_GetSysClockFreq
                0x08009144      0x20c ./Drivers/STM32F4xx_HAL_Driver/Src/stm32f4xx_hal_rcc.o
                0x08009144                HAL_RCC_GetSysClockFreq
 .text.HAL_RCC_GetHCLKFreq
                0x08009350       0x18 ./Drivers/STM32F4xx_HAL_Driver/Src/stm32f4xx_hal_rcc.o
                0x08009350                HAL_RCC_GetHCLKFreq
 .text.HAL_RCC_GetPCLK1Freq
                0x08009368       0x28 ./Drivers/STM32F4xx_HAL_Driver/Src/stm32f4xx_hal_rcc.o
                0x08009368                HAL_RCC_GetPCLK1Freq
 .text.HAL_RCC_GetPCLK2Freq
                0x08009390       0x28 ./Drivers/STM32F4xx_HAL_Driver/Src/stm32f4xx_hal_rcc.o
                0x08009390                HAL_RCC_GetPCLK2Freq
 .text.HAL_SPI_Init
                0x080093b8      0x112 ./Drivers/STM32F4xx_HAL_Driver/Src/stm32f4xx_hal_spi.o
                0x080093b8                HAL_SPI_Init
 .text.HAL_SPI_TransmitReceive
                0x080094ca      0x352 ./Drivers/STM32F4xx_HAL_Driver/Src/stm32f4xx_hal_spi.o
                0x080094ca                HAL_SPI_TransmitReceive
 .text.SPI_WaitFlagStateUntilTimeout
                0x0800981c      0x110 ./Drivers/STM32F4xx_HAL_Driver/Src/stm32f4xx_hal_spi.o
 .text.SPI_EndRxTxTransaction
                0x0800992c       0xa8 ./Drivers/STM32F4xx_HAL_Driver/Src/stm32f4xx_hal_spi.o
 .text.HAL_SRAM_Init
                0x080099d4       0x90 ./Drivers/STM32F4xx_HAL_Driver/Src/stm32f4xx_hal_sram.o
                0x080099d4                HAL_SRAM_Init
 .text.HAL_TIM_Base_Init
                0x08009a64       0x9e ./Drivers/STM32F4xx_HAL_Driver/Src/stm32f4xx_hal_tim.o
                0x08009a64                HAL_TIM_Base_Init
 *fill*         0x08009b02        0x2 
 .text.HAL_TIM_Base_Start_IT
                0x08009b04       0xe0 ./Drivers/STM32F4xx_HAL_Driver/Src/stm32f4xx_hal_tim.o
                0x08009b04                HAL_TIM_Base_Start_IT
 .text.HAL_TIM_IRQHandler
                0x08009be4      0x1e0 ./Drivers/STM32F4xx_HAL_Driver/Src/stm32f4xx_hal_tim.o
                0x08009be4                HAL_TIM_IRQHandler
 .text.HAL_TIM_ConfigClockSource
                0x08009dc4      0x18e ./Drivers/STM32F4xx_HAL_Driver/Src/stm32f4xx_hal_tim.o
                0x08009dc4                HAL_TIM_ConfigClockSource
 .text.HAL_TIM_OC_DelayElapsedCallback
                0x08009f52       0x14 ./Drivers/STM32F4xx_HAL_Driver/Src/stm32f4xx_hal_tim.o
                0x08009f52                HAL_TIM_OC_DelayElapsedCallback
 .text.HAL_TIM_IC_CaptureCallback
                0x08009f66       0x14 ./Drivers/STM32F4xx_HAL_Driver/Src/stm32f4xx_hal_tim.o
                0x08009f66                HAL_TIM_IC_CaptureCallback
 .text.HAL_TIM_PWM_PulseFinishedCallback
                0x08009f7a       0x14 ./Drivers/STM32F4xx_HAL_Driver/Src/stm32f4xx_hal_tim.o
                0x08009f7a                HAL_TIM_PWM_PulseFinishedCallback
 .text.HAL_TIM_TriggerCallback
                0x08009f8e       0x14 ./Drivers/STM32F4xx_HAL_Driver/Src/stm32f4xx_hal_tim.o
                0x08009f8e                HAL_TIM_TriggerCallback
 *fill*         0x08009fa2        0x2 
 .text.TIM_Base_SetConfig
                0x08009fa4      0x158 ./Drivers/STM32F4xx_HAL_Driver/Src/stm32f4xx_hal_tim.o
                0x08009fa4                TIM_Base_SetConfig
 .text.TIM_TI1_ConfigInputStage
                0x0800a0fc       0x5e ./Drivers/STM32F4xx_HAL_Driver/Src/stm32f4xx_hal_tim.o
 .text.TIM_TI2_ConfigInputStage
                0x0800a15a       0x60 ./Drivers/STM32F4xx_HAL_Driver/Src/stm32f4xx_hal_tim.o
 .text.TIM_ITRx_SetConfig
                0x0800a1ba       0x36 ./Drivers/STM32F4xx_HAL_Driver/Src/stm32f4xx_hal_tim.o
 .text.TIM_ETR_SetConfig
                0x0800a1f0       0x40 ./Drivers/STM32F4xx_HAL_Driver/Src/stm32f4xx_hal_tim.o
                0x0800a1f0                TIM_ETR_SetConfig
 .text.HAL_TIMEx_MasterConfigSynchronization
                0x0800a230       0xf8 ./Drivers/STM32F4xx_HAL_Driver/Src/stm32f4xx_hal_tim_ex.o
                0x0800a230                HAL_TIMEx_MasterConfigSynchronization
 .text.HAL_TIMEx_CommutCallback
                0x0800a328       0x14 ./Drivers/STM32F4xx_HAL_Driver/Src/stm32f4xx_hal_tim_ex.o
                0x0800a328                HAL_TIMEx_CommutCallback
 .text.HAL_TIMEx_BreakCallback
                0x0800a33c       0x14 ./Drivers/STM32F4xx_HAL_Driver/Src/stm32f4xx_hal_tim_ex.o
                0x0800a33c                HAL_TIMEx_BreakCallback
 .text.HAL_UART_Init
                0x0800a350       0xa0 ./Drivers/STM32F4xx_HAL_Driver/Src/stm32f4xx_hal_uart.o
                0x0800a350                HAL_UART_Init
 .text.HAL_UART_Transmit
                0x0800a3f0      0x116 ./Drivers/STM32F4xx_HAL_Driver/Src/stm32f4xx_hal_uart.o
                0x0800a3f0                HAL_UART_Transmit
 .text.HAL_UART_Receive
                0x0800a506      0x12e ./Drivers/STM32F4xx_HAL_Driver/Src/stm32f4xx_hal_uart.o
                0x0800a506                HAL_UART_Receive
 .text.HAL_UART_Receive_IT
                0x0800a634       0x4a ./Drivers/STM32F4xx_HAL_Driver/Src/stm32f4xx_hal_uart.o
                0x0800a634                HAL_UART_Receive_IT
 *fill*         0x0800a67e        0x2 
 .text.HAL_UART_IRQHandler
                0x0800a680      0x524 ./Drivers/STM32F4xx_HAL_Driver/Src/stm32f4xx_hal_uart.o
                0x0800a680                HAL_UART_IRQHandler
 .text.HAL_UART_TxCpltCallback
                0x0800aba4       0x14 ./Drivers/STM32F4xx_HAL_Driver/Src/stm32f4xx_hal_uart.o
                0x0800aba4                HAL_UART_TxCpltCallback
 .text.HAL_UART_ErrorCallback
                0x0800abb8       0x14 ./Drivers/STM32F4xx_HAL_Driver/Src/stm32f4xx_hal_uart.o
                0x0800abb8                HAL_UART_ErrorCallback
 .text.HAL_UARTEx_RxEventCallback
                0x0800abcc       0x18 ./Drivers/STM32F4xx_HAL_Driver/Src/stm32f4xx_hal_uart.o
                0x0800abcc                HAL_UARTEx_RxEventCallback
 .text.UART_WaitOnFlagUntilTimeout
                0x0800abe4       0xb2 ./Drivers/STM32F4xx_HAL_Driver/Src/stm32f4xx_hal_uart.o
 .text.UART_Start_Receive_IT
                0x0800ac96       0x74 ./Drivers/STM32F4xx_HAL_Driver/Src/stm32f4xx_hal_uart.o
                0x0800ac96                UART_Start_Receive_IT
 .text.UART_EndRxTransfer
                0x0800ad0a       0xc6 ./Drivers/STM32F4xx_HAL_Driver/Src/stm32f4xx_hal_uart.o
 .text.UART_DMAAbortOnError
                0x0800add0       0x28 ./Drivers/STM32F4xx_HAL_Driver/Src/stm32f4xx_hal_uart.o
 .text.UART_Transmit_IT
                0x0800adf8       0xa0 ./Drivers/STM32F4xx_HAL_Driver/Src/stm32f4xx_hal_uart.o
 .text.UART_EndTransmit_IT
                0x0800ae98       0x30 ./Drivers/STM32F4xx_HAL_Driver/Src/stm32f4xx_hal_uart.o
 .text.UART_Receive_IT
                0x0800aec8      0x17c ./Drivers/STM32F4xx_HAL_Driver/Src/stm32f4xx_hal_uart.o
 .text.UART_SetConfig
                0x0800b044      0x4e8 ./Drivers/STM32F4xx_HAL_Driver/Src/stm32f4xx_hal_uart.o
 .text.FSMC_NORSRAM_Init
                0x0800b52c       0xd4 ./Drivers/STM32F4xx_HAL_Driver/Src/stm32f4xx_ll_fsmc.o
                0x0800b52c                FSMC_NORSRAM_Init
 .text.FSMC_NORSRAM_Timing_Init
                0x0800b600       0x6a ./Drivers/STM32F4xx_HAL_Driver/Src/stm32f4xx_ll_fsmc.o
                0x0800b600                FSMC_NORSRAM_Timing_Init
 *fill*         0x0800b66a        0x2 
 .text.FSMC_NORSRAM_Extended_Timing_Init
                0x0800b66c       0x70 ./Drivers/STM32F4xx_HAL_Driver/Src/stm32f4xx_ll_fsmc.o
                0x0800b66c                FSMC_NORSRAM_Extended_Timing_Init
 .text.malloc   0x0800b6dc       0x10 C:/ST/STM32CubeIDE_1.16.1/STM32CubeIDE/plugins/com.st.stm32cube.ide.mcu.externaltools.gnu-tools-for-stm32.12.3.rel1.win32_1.0.200.202406191623/tools/bin/../lib/gcc/arm-none-eabi/12.3.1/../../../../arm-none-eabi/lib/thumb/v7e-m+fp/hard\libc_nano.a(libc_a-malloc.o)
                0x0800b6dc                malloc
 .text.free     0x0800b6ec       0x10 C:/ST/STM32CubeIDE_1.16.1/STM32CubeIDE/plugins/com.st.stm32cube.ide.mcu.externaltools.gnu-tools-for-stm32.12.3.rel1.win32_1.0.200.202406191623/tools/bin/../lib/gcc/arm-none-eabi/12.3.1/../../../../arm-none-eabi/lib/thumb/v7e-m+fp/hard\libc_nano.a(libc_a-malloc.o)
                0x0800b6ec                free
 .text.sbrk_aligned
                0x0800b6fc       0x44 C:/ST/STM32CubeIDE_1.16.1/STM32CubeIDE/plugins/com.st.stm32cube.ide.mcu.externaltools.gnu-tools-for-stm32.12.3.rel1.win32_1.0.200.202406191623/tools/bin/../lib/gcc/arm-none-eabi/12.3.1/../../../../arm-none-eabi/lib/thumb/v7e-m+fp/hard\libc_nano.a(libc_a-mallocr.o)
 .text._malloc_r
                0x0800b740      0x100 C:/ST/STM32CubeIDE_1.16.1/STM32CubeIDE/plugins/com.st.stm32cube.ide.mcu.externaltools.gnu-tools-for-stm32.12.3.rel1.win32_1.0.200.202406191623/tools/bin/../lib/gcc/arm-none-eabi/12.3.1/../../../../arm-none-eabi/lib/thumb/v7e-m+fp/hard\libc_nano.a(libc_a-mallocr.o)
                0x0800b740                _malloc_r
 .text.__malloc_lock
                0x0800b840        0xc C:/ST/STM32CubeIDE_1.16.1/STM32CubeIDE/plugins/com.st.stm32cube.ide.mcu.externaltools.gnu-tools-for-stm32.12.3.rel1.win32_1.0.200.202406191623/tools/bin/../lib/gcc/arm-none-eabi/12.3.1/../../../../arm-none-eabi/lib/thumb/v7e-m+fp/hard\libc_nano.a(libc_a-mlock.o)
                0x0800b840                __malloc_lock
 .text.__malloc_unlock
                0x0800b84c        0xc C:/ST/STM32CubeIDE_1.16.1/STM32CubeIDE/plugins/com.st.stm32cube.ide.mcu.externaltools.gnu-tools-for-stm32.12.3.rel1.win32_1.0.200.202406191623/tools/bin/../lib/gcc/arm-none-eabi/12.3.1/../../../../arm-none-eabi/lib/thumb/v7e-m+fp/hard\libc_nano.a(libc_a-mlock.o)
                0x0800b84c                __malloc_unlock
 .text.realloc  0x0800b858       0x10 C:/ST/STM32CubeIDE_1.16.1/STM32CubeIDE/plugins/com.st.stm32cube.ide.mcu.externaltools.gnu-tools-for-stm32.12.3.rel1.win32_1.0.200.202406191623/tools/bin/../lib/gcc/arm-none-eabi/12.3.1/../../../../arm-none-eabi/lib/thumb/v7e-m+fp/hard\libc_nano.a(libc_a-realloc.o)
                0x0800b858                realloc
 .text._realloc_r
                0x0800b868       0x5c C:/ST/STM32CubeIDE_1.16.1/STM32CubeIDE/plugins/com.st.stm32cube.ide.mcu.externaltools.gnu-tools-for-stm32.12.3.rel1.win32_1.0.200.202406191623/tools/bin/../lib/gcc/arm-none-eabi/12.3.1/../../../../arm-none-eabi/lib/thumb/v7e-m+fp/hard\libc_nano.a(libc_a-reallocr.o)
                0x0800b868                _realloc_r
 .text.sulp     0x0800b8c4       0x3c C:/ST/STM32CubeIDE_1.16.1/STM32CubeIDE/plugins/com.st.stm32cube.ide.mcu.externaltools.gnu-tools-for-stm32.12.3.rel1.win32_1.0.200.202406191623/tools/bin/../lib/gcc/arm-none-eabi/12.3.1/../../../../arm-none-eabi/lib/thumb/v7e-m+fp/hard\libc_nano.a(libc_a-strtod.o)
 .text._strtod_l
                0x0800b900      0xbc8 C:/ST/STM32CubeIDE_1.16.1/STM32CubeIDE/plugins/com.st.stm32cube.ide.mcu.externaltools.gnu-tools-for-stm32.12.3.rel1.win32_1.0.200.202406191623/tools/bin/../lib/gcc/arm-none-eabi/12.3.1/../../../../arm-none-eabi/lib/thumb/v7e-m+fp/hard\libc_nano.a(libc_a-strtod.o)
                0x0800b900                _strtod_l
 .text.strtod   0x0800c4c8       0x18 C:/ST/STM32CubeIDE_1.16.1/STM32CubeIDE/plugins/com.st.stm32cube.ide.mcu.externaltools.gnu-tools-for-stm32.12.3.rel1.win32_1.0.200.202406191623/tools/bin/../lib/gcc/arm-none-eabi/12.3.1/../../../../arm-none-eabi/lib/thumb/v7e-m+fp/hard\libc_nano.a(libc_a-strtod.o)
                0x0800c4c8                strtod
 .text.std      0x0800c4e0       0x6c C:/ST/STM32CubeIDE_1.16.1/STM32CubeIDE/plugins/com.st.stm32cube.ide.mcu.externaltools.gnu-tools-for-stm32.12.3.rel1.win32_1.0.200.202406191623/tools/bin/../lib/gcc/arm-none-eabi/12.3.1/../../../../arm-none-eabi/lib/thumb/v7e-m+fp/hard\libc_nano.a(libc_a-findfp.o)
 .text.stdio_exit_handler
                0x0800c54c       0x18 C:/ST/STM32CubeIDE_1.16.1/STM32CubeIDE/plugins/com.st.stm32cube.ide.mcu.externaltools.gnu-tools-for-stm32.12.3.rel1.win32_1.0.200.202406191623/tools/bin/../lib/gcc/arm-none-eabi/12.3.1/../../../../arm-none-eabi/lib/thumb/v7e-m+fp/hard\libc_nano.a(libc_a-findfp.o)
 .text.cleanup_stdio
                0x0800c564       0x40 C:/ST/STM32CubeIDE_1.16.1/STM32CubeIDE/plugins/com.st.stm32cube.ide.mcu.externaltools.gnu-tools-for-stm32.12.3.rel1.win32_1.0.200.202406191623/tools/bin/../lib/gcc/arm-none-eabi/12.3.1/../../../../arm-none-eabi/lib/thumb/v7e-m+fp/hard\libc_nano.a(libc_a-findfp.o)
 .text.global_stdio_init.part.0
                0x0800c5a4       0x3c C:/ST/STM32CubeIDE_1.16.1/STM32CubeIDE/plugins/com.st.stm32cube.ide.mcu.externaltools.gnu-tools-for-stm32.12.3.rel1.win32_1.0.200.202406191623/tools/bin/../lib/gcc/arm-none-eabi/12.3.1/../../../../arm-none-eabi/lib/thumb/v7e-m+fp/hard\libc_nano.a(libc_a-findfp.o)
 .text.__sfp_lock_acquire
                0x0800c5e0        0xc C:/ST/STM32CubeIDE_1.16.1/STM32CubeIDE/plugins/com.st.stm32cube.ide.mcu.externaltools.gnu-tools-for-stm32.12.3.rel1.win32_1.0.200.202406191623/tools/bin/../lib/gcc/arm-none-eabi/12.3.1/../../../../arm-none-eabi/lib/thumb/v7e-m+fp/hard\libc_nano.a(libc_a-findfp.o)
                0x0800c5e0                __sfp_lock_acquire
 .text.__sfp_lock_release
                0x0800c5ec        0xc C:/ST/STM32CubeIDE_1.16.1/STM32CubeIDE/plugins/com.st.stm32cube.ide.mcu.externaltools.gnu-tools-for-stm32.12.3.rel1.win32_1.0.200.202406191623/tools/bin/../lib/gcc/arm-none-eabi/12.3.1/../../../../arm-none-eabi/lib/thumb/v7e-m+fp/hard\libc_nano.a(libc_a-findfp.o)
                0x0800c5ec                __sfp_lock_release
 .text.__sinit  0x0800c5f8       0x30 C:/ST/STM32CubeIDE_1.16.1/STM32CubeIDE/plugins/com.st.stm32cube.ide.mcu.externaltools.gnu-tools-for-stm32.12.3.rel1.win32_1.0.200.202406191623/tools/bin/../lib/gcc/arm-none-eabi/12.3.1/../../../../arm-none-eabi/lib/thumb/v7e-m+fp/hard\libc_nano.a(libc_a-findfp.o)
                0x0800c5f8                __sinit
 .text._fwalk_sglue
                0x0800c628       0x3c C:/ST/STM32CubeIDE_1.16.1/STM32CubeIDE/plugins/com.st.stm32cube.ide.mcu.externaltools.gnu-tools-for-stm32.12.3.rel1.win32_1.0.200.202406191623/tools/bin/../lib/gcc/arm-none-eabi/12.3.1/../../../../arm-none-eabi/lib/thumb/v7e-m+fp/hard\libc_nano.a(libc_a-fwalk.o)
                0x0800c628                _fwalk_sglue
 .text.snprintf
                0x0800c664       0x68 C:/ST/STM32CubeIDE_1.16.1/STM32CubeIDE/plugins/com.st.stm32cube.ide.mcu.externaltools.gnu-tools-for-stm32.12.3.rel1.win32_1.0.200.202406191623/tools/bin/../lib/gcc/arm-none-eabi/12.3.1/../../../../arm-none-eabi/lib/thumb/v7e-m+fp/hard\libc_nano.a(libc_a-snprintf.o)
                0x0800c664                sniprintf
                0x0800c664                snprintf
 .text.sscanf   0x0800c6cc       0x54 C:/ST/STM32CubeIDE_1.16.1/STM32CubeIDE/plugins/com.st.stm32cube.ide.mcu.externaltools.gnu-tools-for-stm32.12.3.rel1.win32_1.0.200.202406191623/tools/bin/../lib/gcc/arm-none-eabi/12.3.1/../../../../arm-none-eabi/lib/thumb/v7e-m+fp/hard\libc_nano.a(libc_a-sscanf.o)
                0x0800c6cc                siscanf
                0x0800c6cc                sscanf
 .text.__sread  0x0800c720       0x22 C:/ST/STM32CubeIDE_1.16.1/STM32CubeIDE/plugins/com.st.stm32cube.ide.mcu.externaltools.gnu-tools-for-stm32.12.3.rel1.win32_1.0.200.202406191623/tools/bin/../lib/gcc/arm-none-eabi/12.3.1/../../../../arm-none-eabi/lib/thumb/v7e-m+fp/hard\libc_nano.a(libc_a-stdio.o)
                0x0800c720                __sread
 .text.__seofread
                0x0800c742        0x4 C:/ST/STM32CubeIDE_1.16.1/STM32CubeIDE/plugins/com.st.stm32cube.ide.mcu.externaltools.gnu-tools-for-stm32.12.3.rel1.win32_1.0.200.202406191623/tools/bin/../lib/gcc/arm-none-eabi/12.3.1/../../../../arm-none-eabi/lib/thumb/v7e-m+fp/hard\libc_nano.a(libc_a-stdio.o)
                0x0800c742                __seofread
 .text.__swrite
                0x0800c746       0x38 C:/ST/STM32CubeIDE_1.16.1/STM32CubeIDE/plugins/com.st.stm32cube.ide.mcu.externaltools.gnu-tools-for-stm32.12.3.rel1.win32_1.0.200.202406191623/tools/bin/../lib/gcc/arm-none-eabi/12.3.1/../../../../arm-none-eabi/lib/thumb/v7e-m+fp/hard\libc_nano.a(libc_a-stdio.o)
                0x0800c746                __swrite
 .text.__sseek  0x0800c77e       0x24 C:/ST/STM32CubeIDE_1.16.1/STM32CubeIDE/plugins/com.st.stm32cube.ide.mcu.externaltools.gnu-tools-for-stm32.12.3.rel1.win32_1.0.200.202406191623/tools/bin/../lib/gcc/arm-none-eabi/12.3.1/../../../../arm-none-eabi/lib/thumb/v7e-m+fp/hard\libc_nano.a(libc_a-stdio.o)
                0x0800c77e                __sseek
 .text.__sclose
                0x0800c7a2        0x8 C:/ST/STM32CubeIDE_1.16.1/STM32CubeIDE/plugins/com.st.stm32cube.ide.mcu.externaltools.gnu-tools-for-stm32.12.3.rel1.win32_1.0.200.202406191623/tools/bin/../lib/gcc/arm-none-eabi/12.3.1/../../../../arm-none-eabi/lib/thumb/v7e-m+fp/hard\libc_nano.a(libc_a-stdio.o)
                0x0800c7a2                __sclose
 *fill*         0x0800c7aa        0x2 
 .text._vsprintf_r
                0x0800c7ac       0x2c C:/ST/STM32CubeIDE_1.16.1/STM32CubeIDE/plugins/com.st.stm32cube.ide.mcu.externaltools.gnu-tools-for-stm32.12.3.rel1.win32_1.0.200.202406191623/tools/bin/../lib/gcc/arm-none-eabi/12.3.1/../../../../arm-none-eabi/lib/thumb/v7e-m+fp/hard\libc_nano.a(libc_a-vsprintf.o)
                0x0800c7ac                _vsprintf_r
                0x0800c7ac                _vsiprintf_r
 .text.vsprintf
                0x0800c7d8       0x14 C:/ST/STM32CubeIDE_1.16.1/STM32CubeIDE/plugins/com.st.stm32cube.ide.mcu.externaltools.gnu-tools-for-stm32.12.3.rel1.win32_1.0.200.202406191623/tools/bin/../lib/gcc/arm-none-eabi/12.3.1/../../../../arm-none-eabi/lib/thumb/v7e-m+fp/hard\libc_nano.a(libc_a-vsprintf.o)
                0x0800c7d8                vsiprintf
                0x0800c7d8                vsprintf
 .text.memset   0x0800c7ec       0x10 C:/ST/STM32CubeIDE_1.16.1/STM32CubeIDE/plugins/com.st.stm32cube.ide.mcu.externaltools.gnu-tools-for-stm32.12.3.rel1.win32_1.0.200.202406191623/tools/bin/../lib/gcc/arm-none-eabi/12.3.1/../../../../arm-none-eabi/lib/thumb/v7e-m+fp/hard\libc_nano.a(libc_a-memset.o)
                0x0800c7ec                memset
 .text.strncat  0x0800c7fc       0x26 C:/ST/STM32CubeIDE_1.16.1/STM32CubeIDE/plugins/com.st.stm32cube.ide.mcu.externaltools.gnu-tools-for-stm32.12.3.rel1.win32_1.0.200.202406191623/tools/bin/../lib/gcc/arm-none-eabi/12.3.1/../../../../arm-none-eabi/lib/thumb/v7e-m+fp/hard\libc_nano.a(libc_a-strncat.o)
                0x0800c7fc                strncat
 .text.strncmp  0x0800c822       0x24 C:/ST/STM32CubeIDE_1.16.1/STM32CubeIDE/plugins/com.st.stm32cube.ide.mcu.externaltools.gnu-tools-for-stm32.12.3.rel1.win32_1.0.200.202406191623/tools/bin/../lib/gcc/arm-none-eabi/12.3.1/../../../../arm-none-eabi/lib/thumb/v7e-m+fp/hard\libc_nano.a(libc_a-strncmp.o)
                0x0800c822                strncmp
 .text.strncpy  0x0800c846       0x26 C:/ST/STM32CubeIDE_1.16.1/STM32CubeIDE/plugins/com.st.stm32cube.ide.mcu.externaltools.gnu-tools-for-stm32.12.3.rel1.win32_1.0.200.202406191623/tools/bin/../lib/gcc/arm-none-eabi/12.3.1/../../../../arm-none-eabi/lib/thumb/v7e-m+fp/hard\libc_nano.a(libc_a-strncpy.o)
                0x0800c846                strncpy
 .text.strrchr  0x0800c86c       0x2c C:/ST/STM32CubeIDE_1.16.1/STM32CubeIDE/plugins/com.st.stm32cube.ide.mcu.externaltools.gnu-tools-for-stm32.12.3.rel1.win32_1.0.200.202406191623/tools/bin/../lib/gcc/arm-none-eabi/12.3.1/../../../../arm-none-eabi/lib/thumb/v7e-m+fp/hard\libc_nano.a(libc_a-strrchr.o)
                0x0800c86c                strrchr
 .text.strstr   0x0800c898       0x2c C:/ST/STM32CubeIDE_1.16.1/STM32CubeIDE/plugins/com.st.stm32cube.ide.mcu.externaltools.gnu-tools-for-stm32.12.3.rel1.win32_1.0.200.202406191623/tools/bin/../lib/gcc/arm-none-eabi/12.3.1/../../../../arm-none-eabi/lib/thumb/v7e-m+fp/hard\libc_nano.a(libc_a-strstr.o)
                0x0800c898                strstr
 .text._close_r
                0x0800c8c4       0x20 C:/ST/STM32CubeIDE_1.16.1/STM32CubeIDE/plugins/com.st.stm32cube.ide.mcu.externaltools.gnu-tools-for-stm32.12.3.rel1.win32_1.0.200.202406191623/tools/bin/../lib/gcc/arm-none-eabi/12.3.1/../../../../arm-none-eabi/lib/thumb/v7e-m+fp/hard\libc_nano.a(libc_a-closer.o)
                0x0800c8c4                _close_r
 .text._lseek_r
                0x0800c8e4       0x24 C:/ST/STM32CubeIDE_1.16.1/STM32CubeIDE/plugins/com.st.stm32cube.ide.mcu.externaltools.gnu-tools-for-stm32.12.3.rel1.win32_1.0.200.202406191623/tools/bin/../lib/gcc/arm-none-eabi/12.3.1/../../../../arm-none-eabi/lib/thumb/v7e-m+fp/hard\libc_nano.a(libc_a-lseekr.o)
                0x0800c8e4                _lseek_r
 .text._read_r  0x0800c908       0x24 C:/ST/STM32CubeIDE_1.16.1/STM32CubeIDE/plugins/com.st.stm32cube.ide.mcu.externaltools.gnu-tools-for-stm32.12.3.rel1.win32_1.0.200.202406191623/tools/bin/../lib/gcc/arm-none-eabi/12.3.1/../../../../arm-none-eabi/lib/thumb/v7e-m+fp/hard\libc_nano.a(libc_a-readr.o)
                0x0800c908                _read_r
 .text._sbrk_r  0x0800c92c       0x20 C:/ST/STM32CubeIDE_1.16.1/STM32CubeIDE/plugins/com.st.stm32cube.ide.mcu.externaltools.gnu-tools-for-stm32.12.3.rel1.win32_1.0.200.202406191623/tools/bin/../lib/gcc/arm-none-eabi/12.3.1/../../../../arm-none-eabi/lib/thumb/v7e-m+fp/hard\libc_nano.a(libc_a-sbrkr.o)
                0x0800c92c                _sbrk_r
 .text._write_r
                0x0800c94c       0x24 C:/ST/STM32CubeIDE_1.16.1/STM32CubeIDE/plugins/com.st.stm32cube.ide.mcu.externaltools.gnu-tools-for-stm32.12.3.rel1.win32_1.0.200.202406191623/tools/bin/../lib/gcc/arm-none-eabi/12.3.1/../../../../arm-none-eabi/lib/thumb/v7e-m+fp/hard\libc_nano.a(libc_a-writer.o)
                0x0800c94c                _write_r
 .text.__errno  0x0800c970        0xc C:/ST/STM32CubeIDE_1.16.1/STM32CubeIDE/plugins/com.st.stm32cube.ide.mcu.externaltools.gnu-tools-for-stm32.12.3.rel1.win32_1.0.200.202406191623/tools/bin/../lib/gcc/arm-none-eabi/12.3.1/../../../../arm-none-eabi/lib/thumb/v7e-m+fp/hard\libc_nano.a(libc_a-errno.o)
                0x0800c970                __errno
 .text.__libc_init_array
                0x0800c97c       0x48 C:/ST/STM32CubeIDE_1.16.1/STM32CubeIDE/plugins/com.st.stm32cube.ide.mcu.externaltools.gnu-tools-for-stm32.12.3.rel1.win32_1.0.200.202406191623/tools/bin/../lib/gcc/arm-none-eabi/12.3.1/../../../../arm-none-eabi/lib/thumb/v7e-m+fp/hard\libc_nano.a(libc_a-init.o)
                0x0800c97c                __libc_init_array
 .text.__retarget_lock_init_recursive
                0x0800c9c4        0x2 C:/ST/STM32CubeIDE_1.16.1/STM32CubeIDE/plugins/com.st.stm32cube.ide.mcu.externaltools.gnu-tools-for-stm32.12.3.rel1.win32_1.0.200.202406191623/tools/bin/../lib/gcc/arm-none-eabi/12.3.1/../../../../arm-none-eabi/lib/thumb/v7e-m+fp/hard\libc_nano.a(libc_a-lock.o)
                0x0800c9c4                __retarget_lock_init_recursive
 .text.__retarget_lock_acquire_recursive
                0x0800c9c6        0x2 C:/ST/STM32CubeIDE_1.16.1/STM32CubeIDE/plugins/com.st.stm32cube.ide.mcu.externaltools.gnu-tools-for-stm32.12.3.rel1.win32_1.0.200.202406191623/tools/bin/../lib/gcc/arm-none-eabi/12.3.1/../../../../arm-none-eabi/lib/thumb/v7e-m+fp/hard\libc_nano.a(libc_a-lock.o)
                0x0800c9c6                __retarget_lock_acquire_recursive
 .text.__retarget_lock_release_recursive
                0x0800c9c8        0x2 C:/ST/STM32CubeIDE_1.16.1/STM32CubeIDE/plugins/com.st.stm32cube.ide.mcu.externaltools.gnu-tools-for-stm32.12.3.rel1.win32_1.0.200.202406191623/tools/bin/../lib/gcc/arm-none-eabi/12.3.1/../../../../arm-none-eabi/lib/thumb/v7e-m+fp/hard\libc_nano.a(libc_a-lock.o)
                0x0800c9c8                __retarget_lock_release_recursive
 .text.memcpy   0x0800c9ca       0x1c C:/ST/STM32CubeIDE_1.16.1/STM32CubeIDE/plugins/com.st.stm32cube.ide.mcu.externaltools.gnu-tools-for-stm32.12.3.rel1.win32_1.0.200.202406191623/tools/bin/../lib/gcc/arm-none-eabi/12.3.1/../../../../arm-none-eabi/lib/thumb/v7e-m+fp/hard\libc_nano.a(libc_a-memcpy-stub.o)
                0x0800c9ca                memcpy
 *fill*         0x0800c9e6        0x2 
 .text.nan      0x0800c9e8       0x10 C:/ST/STM32CubeIDE_1.16.1/STM32CubeIDE/plugins/com.st.stm32cube.ide.mcu.externaltools.gnu-tools-for-stm32.12.3.rel1.win32_1.0.200.202406191623/tools/bin/../lib/gcc/arm-none-eabi/12.3.1/../../../../arm-none-eabi/lib/thumb/v7e-m+fp/hard\libc_nano.a(libm_a-s_nan.o)
                0x0800c9e8                nan
 .text._free_r  0x0800c9f8       0x94 C:/ST/STM32CubeIDE_1.16.1/STM32CubeIDE/plugins/com.st.stm32cube.ide.mcu.externaltools.gnu-tools-for-stm32.12.3.rel1.win32_1.0.200.202406191623/tools/bin/../lib/gcc/arm-none-eabi/12.3.1/../../../../arm-none-eabi/lib/thumb/v7e-m+fp/hard\libc_nano.a(libc_a-freer.o)
                0x0800c9f8                _free_r
 .text.rshift   0x0800ca8c       0xa4 C:/ST/STM32CubeIDE_1.16.1/STM32CubeIDE/plugins/com.st.stm32cube.ide.mcu.externaltools.gnu-tools-for-stm32.12.3.rel1.win32_1.0.200.202406191623/tools/bin/../lib/gcc/arm-none-eabi/12.3.1/../../../../arm-none-eabi/lib/thumb/v7e-m+fp/hard\libc_nano.a(libc_a-gdtoa-gethex.o)
 .text.__hexdig_fun
                0x0800cb30       0x2a C:/ST/STM32CubeIDE_1.16.1/STM32CubeIDE/plugins/com.st.stm32cube.ide.mcu.externaltools.gnu-tools-for-stm32.12.3.rel1.win32_1.0.200.202406191623/tools/bin/../lib/gcc/arm-none-eabi/12.3.1/../../../../arm-none-eabi/lib/thumb/v7e-m+fp/hard\libc_nano.a(libc_a-gdtoa-gethex.o)
                0x0800cb30                __hexdig_fun
 *fill*         0x0800cb5a        0x2 
 .text.__gethex
                0x0800cb5c      0x420 C:/ST/STM32CubeIDE_1.16.1/STM32CubeIDE/plugins/com.st.stm32cube.ide.mcu.externaltools.gnu-tools-for-stm32.12.3.rel1.win32_1.0.200.202406191623/tools/bin/../lib/gcc/arm-none-eabi/12.3.1/../../../../arm-none-eabi/lib/thumb/v7e-m+fp/hard\libc_nano.a(libc_a-gdtoa-gethex.o)
                0x0800cb5c                __gethex
 .text.L_shift  0x0800cf7c       0x24 C:/ST/STM32CubeIDE_1.16.1/STM32CubeIDE/plugins/com.st.stm32cube.ide.mcu.externaltools.gnu-tools-for-stm32.12.3.rel1.win32_1.0.200.202406191623/tools/bin/../lib/gcc/arm-none-eabi/12.3.1/../../../../arm-none-eabi/lib/thumb/v7e-m+fp/hard\libc_nano.a(libc_a-gdtoa-hexnan.o)
 .text.__match  0x0800cfa0       0x28 C:/ST/STM32CubeIDE_1.16.1/STM32CubeIDE/plugins/com.st.stm32cube.ide.mcu.externaltools.gnu-tools-for-stm32.12.3.rel1.win32_1.0.200.202406191623/tools/bin/../lib/gcc/arm-none-eabi/12.3.1/../../../../arm-none-eabi/lib/thumb/v7e-m+fp/hard\libc_nano.a(libc_a-gdtoa-hexnan.o)
                0x0800cfa0                __match
 .text.__hexnan
                0x0800cfc8      0x136 C:/ST/STM32CubeIDE_1.16.1/STM32CubeIDE/plugins/com.st.stm32cube.ide.mcu.externaltools.gnu-tools-for-stm32.12.3.rel1.win32_1.0.200.202406191623/tools/bin/../lib/gcc/arm-none-eabi/12.3.1/../../../../arm-none-eabi/lib/thumb/v7e-m+fp/hard\libc_nano.a(libc_a-gdtoa-hexnan.o)
                0x0800cfc8                __hexnan
 .text.__ascii_mbtowc
                0x0800d0fe       0x24 C:/ST/STM32CubeIDE_1.16.1/STM32CubeIDE/plugins/com.st.stm32cube.ide.mcu.externaltools.gnu-tools-for-stm32.12.3.rel1.win32_1.0.200.202406191623/tools/bin/../lib/gcc/arm-none-eabi/12.3.1/../../../../arm-none-eabi/lib/thumb/v7e-m+fp/hard\libc_nano.a(libc_a-mbtowc_r.o)
                0x0800d0fe                __ascii_mbtowc
 *fill*         0x0800d122        0x2 
 .text._Balloc  0x0800d124       0x80 C:/ST/STM32CubeIDE_1.16.1/STM32CubeIDE/plugins/com.st.stm32cube.ide.mcu.externaltools.gnu-tools-for-stm32.12.3.rel1.win32_1.0.200.202406191623/tools/bin/../lib/gcc/arm-none-eabi/12.3.1/../../../../arm-none-eabi/lib/thumb/v7e-m+fp/hard\libc_nano.a(libc_a-mprec.o)
                0x0800d124                _Balloc
 .text._Bfree   0x0800d1a4       0x44 C:/ST/STM32CubeIDE_1.16.1/STM32CubeIDE/plugins/com.st.stm32cube.ide.mcu.externaltools.gnu-tools-for-stm32.12.3.rel1.win32_1.0.200.202406191623/tools/bin/../lib/gcc/arm-none-eabi/12.3.1/../../../../arm-none-eabi/lib/thumb/v7e-m+fp/hard\libc_nano.a(libc_a-mprec.o)
                0x0800d1a4                _Bfree
 .text.__multadd
                0x0800d1e8       0x8c C:/ST/STM32CubeIDE_1.16.1/STM32CubeIDE/plugins/com.st.stm32cube.ide.mcu.externaltools.gnu-tools-for-stm32.12.3.rel1.win32_1.0.200.202406191623/tools/bin/../lib/gcc/arm-none-eabi/12.3.1/../../../../arm-none-eabi/lib/thumb/v7e-m+fp/hard\libc_nano.a(libc_a-mprec.o)
                0x0800d1e8                __multadd
 .text.__s2b    0x0800d274       0x94 C:/ST/STM32CubeIDE_1.16.1/STM32CubeIDE/plugins/com.st.stm32cube.ide.mcu.externaltools.gnu-tools-for-stm32.12.3.rel1.win32_1.0.200.202406191623/tools/bin/../lib/gcc/arm-none-eabi/12.3.1/../../../../arm-none-eabi/lib/thumb/v7e-m+fp/hard\libc_nano.a(libc_a-mprec.o)
                0x0800d274                __s2b
 .text.__hi0bits
                0x0800d308       0x3e C:/ST/STM32CubeIDE_1.16.1/STM32CubeIDE/plugins/com.st.stm32cube.ide.mcu.externaltools.gnu-tools-for-stm32.12.3.rel1.win32_1.0.200.202406191623/tools/bin/../lib/gcc/arm-none-eabi/12.3.1/../../../../arm-none-eabi/lib/thumb/v7e-m+fp/hard\libc_nano.a(libc_a-mprec.o)
                0x0800d308                __hi0bits
 .text.__lo0bits
                0x0800d346       0x5a C:/ST/STM32CubeIDE_1.16.1/STM32CubeIDE/plugins/com.st.stm32cube.ide.mcu.externaltools.gnu-tools-for-stm32.12.3.rel1.win32_1.0.200.202406191623/tools/bin/../lib/gcc/arm-none-eabi/12.3.1/../../../../arm-none-eabi/lib/thumb/v7e-m+fp/hard\libc_nano.a(libc_a-mprec.o)
                0x0800d346                __lo0bits
 .text.__i2b    0x0800d3a0       0x2c C:/ST/STM32CubeIDE_1.16.1/STM32CubeIDE/plugins/com.st.stm32cube.ide.mcu.externaltools.gnu-tools-for-stm32.12.3.rel1.win32_1.0.200.202406191623/tools/bin/../lib/gcc/arm-none-eabi/12.3.1/../../../../arm-none-eabi/lib/thumb/v7e-m+fp/hard\libc_nano.a(libc_a-mprec.o)
                0x0800d3a0                __i2b
 .text.__multiply
                0x0800d3cc      0x154 C:/ST/STM32CubeIDE_1.16.1/STM32CubeIDE/plugins/com.st.stm32cube.ide.mcu.externaltools.gnu-tools-for-stm32.12.3.rel1.win32_1.0.200.202406191623/tools/bin/../lib/gcc/arm-none-eabi/12.3.1/../../../../arm-none-eabi/lib/thumb/v7e-m+fp/hard\libc_nano.a(libc_a-mprec.o)
                0x0800d3cc                __multiply
 .text.__pow5mult
                0x0800d520       0xb4 C:/ST/STM32CubeIDE_1.16.1/STM32CubeIDE/plugins/com.st.stm32cube.ide.mcu.externaltools.gnu-tools-for-stm32.12.3.rel1.win32_1.0.200.202406191623/tools/bin/../lib/gcc/arm-none-eabi/12.3.1/../../../../arm-none-eabi/lib/thumb/v7e-m+fp/hard\libc_nano.a(libc_a-mprec.o)
                0x0800d520                __pow5mult
 .text.__lshift
                0x0800d5d4       0xd8 C:/ST/STM32CubeIDE_1.16.1/STM32CubeIDE/plugins/com.st.stm32cube.ide.mcu.externaltools.gnu-tools-for-stm32.12.3.rel1.win32_1.0.200.202406191623/tools/bin/../lib/gcc/arm-none-eabi/12.3.1/../../../../arm-none-eabi/lib/thumb/v7e-m+fp/hard\libc_nano.a(libc_a-mprec.o)
                0x0800d5d4                __lshift
 .text.__mcmp   0x0800d6ac       0x36 C:/ST/STM32CubeIDE_1.16.1/STM32CubeIDE/plugins/com.st.stm32cube.ide.mcu.externaltools.gnu-tools-for-stm32.12.3.rel1.win32_1.0.200.202406191623/tools/bin/../lib/gcc/arm-none-eabi/12.3.1/../../../../arm-none-eabi/lib/thumb/v7e-m+fp/hard\libc_nano.a(libc_a-mprec.o)
                0x0800d6ac                __mcmp
 *fill*         0x0800d6e2        0x2 
 .text.__mdiff  0x0800d6e4      0x128 C:/ST/STM32CubeIDE_1.16.1/STM32CubeIDE/plugins/com.st.stm32cube.ide.mcu.externaltools.gnu-tools-for-stm32.12.3.rel1.win32_1.0.200.202406191623/tools/bin/../lib/gcc/arm-none-eabi/12.3.1/../../../../arm-none-eabi/lib/thumb/v7e-m+fp/hard\libc_nano.a(libc_a-mprec.o)
                0x0800d6e4                __mdiff
 .text.__ulp    0x0800d80c       0x4c C:/ST/STM32CubeIDE_1.16.1/STM32CubeIDE/plugins/com.st.stm32cube.ide.mcu.externaltools.gnu-tools-for-stm32.12.3.rel1.win32_1.0.200.202406191623/tools/bin/../lib/gcc/arm-none-eabi/12.3.1/../../../../arm-none-eabi/lib/thumb/v7e-m+fp/hard\libc_nano.a(libc_a-mprec.o)
                0x0800d80c                __ulp
 .text.__b2d    0x0800d858       0x94 C:/ST/STM32CubeIDE_1.16.1/STM32CubeIDE/plugins/com.st.stm32cube.ide.mcu.externaltools.gnu-tools-for-stm32.12.3.rel1.win32_1.0.200.202406191623/tools/bin/../lib/gcc/arm-none-eabi/12.3.1/../../../../arm-none-eabi/lib/thumb/v7e-m+fp/hard\libc_nano.a(libc_a-mprec.o)
                0x0800d858                __b2d
 .text.__d2b    0x0800d8ec       0xb0 C:/ST/STM32CubeIDE_1.16.1/STM32CubeIDE/plugins/com.st.stm32cube.ide.mcu.externaltools.gnu-tools-for-stm32.12.3.rel1.win32_1.0.200.202406191623/tools/bin/../lib/gcc/arm-none-eabi/12.3.1/../../../../arm-none-eabi/lib/thumb/v7e-m+fp/hard\libc_nano.a(libc_a-mprec.o)
                0x0800d8ec                __d2b
 .text.__ratio  0x0800d99c       0x64 C:/ST/STM32CubeIDE_1.16.1/STM32CubeIDE/plugins/com.st.stm32cube.ide.mcu.externaltools.gnu-tools-for-stm32.12.3.rel1.win32_1.0.200.202406191623/tools/bin/../lib/gcc/arm-none-eabi/12.3.1/../../../../arm-none-eabi/lib/thumb/v7e-m+fp/hard\libc_nano.a(libc_a-mprec.o)
                0x0800d99c                __ratio
 .text.__copybits
                0x0800da00       0x46 C:/ST/STM32CubeIDE_1.16.1/STM32CubeIDE/plugins/com.st.stm32cube.ide.mcu.externaltools.gnu-tools-for-stm32.12.3.rel1.win32_1.0.200.202406191623/tools/bin/../lib/gcc/arm-none-eabi/12.3.1/../../../../arm-none-eabi/lib/thumb/v7e-m+fp/hard\libc_nano.a(libc_a-mprec.o)
                0x0800da00                __copybits
 .text.__any_on
                0x0800da46       0x42 C:/ST/STM32CubeIDE_1.16.1/STM32CubeIDE/plugins/com.st.stm32cube.ide.mcu.externaltools.gnu-tools-for-stm32.12.3.rel1.win32_1.0.200.202406191623/tools/bin/../lib/gcc/arm-none-eabi/12.3.1/../../../../arm-none-eabi/lib/thumb/v7e-m+fp/hard\libc_nano.a(libc_a-mprec.o)
                0x0800da46                __any_on
 .text._malloc_usable_size_r
                0x0800da88       0x10 C:/ST/STM32CubeIDE_1.16.1/STM32CubeIDE/plugins/com.st.stm32cube.ide.mcu.externaltools.gnu-tools-for-stm32.12.3.rel1.win32_1.0.200.202406191623/tools/bin/../lib/gcc/arm-none-eabi/12.3.1/../../../../arm-none-eabi/lib/thumb/v7e-m+fp/hard\libc_nano.a(libc_a-msizer.o)
                0x0800da88                _malloc_usable_size_r
 .text.__ascii_wctomb
                0x0800da98       0x1a C:/ST/STM32CubeIDE_1.16.1/STM32CubeIDE/plugins/com.st.stm32cube.ide.mcu.externaltools.gnu-tools-for-stm32.12.3.rel1.win32_1.0.200.202406191623/tools/bin/../lib/gcc/arm-none-eabi/12.3.1/../../../../arm-none-eabi/lib/thumb/v7e-m+fp/hard\libc_nano.a(libc_a-wctomb_r.o)
                0x0800da98                __ascii_wctomb
 .text.__ssputs_r
                0x0800dab2       0xb6 C:/ST/STM32CubeIDE_1.16.1/STM32CubeIDE/plugins/com.st.stm32cube.ide.mcu.externaltools.gnu-tools-for-stm32.12.3.rel1.win32_1.0.200.202406191623/tools/bin/../lib/gcc/arm-none-eabi/12.3.1/../../../../arm-none-eabi/lib/thumb/v7e-m+fp/hard\libc_nano.a(libc_a-nano-svfprintf.o)
                0x0800dab2                __ssputs_r
 .text._svfprintf_r
                0x0800db68      0x1f8 C:/ST/STM32CubeIDE_1.16.1/STM32CubeIDE/plugins/com.st.stm32cube.ide.mcu.externaltools.gnu-tools-for-stm32.12.3.rel1.win32_1.0.200.202406191623/tools/bin/../lib/gcc/arm-none-eabi/12.3.1/../../../../arm-none-eabi/lib/thumb/v7e-m+fp/hard\libc_nano.a(libc_a-nano-svfprintf.o)
                0x0800db68                _svfiprintf_r
                0x0800db68                _svfprintf_r
 .text._sungetc_r
                0x0800dd60       0x76 C:/ST/STM32CubeIDE_1.16.1/STM32CubeIDE/plugins/com.st.stm32cube.ide.mcu.externaltools.gnu-tools-for-stm32.12.3.rel1.win32_1.0.200.202406191623/tools/bin/../lib/gcc/arm-none-eabi/12.3.1/../../../../arm-none-eabi/lib/thumb/v7e-m+fp/hard\libc_nano.a(libc_a-nano-svfscanf.o)
                0x0800dd60                _sungetc_r
 .text.__ssrefill_r
                0x0800ddd6       0x3a C:/ST/STM32CubeIDE_1.16.1/STM32CubeIDE/plugins/com.st.stm32cube.ide.mcu.externaltools.gnu-tools-for-stm32.12.3.rel1.win32_1.0.200.202406191623/tools/bin/../lib/gcc/arm-none-eabi/12.3.1/../../../../arm-none-eabi/lib/thumb/v7e-m+fp/hard\libc_nano.a(libc_a-nano-svfscanf.o)
                0x0800ddd6                __ssrefill_r
 .text.__ssvfscanf_r
                0x0800de10      0x2e8 C:/ST/STM32CubeIDE_1.16.1/STM32CubeIDE/plugins/com.st.stm32cube.ide.mcu.externaltools.gnu-tools-for-stm32.12.3.rel1.win32_1.0.200.202406191623/tools/bin/../lib/gcc/arm-none-eabi/12.3.1/../../../../arm-none-eabi/lib/thumb/v7e-m+fp/hard\libc_nano.a(libc_a-nano-svfscanf.o)
                0x0800de10                __ssvfiscanf_r
                0x0800de10                __ssvfscanf_r
 .text._printf_common
                0x0800e0f8       0xda C:/ST/STM32CubeIDE_1.16.1/STM32CubeIDE/plugins/com.st.stm32cube.ide.mcu.externaltools.gnu-tools-for-stm32.12.3.rel1.win32_1.0.200.202406191623/tools/bin/../lib/gcc/arm-none-eabi/12.3.1/../../../../arm-none-eabi/lib/thumb/v7e-m+fp/hard\libc_nano.a(libc_a-nano-vfprintf_i.o)
                0x0800e0f8                _printf_common
 *fill*         0x0800e1d2        0x2 
 .text._printf_i
                0x0800e1d4      0x240 C:/ST/STM32CubeIDE_1.16.1/STM32CubeIDE/plugins/com.st.stm32cube.ide.mcu.externaltools.gnu-tools-for-stm32.12.3.rel1.win32_1.0.200.202406191623/tools/bin/../lib/gcc/arm-none-eabi/12.3.1/../../../../arm-none-eabi/lib/thumb/v7e-m+fp/hard\libc_nano.a(libc_a-nano-vfprintf_i.o)
                0x0800e1d4                _printf_i
 .text._scanf_chars
                0x0800e414       0xb4 C:/ST/STM32CubeIDE_1.16.1/STM32CubeIDE/plugins/com.st.stm32cube.ide.mcu.externaltools.gnu-tools-for-stm32.12.3.rel1.win32_1.0.200.202406191623/tools/bin/../lib/gcc/arm-none-eabi/12.3.1/../../../../arm-none-eabi/lib/thumb/v7e-m+fp/hard\libc_nano.a(libc_a-nano-vfscanf_i.o)
                0x0800e414                _scanf_chars
 .text._scanf_i
                0x0800e4c8      0x1e8 C:/ST/STM32CubeIDE_1.16.1/STM32CubeIDE/plugins/com.st.stm32cube.ide.mcu.externaltools.gnu-tools-for-stm32.12.3.rel1.win32_1.0.200.202406191623/tools/bin/../lib/gcc/arm-none-eabi/12.3.1/../../../../arm-none-eabi/lib/thumb/v7e-m+fp/hard\libc_nano.a(libc_a-nano-vfscanf_i.o)
                0x0800e4c8                _scanf_i
 .text.__sflush_r
                0x0800e6b0      0x108 C:/ST/STM32CubeIDE_1.16.1/STM32CubeIDE/plugins/com.st.stm32cube.ide.mcu.externaltools.gnu-tools-for-stm32.12.3.rel1.win32_1.0.200.202406191623/tools/bin/../lib/gcc/arm-none-eabi/12.3.1/../../../../arm-none-eabi/lib/thumb/v7e-m+fp/hard\libc_nano.a(libc_a-fflush.o)
                0x0800e6b0                __sflush_r
 .text._fflush_r
                0x0800e7b8       0x50 C:/ST/STM32CubeIDE_1.16.1/STM32CubeIDE/plugins/com.st.stm32cube.ide.mcu.externaltools.gnu-tools-for-stm32.12.3.rel1.win32_1.0.200.202406191623/tools/bin/../lib/gcc/arm-none-eabi/12.3.1/../../../../arm-none-eabi/lib/thumb/v7e-m+fp/hard\libc_nano.a(libc_a-fflush.o)
                0x0800e7b8                _fflush_r
 .text.__sccl   0x0800e808       0x72 C:/ST/STM32CubeIDE_1.16.1/STM32CubeIDE/plugins/com.st.stm32cube.ide.mcu.externaltools.gnu-tools-for-stm32.12.3.rel1.win32_1.0.200.202406191623/tools/bin/../lib/gcc/arm-none-eabi/12.3.1/../../../../arm-none-eabi/lib/thumb/v7e-m+fp/hard\libc_nano.a(libc_a-sccl.o)
                0x0800e808                __sccl
 .text.__submore
                0x0800e87a       0x74 C:/ST/STM32CubeIDE_1.16.1/STM32CubeIDE/plugins/com.st.stm32cube.ide.mcu.externaltools.gnu-tools-for-stm32.12.3.rel1.win32_1.0.200.202406191623/tools/bin/../lib/gcc/arm-none-eabi/12.3.1/../../../../arm-none-eabi/lib/thumb/v7e-m+fp/hard\libc_nano.a(libc_a-ungetc.o)
                0x0800e87a                __submore
 .text.memmove  0x0800e8ee       0x34 C:/ST/STM32CubeIDE_1.16.1/STM32CubeIDE/plugins/com.st.stm32cube.ide.mcu.externaltools.gnu-tools-for-stm32.12.3.rel1.win32_1.0.200.202406191623/tools/bin/../lib/gcc/arm-none-eabi/12.3.1/../../../../arm-none-eabi/lib/thumb/v7e-m+fp/hard\libc_nano.a(libc_a-memmove.o)
                0x0800e8ee                memmove
 .text.strchr   0x0800e922       0x1a C:/ST/STM32CubeIDE_1.16.1/STM32CubeIDE/plugins/com.st.stm32cube.ide.mcu.externaltools.gnu-tools-for-stm32.12.3.rel1.win32_1.0.200.202406191623/tools/bin/../lib/gcc/arm-none-eabi/12.3.1/../../../../arm-none-eabi/lib/thumb/v7e-m+fp/hard\libc_nano.a(libc_a-strchr.o)
                0x0800e922                strchr
 .text.__assert_func
                0x0800e93c       0x3c C:/ST/STM32CubeIDE_1.16.1/STM32CubeIDE/plugins/com.st.stm32cube.ide.mcu.externaltools.gnu-tools-for-stm32.12.3.rel1.win32_1.0.200.202406191623/tools/bin/../lib/gcc/arm-none-eabi/12.3.1/../../../../arm-none-eabi/lib/thumb/v7e-m+fp/hard\libc_nano.a(libc_a-assert.o)
                0x0800e93c                __assert_func
 .text._calloc_r
                0x0800e978       0x28 C:/ST/STM32CubeIDE_1.16.1/STM32CubeIDE/plugins/com.st.stm32cube.ide.mcu.externaltools.gnu-tools-for-stm32.12.3.rel1.win32_1.0.200.202406191623/tools/bin/../lib/gcc/arm-none-eabi/12.3.1/../../../../arm-none-eabi/lib/thumb/v7e-m+fp/hard\libc_nano.a(libc_a-callocr.o)
                0x0800e978                _calloc_r
 .text._strtol_l.constprop.0
                0x0800e9a0       0xf4 C:/ST/STM32CubeIDE_1.16.1/STM32CubeIDE/plugins/com.st.stm32cube.ide.mcu.externaltools.gnu-tools-for-stm32.12.3.rel1.win32_1.0.200.202406191623/tools/bin/../lib/gcc/arm-none-eabi/12.3.1/../../../../arm-none-eabi/lib/thumb/v7e-m+fp/hard\libc_nano.a(libc_a-strtol.o)
 .text._strtol_r
                0x0800ea94        0x4 C:/ST/STM32CubeIDE_1.16.1/STM32CubeIDE/plugins/com.st.stm32cube.ide.mcu.externaltools.gnu-tools-for-stm32.12.3.rel1.win32_1.0.200.202406191623/tools/bin/../lib/gcc/arm-none-eabi/12.3.1/../../../../arm-none-eabi/lib/thumb/v7e-m+fp/hard\libc_nano.a(libc_a-strtol.o)
                0x0800ea94                _strtol_r
 .text._strtoul_l.constprop.0
                0x0800ea98       0xdc C:/ST/STM32CubeIDE_1.16.1/STM32CubeIDE/plugins/com.st.stm32cube.ide.mcu.externaltools.gnu-tools-for-stm32.12.3.rel1.win32_1.0.200.202406191623/tools/bin/../lib/gcc/arm-none-eabi/12.3.1/../../../../arm-none-eabi/lib/thumb/v7e-m+fp/hard\libc_nano.a(libc_a-strtoul.o)
 .text._strtoul_r
                0x0800eb74        0x4 C:/ST/STM32CubeIDE_1.16.1/STM32CubeIDE/plugins/com.st.stm32cube.ide.mcu.externaltools.gnu-tools-for-stm32.12.3.rel1.win32_1.0.200.202406191623/tools/bin/../lib/gcc/arm-none-eabi/12.3.1/../../../../arm-none-eabi/lib/thumb/v7e-m+fp/hard\libc_nano.a(libc_a-strtoul.o)
                0x0800eb74                _strtoul_r
 .text.fprintf  0x0800eb78       0x24 C:/ST/STM32CubeIDE_1.16.1/STM32CubeIDE/plugins/com.st.stm32cube.ide.mcu.externaltools.gnu-tools-for-stm32.12.3.rel1.win32_1.0.200.202406191623/tools/bin/../lib/gcc/arm-none-eabi/12.3.1/../../../../arm-none-eabi/lib/thumb/v7e-m+fp/hard\libc_nano.a(libc_a-fprintf.o)
                0x0800eb78                fiprintf
                0x0800eb78                fprintf
 .text.abort    0x0800eb9c        0xe C:/ST/STM32CubeIDE_1.16.1/STM32CubeIDE/plugins/com.st.stm32cube.ide.mcu.externaltools.gnu-tools-for-stm32.12.3.rel1.win32_1.0.200.202406191623/tools/bin/../lib/gcc/arm-none-eabi/12.3.1/../../../../arm-none-eabi/lib/thumb/v7e-m+fp/hard\libc_nano.a(libc_a-abort.o)
                0x0800eb9c                abort
 .text.__sfputc_r
                0x0800ebaa       0x2e C:/ST/STM32CubeIDE_1.16.1/STM32CubeIDE/plugins/com.st.stm32cube.ide.mcu.externaltools.gnu-tools-for-stm32.12.3.rel1.win32_1.0.200.202406191623/tools/bin/../lib/gcc/arm-none-eabi/12.3.1/../../../../arm-none-eabi/lib/thumb/v7e-m+fp/hard\libc_nano.a(libc_a-nano-vfprintf.o)
 .text.__sfputs_r
                0x0800ebd8       0x24 C:/ST/STM32CubeIDE_1.16.1/STM32CubeIDE/plugins/com.st.stm32cube.ide.mcu.externaltools.gnu-tools-for-stm32.12.3.rel1.win32_1.0.200.202406191623/tools/bin/../lib/gcc/arm-none-eabi/12.3.1/../../../../arm-none-eabi/lib/thumb/v7e-m+fp/hard\libc_nano.a(libc_a-nano-vfprintf.o)
                0x0800ebd8                __sfputs_r
 .text._vfprintf_r
                0x0800ebfc      0x230 C:/ST/STM32CubeIDE_1.16.1/STM32CubeIDE/plugins/com.st.stm32cube.ide.mcu.externaltools.gnu-tools-for-stm32.12.3.rel1.win32_1.0.200.202406191623/tools/bin/../lib/gcc/arm-none-eabi/12.3.1/../../../../arm-none-eabi/lib/thumb/v7e-m+fp/hard\libc_nano.a(libc_a-nano-vfprintf.o)
                0x0800ebfc                _vfprintf_r
                0x0800ebfc                _vfiprintf_r
 .text.__swbuf_r
                0x0800ee2c       0x7c C:/ST/STM32CubeIDE_1.16.1/STM32CubeIDE/plugins/com.st.stm32cube.ide.mcu.externaltools.gnu-tools-for-stm32.12.3.rel1.win32_1.0.200.202406191623/tools/bin/../lib/gcc/arm-none-eabi/12.3.1/../../../../arm-none-eabi/lib/thumb/v7e-m+fp/hard\libc_nano.a(libc_a-wbuf.o)
                0x0800ee2c                __swbuf_r
 .text.__swsetup_r
                0x0800eea8       0xac C:/ST/STM32CubeIDE_1.16.1/STM32CubeIDE/plugins/com.st.stm32cube.ide.mcu.externaltools.gnu-tools-for-stm32.12.3.rel1.win32_1.0.200.202406191623/tools/bin/../lib/gcc/arm-none-eabi/12.3.1/../../../../arm-none-eabi/lib/thumb/v7e-m+fp/hard\libc_nano.a(libc_a-wsetup.o)
                0x0800eea8                __swsetup_r
 .text._raise_r
                0x0800ef54       0x50 C:/ST/STM32CubeIDE_1.16.1/STM32CubeIDE/plugins/com.st.stm32cube.ide.mcu.externaltools.gnu-tools-for-stm32.12.3.rel1.win32_1.0.200.202406191623/tools/bin/../lib/gcc/arm-none-eabi/12.3.1/../../../../arm-none-eabi/lib/thumb/v7e-m+fp/hard\libc_nano.a(libc_a-signal.o)
                0x0800ef54                _raise_r
 .text.raise    0x0800efa4       0x10 C:/ST/STM32CubeIDE_1.16.1/STM32CubeIDE/plugins/com.st.stm32cube.ide.mcu.externaltools.gnu-tools-for-stm32.12.3.rel1.win32_1.0.200.202406191623/tools/bin/../lib/gcc/arm-none-eabi/12.3.1/../../../../arm-none-eabi/lib/thumb/v7e-m+fp/hard\libc_nano.a(libc_a-signal.o)
                0x0800efa4                raise
 .text._kill_r  0x0800efb4       0x24 C:/ST/STM32CubeIDE_1.16.1/STM32CubeIDE/plugins/com.st.stm32cube.ide.mcu.externaltools.gnu-tools-for-stm32.12.3.rel1.win32_1.0.200.202406191623/tools/bin/../lib/gcc/arm-none-eabi/12.3.1/../../../../arm-none-eabi/lib/thumb/v7e-m+fp/hard\libc_nano.a(libc_a-signalr.o)
                0x0800efb4                _kill_r
 .text._getpid_r
                0x0800efd8        0x4 C:/ST/STM32CubeIDE_1.16.1/STM32CubeIDE/plugins/com.st.stm32cube.ide.mcu.externaltools.gnu-tools-for-stm32.12.3.rel1.win32_1.0.200.202406191623/tools/bin/../lib/gcc/arm-none-eabi/12.3.1/../../../../arm-none-eabi/lib/thumb/v7e-m+fp/hard\libc_nano.a(libc_a-signalr.o)
                0x0800efd8                _getpid_r
 .text.__swhatbuf_r
                0x0800efdc       0x4c C:/ST/STM32CubeIDE_1.16.1/STM32CubeIDE/plugins/com.st.stm32cube.ide.mcu.externaltools.gnu-tools-for-stm32.12.3.rel1.win32_1.0.200.202406191623/tools/bin/../lib/gcc/arm-none-eabi/12.3.1/../../../../arm-none-eabi/lib/thumb/v7e-m+fp/hard\libc_nano.a(libc_a-makebuf.o)
                0x0800efdc                __swhatbuf_r
 .text.__smakebuf_r
                0x0800f028       0x78 C:/ST/STM32CubeIDE_1.16.1/STM32CubeIDE/plugins/com.st.stm32cube.ide.mcu.externaltools.gnu-tools-for-stm32.12.3.rel1.win32_1.0.200.202406191623/tools/bin/../lib/gcc/arm-none-eabi/12.3.1/../../../../arm-none-eabi/lib/thumb/v7e-m+fp/hard\libc_nano.a(libc_a-makebuf.o)
                0x0800f028                __smakebuf_r
 .text._fstat_r
                0x0800f0a0       0x24 C:/ST/STM32CubeIDE_1.16.1/STM32CubeIDE/plugins/com.st.stm32cube.ide.mcu.externaltools.gnu-tools-for-stm32.12.3.rel1.win32_1.0.200.202406191623/tools/bin/../lib/gcc/arm-none-eabi/12.3.1/../../../../arm-none-eabi/lib/thumb/v7e-m+fp/hard\libc_nano.a(libc_a-fstatr.o)
                0x0800f0a0                _fstat_r
 .text._isatty_r
                0x0800f0c4       0x20 C:/ST/STM32CubeIDE_1.16.1/STM32CubeIDE/plugins/com.st.stm32cube.ide.mcu.externaltools.gnu-tools-for-stm32.12.3.rel1.win32_1.0.200.202406191623/tools/bin/../lib/gcc/arm-none-eabi/12.3.1/../../../../arm-none-eabi/lib/thumb/v7e-m+fp/hard\libc_nano.a(libc_a-isattyr.o)
                0x0800f0c4                _isatty_r
 *(.glue_7)
 .glue_7        0x0800f0e4        0x0 linker stubs
 *(.glue_7t)
 .glue_7t       0x0800f0e4        0x0 linker stubs
 *(.eh_frame)
 .eh_frame      0x0800f0e4        0x0 C:/ST/STM32CubeIDE_1.16.1/STM32CubeIDE/plugins/com.st.stm32cube.ide.mcu.externaltools.gnu-tools-for-stm32.12.3.rel1.win32_1.0.200.202406191623/tools/bin/../lib/gcc/arm-none-eabi/12.3.1/thumb/v7e-m+fp/hard/crtbegin.o
 *(.init)
 .init          0x0800f0e4        0x4 C:/ST/STM32CubeIDE_1.16.1/STM32CubeIDE/plugins/com.st.stm32cube.ide.mcu.externaltools.gnu-tools-for-stm32.12.3.rel1.win32_1.0.200.202406191623/tools/bin/../lib/gcc/arm-none-eabi/12.3.1/thumb/v7e-m+fp/hard/crti.o
                0x0800f0e4                _init
 .init          0x0800f0e8        0x8 C:/ST/STM32CubeIDE_1.16.1/STM32CubeIDE/plugins/com.st.stm32cube.ide.mcu.externaltools.gnu-tools-for-stm32.12.3.rel1.win32_1.0.200.202406191623/tools/bin/../lib/gcc/arm-none-eabi/12.3.1/thumb/v7e-m+fp/hard/crtn.o
 *(.fini)
 .fini          0x0800f0f0        0x4 C:/ST/STM32CubeIDE_1.16.1/STM32CubeIDE/plugins/com.st.stm32cube.ide.mcu.externaltools.gnu-tools-for-stm32.12.3.rel1.win32_1.0.200.202406191623/tools/bin/../lib/gcc/arm-none-eabi/12.3.1/thumb/v7e-m+fp/hard/crti.o
                0x0800f0f0                _fini
 .fini          0x0800f0f4        0x8 C:/ST/STM32CubeIDE_1.16.1/STM32CubeIDE/plugins/com.st.stm32cube.ide.mcu.externaltools.gnu-tools-for-stm32.12.3.rel1.win32_1.0.200.202406191623/tools/bin/../lib/gcc/arm-none-eabi/12.3.1/thumb/v7e-m+fp/hard/crtn.o
                0x0800f0fc                        . = ALIGN (0x4)
                0x0800f0fc                        _etext = .

.vfp11_veneer   0x0800f0fc        0x0
 .vfp11_veneer  0x0800f0fc        0x0 linker stubs

.v4_bx          0x0800f0fc        0x0
 .v4_bx         0x0800f0fc        0x0 linker stubs

.iplt           0x0800f0fc        0x0
 .iplt          0x0800f0fc        0x0 C:/ST/STM32CubeIDE_1.16.1/STM32CubeIDE/plugins/com.st.stm32cube.ide.mcu.externaltools.gnu-tools-for-stm32.12.3.rel1.win32_1.0.200.202406191623/tools/bin/../lib/gcc/arm-none-eabi/12.3.1/thumb/v7e-m+fp/hard/crtbegin.o

.rodata         0x0800f100    0x3d3e4
                0x0800f100                        . = ALIGN (0x4)
 *(.rodata)
 .rodata        0x0800f100       0x1a ./Core/Src/DHT.o
 *fill*         0x0800f11a        0x2 
 .rodata        0x0800f11c       0x49 ./Core/Src/cJSON.o
 *fill*         0x0800f165        0x3 
 .rodata        0x0800f168      0x284 ./Core/Src/front_end.o
 .rodata        0x0800f3ec      0x224 ./Core/Src/main.o
 .rodata        0x0800f610       0x18 ./Core/Src/touch.o
 .rodata        0x0800f628        0xc C:/ST/STM32CubeIDE_1.16.1/STM32CubeIDE/plugins/com.st.stm32cube.ide.mcu.externaltools.gnu-tools-for-stm32.12.3.rel1.win32_1.0.200.202406191623/tools/bin/../lib/gcc/arm-none-eabi/12.3.1/../../../../arm-none-eabi/lib/thumb/v7e-m+fp/hard\libc_nano.a(libc_a-nano-vfscanf_i.o)
 *(.rodata*)
 .rodata._acBack
                0x0800f634      0x908 ./Core/Src/Back.o
 .rodata.bmBack
                0x0800ff3c        0xc ./Core/Src/Back.o
                0x0800ff3c                bmBack
 .rodata._acCity
                0x0800ff48    0x25800 ./Core/Src/City.o
 .rodata.bmCity
                0x08035748        0xc ./Core/Src/City.o
                0x08035748                bmCity
 .rodata._acLoading
                0x08035754     0x7080 ./Core/Src/Loading.o
 .rodata.bmLoading
                0x0803c7d4        0xc ./Core/Src/Loading.o
                0x0803c7d4                bmLoading
 .rodata._acOK  0x0803c7e0      0x908 ./Core/Src/OK.o
 .rodata.bmOK   0x0803d0e8        0xc ./Core/Src/OK.o
                0x0803d0e8                bmOK
 .rodata._acTem
                0x0803d0f4      0xc80 ./Core/Src/Tem.o
 .rodata.bmTem  0x0803dd74        0xc ./Core/Src/Tem.o
                0x0803dd74                bmTem
 .rodata._acclockhumi
                0x0803dd80      0xbb8 ./Core/Src/clockhumi.o
 .rodata.bmclockhumi
                0x0803e938        0xc ./Core/Src/clockhumi.o
                0x0803e938                bmclockhumi
 .rodata._acclocktem
                0x0803e944      0xbb8 ./Core/Src/clocktem.o
 .rodata.bmclocktem
                0x0803f4fc        0xc ./Core/Src/clocktem.o
                0x0803f4fc                bmclocktem
 .rodata._accloudrate
                0x0803f508     0x1068 ./Core/Src/cloudrate.o
 .rodata.bmcloudrate
                0x08040570        0xc ./Core/Src/cloudrate.o
                0x08040570                bmcloudrate
 .rodata.Font12_Table
                0x0804057c      0x474 ./Core/Src/font12.o
                0x0804057c                Font12_Table
 .rodata.Font16_Table
                0x080409f0      0xbe0 ./Core/Src/font16.o
                0x080409f0                Font16_Table
 .rodata.Font20_Table
                0x080415d0      0xed8 ./Core/Src/font20.o
                0x080415d0                Font20_Table
 .rodata.Font24_Table
                0x080424a8     0x1ab8 ./Core/Src/font24.o
                0x080424a8                Font24_Table
 .rodata._achot
                0x08043f60      0x708 ./Core/Src/hot.o
 .rodata.bmhot  0x08044668        0xc ./Core/Src/hot.o
                0x08044668                bmhot
 .rodata._acice
                0x08044674      0x708 ./Core/Src/ice.o
 .rodata.bmice  0x08044d7c        0xc ./Core/Src/ice.o
                0x08044d7c                bmice
 .rodata._acicon1
                0x08044d88      0xcd0 ./Core/Src/icon1.o
 .rodata.bmicon1
                0x08045a58        0xc ./Core/Src/icon1.o
                0x08045a58                bmicon1
 .rodata._acicon2
                0x08045a64      0xc80 ./Core/Src/icon2.o
 .rodata.bmicon2
                0x080466e4        0xc ./Core/Src/icon2.o
                0x080466e4                bmicon2
 .rodata._acicon3
                0x080466f0     0x2648 ./Core/Src/icon3.o
 .rodata.bmicon3
                0x08048d38        0xc ./Core/Src/icon3.o
                0x08048d38                bmicon3
 .rodata._aclocation
                0x08048d44      0x908 ./Core/Src/location.o
 .rodata.bmlocation
                0x0804964c        0xc ./Core/Src/location.o
                0x0804964c                bmlocation
 .rodata._acnext1
                0x08049658      0x908 ./Core/Src/next1.o
 .rodata.bmnext1
                0x08049f60        0xc ./Core/Src/next1.o
                0x08049f60                bmnext1