Archive member included to satisfy reference by file (symbol)

C:/ST/STM32CubeIDE_1.16.1/STM32CubeIDE/plugins/com.st.stm32cube.ide.mcu.externaltools.gnu-tools-for-stm32.12.3.rel1.win32_1.0.200.202406191623/tools/bin/../lib/gcc/arm-none-eabi/12.3.1/../../../../arm-none-eabi/lib/thumb/v7e-m+fp/hard\libc_nano.a(libc_a-exit.o)
                              C:/ST/STM32CubeIDE_1.16.1/STM32CubeIDE/plugins/com.st.stm32cube.ide.mcu.externaltools.gnu-tools-for-stm32.12.3.rel1.win32_1.0.200.202406191623/tools/bin/../lib/gcc/arm-none-eabi/12.3.1/../../../../arm-none-eabi/lib/thumb/v7e-m+fp/hard/crt0.o (exit)
C:/ST/STM32CubeIDE_1.16.1/STM32CubeIDE/plugins/com.st.stm32cube.ide.mcu.externaltools.gnu-tools-for-stm32.12.3.rel1.win32_1.0.200.202406191623/tools/bin/../lib/gcc/arm-none-eabi/12.3.1/../../../../arm-none-eabi/lib/thumb/v7e-m+fp/hard\libc_nano.a(libc_a-malloc.o)
                              ./Core/Src/cJSON.o (malloc)
C:/ST/STM32CubeIDE_1.16.1/STM32CubeIDE/plugins/com.st.stm32cube.ide.mcu.externaltools.gnu-tools-for-stm32.12.3.rel1.win32_1.0.200.202406191623/tools/bin/../lib/gcc/arm-none-eabi/12.3.1/../../../../arm-none-eabi/lib/thumb/v7e-m+fp/hard\libc_nano.a(libc_a-mallocr.o)
                              C:/ST/STM32CubeIDE_1.16.1/STM32CubeIDE/plugins/com.st.stm32cube.ide.mcu.externaltools.gnu-tools-for-stm32.12.3.rel1.win32_1.0.200.202406191623/tools/bin/../lib/gcc/arm-none-eabi/12.3.1/../../../../arm-none-eabi/lib/thumb/v7e-m+fp/hard\libc_nano.a(libc_a-malloc.o) (_malloc_r)
C:/ST/STM32CubeIDE_1.16.1/STM32CubeIDE/plugins/com.st.stm32cube.ide.mcu.externaltools.gnu-tools-for-stm32.12.3.rel1.win32_1.0.200.202406191623/tools/bin/../lib/gcc/arm-none-eabi/12.3.1/../../../../arm-none-eabi/lib/thumb/v7e-m+fp/hard\libc_nano.a(libc_a-mlock.o)
                              C:/ST/STM32CubeIDE_1.16.1/STM32CubeIDE/plugins/com.st.stm32cube.ide.mcu.externaltools.gnu-tools-for-stm32.12.3.rel1.win32_1.0.200.202406191623/tools/bin/../lib/gcc/arm-none-eabi/12.3.1/../../../../arm-none-eabi/lib/thumb/v7e-m+fp/hard\libc_nano.a(libc_a-mallocr.o) (__malloc_lock)
C:/ST/STM32CubeIDE_1.16.1/STM32CubeIDE/plugins/com.st.stm32cube.ide.mcu.externaltools.gnu-tools-for-stm32.12.3.rel1.win32_1.0.200.202406191623/tools/bin/../lib/gcc/arm-none-eabi/12.3.1/../../../../arm-none-eabi/lib/thumb/v7e-m+fp/hard\libc_nano.a(libc_a-realloc.o)
                              ./Core/Src/cJSON.o (realloc)
C:/ST/STM32CubeIDE_1.16.1/STM32CubeIDE/plugins/com.st.stm32cube.ide.mcu.externaltools.gnu-tools-for-stm32.12.3.rel1.win32_1.0.200.202406191623/tools/bin/../lib/gcc/arm-none-eabi/12.3.1/../../../../arm-none-eabi/lib/thumb/v7e-m+fp/hard\libc_nano.a(libc_a-reallocr.o)
                              C:/ST/STM32CubeIDE_1.16.1/STM32CubeIDE/plugins/com.st.stm32cube.ide.mcu.externaltools.gnu-tools-for-stm32.12.3.rel1.win32_1.0.200.202406191623/tools/bin/../lib/gcc/arm-none-eabi/12.3.1/../../../../arm-none-eabi/lib/thumb/v7e-m+fp/hard\libc_nano.a(libc_a-realloc.o) (_realloc_r)
C:/ST/STM32CubeIDE_1.16.1/STM32CubeIDE/plugins/com.st.stm32cube.ide.mcu.externaltools.gnu-tools-for-stm32.12.3.rel1.win32_1.0.200.202406191623/tools/bin/../lib/gcc/arm-none-eabi/12.3.1/../../../../arm-none-eabi/lib/thumb/v7e-m+fp/hard\libc_nano.a(libc_a-strtod.o)
                              ./Core/Src/cJSON.o (strtod)
C:/ST/STM32CubeIDE_1.16.1/STM32CubeIDE/plugins/com.st.stm32cube.ide.mcu.externaltools.gnu-tools-for-stm32.12.3.rel1.win32_1.0.200.202406191623/tools/bin/../lib/gcc/arm-none-eabi/12.3.1/../../../../arm-none-eabi/lib/thumb/v7e-m+fp/hard\libc_nano.a(libc_a-ctype_.o)
                              ./Core/Src/cJSON.o (_ctype_)
C:/ST/STM32CubeIDE_1.16.1/STM32CubeIDE/plugins/com.st.stm32cube.ide.mcu.externaltools.gnu-tools-for-stm32.12.3.rel1.win32_1.0.200.202406191623/tools/bin/../lib/gcc/arm-none-eabi/12.3.1/../../../../arm-none-eabi/lib/thumb/v7e-m+fp/hard\libc_nano.a(libc_a-findfp.o)
                              C:/ST/STM32CubeIDE_1.16.1/STM32CubeIDE/plugins/com.st.stm32cube.ide.mcu.externaltools.gnu-tools-for-stm32.12.3.rel1.win32_1.0.200.202406191623/tools/bin/../lib/gcc/arm-none-eabi/12.3.1/../../../../arm-none-eabi/lib/thumb/v7e-m+fp/hard\libc_nano.a(libc_a-exit.o) (__stdio_exit_handler)
C:/ST/STM32CubeIDE_1.16.1/STM32CubeIDE/plugins/com.st.stm32cube.ide.mcu.externaltools.gnu-tools-for-stm32.12.3.rel1.win32_1.0.200.202406191623/tools/bin/../lib/gcc/arm-none-eabi/12.3.1/../../../../arm-none-eabi/lib/thumb/v7e-m+fp/hard\libc_nano.a(libc_a-fwalk.o)
                              C:/ST/STM32CubeIDE_1.16.1/STM32CubeIDE/plugins/com.st.stm32cube.ide.mcu.externaltools.gnu-tools-for-stm32.12.3.rel1.win32_1.0.200.202406191623/tools/bin/../lib/gcc/arm-none-eabi/12.3.1/../../../../arm-none-eabi/lib/thumb/v7e-m+fp/hard\libc_nano.a(libc_a-findfp.o) (_fwalk_sglue)
[...]
Memory Configuration

Name             Origin             Length             Attributes
CCMRAM           0x10000000         0x00010000         xrw
RAM              0x20000000         0x00020000         xrw
FLASH            0x08000000         0x00080000         xr
*default*        0x00000000         0xffffffff

Linker script and memory map

LOAD C:/ST/STM32CubeIDE_1.16.1/STM32CubeIDE/plugins/com.st.stm32cube.ide.mcu.externaltools.gnu-tools-for-stm32.12.3.rel1.win32_1.0.200.202406191623/tools/bin/../lib/gcc/arm-none-eabi/12.3.1/thumb/v7e-m+fp/hard/crti.o
LOAD C:/ST/STM32CubeIDE_1.16.1/STM32CubeIDE/plugins/com.st.stm32cube.ide.mcu.externaltools.gnu-tools-for-stm32.12.3.rel1.win32_1.0.200.202406191623/tools/bin/../lib/gcc/arm-none-eabi/12.3.1/thumb/v7e-m+fp/hard/crtbegin.o
LOAD C:/ST/STM32CubeIDE_1.16.1/STM32CubeIDE/plugins/com.st.stm32cube.ide.mcu.externaltools.gnu-tools-for-stm32.12.3.rel1.win32_1.0.200.202406191623/tools/bin/../lib/gcc/arm-none-eabi/12.3.1/../../../../arm-none-eabi/lib/thumb/v7e-m+fp/hard/crt0.o
LOAD ./Core/Src/A.o
LOAD ./Core/Src/BackGround.o
LOAD ./Core/Src/BackGround2.o
LOAD ./Core/Src/Cloud1.o
LOAD ./Core/Src/Cloud2.o
LOAD ./Core/Src/DHT.o
LOAD ./Core/Src/Loading.o
LOAD ./Core/Src/STLogo.o
LOAD ./Core/Src/Tem.o
LOAD ./Core/Src/cJSON.o
LOAD ./Core/Src/calibrate.o
LOAD ./Core/Src/clockhumi.o
LOAD ./Core/Src/clocktem.o
LOAD ./Core/Src/cloudrate.o
LOAD ./Core/Src/doC.o
LOAD ./Core/Src/font12.o
LOAD ./Core/Src/font16.o
LOAD ./Core/Src/font20.o
LOAD ./Core/Src/font24.o
LOAD ./Core/Src/font8.o
LOAD ./Core/Src/front_end.o
LOAD ./Core/Src/hot.o
LOAD ./Core/Src/humi.o
LOAD ./Core/Src/ice.o
LOAD ./Core/Src/icon1.o
LOAD ./Core/Src/icon2.o
LOAD ./Core/Src/icon3.o
LOAD ./Core/Src/ili9341.o
LOAD ./Core/Src/location.o
LOAD ./Core/Src/main.o
LOAD ./Core/Src/next.o
LOAD ./Core/Src/next1.o
LOAD ./Core/Src/stm32f4xx_hal_msp.o
LOAD ./Core/Src/stm32f4xx_it.o
LOAD ./Core/Src/syscalls.o
LOAD ./Core/Src/sysmem.o
LOAD ./Core/Src/system_stm32f4xx.o
LOAD ./Core/Src/touch.o
LOAD ./Core/Src/tree.o
LOAD ./Core/Src/tree1.o
LOAD ./Core/Src/water.o
LOAD ./Core/Src/weather.o
LOAD ./Core/Src/wether.o
LOAD ./Core/Src/wind.o
LOAD ./Core/Src/yourname5.1.o
LOAD ./Core/Src/z6030061336714_5dbe1c34090d7e2346532e65515815be.o
LOAD ./Core/Startup/startup_stm32f407vetx.o
LOAD ./Drivers/STM32F4xx_HAL_Driver/Src/stm32f4xx_hal.o
LOAD ./Drivers/STM32F4xx_HAL_Driver/Src/stm32f4xx_hal_cortex.o
LOAD ./Drivers/STM32F4xx_HAL_Driver/Src/stm32f4xx_hal_dma.o
LOAD ./Drivers/STM32F4xx_HAL_Driver/Src/stm32f4xx_hal_dma_ex.o
LOAD ./Drivers/STM32F4xx_HAL_Driver/Src/stm32f4xx_hal_exti.o
LOAD ./Drivers/STM32F4xx_HAL_Driver/Src/stm32f4xx_hal_flash.o
LOAD ./Drivers/STM32F4xx_HAL_Driver/Src/stm32f4xx_hal_flash_ex.o
LOAD ./Drivers/STM32F4xx_HAL_Driver/Src/stm32f4xx_hal_flash_ramfunc.o
LOAD ./Drivers/STM32F4xx_HAL_Driver/Src/stm32f4xx_hal_gpio.o
LOAD ./Drivers/STM32F4xx_HAL_Driver/Src/stm32f4xx_hal_pwr.o
LOAD ./Drivers/STM32F4xx_HAL_Driver/Src/stm32f4xx_hal_pwr_ex.o
LOAD ./Drivers/STM32F4xx_HAL_Driver/Src/stm32f4xx_hal_rcc.o
LOAD ./Drivers/STM32F4xx_HAL_Driver/Src/stm32f4xx_hal_rcc_ex.o
LOAD ./Drivers/STM32F4xx_HAL_Driver/Src/stm32f4xx_hal_spi.o
LOAD ./Drivers/STM32F4xx_HAL_Driver/Src/stm32f4xx_hal_sram.o
LOAD ./Drivers/STM32F4xx_HAL_Driver/Src/stm32f4xx_hal_tim.o
LOAD ./Drivers/STM32F4xx_HAL_Driver/Src/stm32f4xx_hal_tim_ex.o
LOAD ./Drivers/STM32F4xx_HAL_Driver/Src/stm32f4xx_hal_uart.o
LOAD ./Drivers/STM32F4xx_HAL_Driver/Src/stm32f4xx_ll_fsmc.o
START GROUP
LOAD C:/ST/STM32CubeIDE_1.16.1/STM32CubeIDE/plugins/com.st.stm32cube.ide.mcu.externaltools.gnu-tools-for-stm32.12.3.rel1.win32_1.0.200.202406191623/tools/bin/../lib/gcc/arm-none-eabi/12.3.1/../../../../arm-none-eabi/lib/thumb/v7e-m+fp/hard\libc_nano.a
LOAD C:/ST/STM32CubeIDE_1.16.1/STM32CubeIDE/plugins/com.st.stm32cube.ide.mcu.externaltools.gnu-tools-for-stm32.12.3.rel1.win32_1.0.200.202406191623/tools/bin/../lib/gcc/arm-none-eabi/12.3.1/../../../../arm-none-eabi/lib/thumb/v7e-m+fp/hard\libm.a
END GROUP
START GROUP
LOAD C:/ST/STM32CubeIDE_1.16.1/STM32CubeIDE/plugins/com.st.stm32cube.ide.mcu.externaltools.gnu-tools-for-stm32.12.3.rel1.win32_1.0.200.202406191623/tools/bin/../lib/gcc/arm-none-eabi/12.3.1/thumb/v7e-m+fp/hard\libgcc.a
LOAD C:/ST/STM32CubeIDE_1.16.1/STM32CubeIDE/plugins/com.st.stm32cube.ide.mcu.externaltools.gnu-tools-for-stm32.12.3.rel1.win32_1.0.200.202406191623/tools/bin/../lib/gcc/arm-none-eabi/12.3.1/../../../../arm-none-eabi/lib/thumb/v7e-m+fp/hard\libc_nano.a
END GROUP
START GROUP
LOAD C:/ST/STM32CubeIDE_1.16.1/STM32CubeIDE/plugins/com.st.stm32cube.ide.mcu.externaltools.gnu-tools-for-stm32.12.3.rel1.win32_1.0.200.202406191623/tools/bin/../lib/gcc/arm-none-eabi/12.3.1/thumb/v7e-m+fp/hard\libgcc.a
LOAD C:/ST/STM32CubeIDE_1.16.1/STM32CubeIDE/plugins/com.st.stm32cube.ide.mcu.externaltools.gnu-tools-for-stm32.12.3.rel1.win32_1.0.200.202406191623/tools/bin/../lib/gcc/arm-none-eabi/12.3.1/../../../../arm-none-eabi/lib/thumb/v7e-m+fp/hard\libc_nano.a
LOAD C:/ST/STM32CubeIDE_1.16.1/STM32CubeIDE/plugins/com.st.stm32cube.ide.mcu.externaltools.gnu-tools-for-stm32.12.3.rel1.win32_1.0.200.202406191623/tools/bin/../lib/gcc/arm-none-eabi/12.3.1/../../../../arm-none-eabi/lib/thumb/v7e-m+fp/hard\libnosys.a
END GROUP
START GROUP
LOAD C:/ST/STM32CubeIDE_1.16.1/STM32CubeIDE/plugins/com.st.stm32cube.ide.mcu.externaltools.gnu-tools-for-stm32.12.3.rel1.win32_1.0.200.202406191623/tools/bin/../lib/gcc/arm-none-eabi/12.3.1/thumb/v7e-m+fp/hard\libgcc.a
LOAD C:/ST/STM32CubeIDE_1.16.1/STM32CubeIDE/plugins/com.st.stm32cube.ide.mcu.externaltools.gnu-tools-for-stm32.12.3.rel1.win32_1.0.200.202406191623/tools/bin/../lib/gcc/arm-none-eabi/12.3.1/../../../../arm-none-eabi/lib/thumb/v7e-m+fp/hard\libc_nano.a
LOAD C:/ST/STM32CubeIDE_1.16.1/STM32CubeIDE/plugins/com.st.stm32cube.ide.mcu.externaltools.gnu-tools-for-stm32.12.3.rel1.win32_1.0.200.202406191623/tools/bin/../lib/gcc/arm-none-eabi/12.3.1/../../../../arm-none-eabi/lib/thumb/v7e-m+fp/hard\libnosys.a
END GROUP
LOAD C:/ST/STM32CubeIDE_1.16.1/STM32CubeIDE/plugins/com.st.stm32cube.ide.mcu.externaltools.gnu-tools-for-stm32.12.3.rel1.win32_1.0.200.202406191623/tools/bin/../lib/gcc/arm-none-eabi/12.3.1/thumb/v7e-m+fp/hard/crtend.o
LOAD C:/ST/STM32CubeIDE_1.16.1/STM32CubeIDE/plugins/com.st.stm32cube.ide.mcu.externaltools.gnu-tools-for-stm32.12.3.rel1.win32_1.0.200.202406191623/tools/bin/../lib/gcc/arm-none-eabi/12.3.1/thumb/v7e-m+fp/hard/crtn.o
                0x20020000                        _estack = (ORIGIN (RAM) + LENGTH (RAM))
                0x00000200                        _Min_Heap_Size = 0x200
                0x00000400                        _Min_Stack_Size = 0x400

.isr_vector     0x08000000      0x188
                0x08000000                        . = ALIGN (0x4)
 *(.isr_vector)
 .isr_vector    0x08000000      0x188 ./Core/Startup/startup_stm32f407vetx.o
                0x08000000                g_pfnVectors
                0x08000188                        . = ALIGN (0x4)

.text           0x08000190     0xe984
                0x08000190                        . = ALIGN (0x4)
 *(.text)
 .text          0x08000190       0x40 C:/ST/STM32CubeIDE_1.16.1/STM32CubeIDE/plugins/com.st.stm32cube.ide.mcu.externaltools.gnu-tools-for-stm32.12.3.rel1.win32_1.0.200.202406191623/tools/bin/../lib/gcc/arm-none-eabi/12.3.1/thumb/v7e-m+fp/hard/crtbegin.o
 .text          0x080001d0       0x14 C:/ST/STM32CubeIDE_1.16.1/STM32CubeIDE/plugins/com.st.stm32cube.ide.mcu.externaltools.gnu-tools-for-stm32.12.3.rel1.win32_1.0.200.202406191623/tools/bin/../lib/gcc/arm-none-eabi/12.3.1/../../../../arm-none-eabi/lib/thumb/v7e-m+fp/hard\libc_nano.a(libc_a-strcmp.o)
                0x080001d0                strcmp
 .text          0x080001e4       0x10 C:/ST/STM32CubeIDE_1.16.1/STM32CubeIDE/plugins/com.st.stm32cube.ide.mcu.externaltools.gnu-tools-for-stm32.12.3.rel1.win32_1.0.200.202406191623/tools/bin/../lib/gcc/arm-none-eabi/12.3.1/../../../../arm-none-eabi/lib/thumb/v7e-m+fp/hard\libc_nano.a(libc_a-strlen.o)
                0x080001e4                strlen
 *fill*         0x080001f4        0xc 
 .text          0x08000200       0xa0 C:/ST/STM32CubeIDE_1.16.1/STM32CubeIDE/plugins/com.st.stm32cube.ide.mcu.externaltools.gnu-tools-for-stm32.12.3.rel1.win32_1.0.200.202406191623/tools/bin/../lib/gcc/arm-none-eabi/12.3.1/../../../../arm-none-eabi/lib/thumb/v7e-m+fp/hard\libc_nano.a(libc_a-memchr.o)
                0x08000200                memchr
 .text          0x080002a0      0x378 C:/ST/STM32CubeIDE_1.16.1/STM32CubeIDE/plugins/com.st.stm32cube.ide.mcu.externaltools.gnu-tools-for-stm32.12.3.rel1.win32_1.0.200.202406191623/tools/bin/../lib/gcc/arm-none-eabi/12.3.1/thumb/v7e-m+fp/hard\libgcc.a(_arm_addsubdf3.o)
                0x080002a0                __aeabi_drsub
                0x080002a8                __aeabi_dsub
                0x080002a8                __subdf3
                0x080002ac                __aeabi_dadd
                0x080002ac                __adddf3
                0x08000524                __floatunsidf
                0x08000524                __aeabi_ui2d
                0x08000544                __floatsidf
                0x08000544                __aeabi_i2d
                0x08000568                __aeabi_f2d
                0x08000568                __extendsfdf2
                0x080005ac                __floatundidf
                0x080005ac                __aeabi_ul2d
                0x080005bc                __floatdidf
                0x080005bc                __aeabi_l2d
 .text          0x08000618      0x424 C:/ST/STM32CubeIDE_1.16.1/STM32CubeIDE/plugins/com.st.stm32cube.ide.mcu.externaltools.gnu-tools-for-stm32.12.3.rel1.win32_1.0.200.202406191623/tools/bin/../lib/gcc/arm-none-eabi/12.3.1/thumb/v7e-m+fp/hard\libgcc.a(_arm_muldivdf3.o)
                0x08000618                __aeabi_dmul
                0x08000618                __muldf3
                0x0800086c                __divdf3
                0x0800086c                __aeabi_ddiv
 .text          0x08000a3c      0x110 C:/ST/STM32CubeIDE_1.16.1/STM32CubeIDE/plugins/com.st.stm32cube.ide.mcu.externaltools.gnu-tools-for-stm32.12.3.rel1.win32_1.0.200.202406191623/tools/bin/../lib/gcc/arm-none-eabi/12.3.1/thumb/v7e-m+fp/hard\libgcc.a(_arm_cmpdf2.o)
                0x08000a3c                __gtdf2
                0x08000a3c                __gedf2
                0x08000a44                __ltdf2
                0x08000a44                __ledf2
                0x08000a4c                __nedf2
                0x08000a4c                __eqdf2
                0x08000a4c                __cmpdf2
                0x08000ac8                __aeabi_cdrcmple
                0x08000ad8                __aeabi_cdcmpeq
                0x08000ad8                __aeabi_cdcmple
                0x08000ae8                __aeabi_dcmpeq
                0x08000afc                __aeabi_dcmplt
                0x08000b10                __aeabi_dcmple
                0x08000b24                __aeabi_dcmpge
                0x08000b38                __aeabi_dcmpgt
 .text          0x08000b4c       0x50 C:/ST/STM32CubeIDE_1.16.1/STM32CubeIDE/plugins/com.st.stm32cube.ide.mcu.externaltools.gnu-tools-for-stm32.12.3.rel1.win32_1.0.200.202406191623/tools/bin/../lib/gcc/arm-none-eabi/12.3.1/thumb/v7e-m+fp/hard\libgcc.a(_arm_fixdfsi.o)
                0x08000b4c                __aeabi_d2iz
                0x08000b4c                __fixdfsi
 .text          0x08000b9c       0x40 C:/ST/STM32CubeIDE_1.16.1/STM32CubeIDE/plugins/com.st.stm32cube.ide.mcu.externaltools.gnu-tools-for-stm32.12.3.rel1.win32_1.0.200.202406191623/tools/bin/../lib/gcc/arm-none-eabi/12.3.1/thumb/v7e-m+fp/hard\libgcc.a(_arm_fixunsdfsi.o)
                0x08000b9c                __aeabi_d2uiz
                0x08000b9c                __fixunsdfsi
 .text          0x08000bdc       0x30 C:/ST/STM32CubeIDE_1.16.1/STM32CubeIDE/plugins/com.st.stm32cube.ide.mcu.externaltools.gnu-tools-for-stm32.12.3.rel1.win32_1.0.200.202406191623/tools/bin/../lib/gcc/arm-none-eabi/12.3.1/thumb/v7e-m+fp/hard\libgcc.a(_aeabi_uldivmod.o)
                0x08000bdc                __aeabi_uldivmod
 .text          0x08000c0c       0x30 C:/ST/STM32CubeIDE_1.16.1/STM32CubeIDE/plugins/com.st.stm32cube.ide.mcu.externaltools.gnu-tools-for-stm32.12.3.rel1.win32_1.0.200.202406191623/tools/bin/../lib/gcc/arm-none-eabi/12.3.1/thumb/v7e-m+fp/hard\libgcc.a(_fixdfdi.o)
                0x08000c0c                __fixdfdi
                0x08000c0c                __aeabi_d2lz
 .text          0x08000c3c       0x3c C:/ST/STM32CubeIDE_1.16.1/STM32CubeIDE/plugins/com.st.stm32cube.ide.mcu.externaltools.gnu-tools-for-stm32.12.3.rel1.win32_1.0.200.202406191623/tools/bin/../lib/gcc/arm-none-eabi/12.3.1/thumb/v7e-m+fp/hard\libgcc.a(_fixunsdfdi.o)
                0x08000c3c                __fixunsdfdi
                0x08000c3c                __aeabi_d2ulz
 .text          0x08000c78      0x2bc C:/ST/STM32CubeIDE_1.16.1/STM32CubeIDE/plugins/com.st.stm32cube.ide.mcu.externaltools.gnu-tools-for-stm32.12.3.rel1.win32_1.0.200.202406191623/tools/bin/../lib/gcc/arm-none-eabi/12.3.1/thumb/v7e-m+fp/hard\libgcc.a(_udivmoddi4.o)
                0x08000c78                __udivmoddi4
 .text          0x08000f34        0x4 C:/ST/STM32CubeIDE_1.16.1/STM32CubeIDE/plugins/com.st.stm32cube.ide.mcu.externaltools.gnu-tools-for-stm32.12.3.rel1.win32_1.0.200.202406191623/tools/bin/../lib/gcc/arm-none-eabi/12.3.1/thumb/v7e-m+fp/hard\libgcc.a(_dvmd_tls.o)
                0x08000f34                __aeabi_idiv0
                0x08000f34                __aeabi_ldiv0
 *(.text*)
 .text.goToOutput
                0x08000f38       0x54 ./Core/Src/DHT.o
 .text.goToInput
                0x08000f8c       0x40 ./Core/Src/DHT.o
 .text.DHT_getData
                0x08000fcc      0x35c ./Core/Src/DHT.o
                0x08000fcc                DHT_getData
 .text.DHT_ReadData
                0x08001328       0x8c ./Core/Src/DHT.o
                0x08001328                DHT_ReadData
 .text.case_insensitive_strcmp
                0x080013b4       0xd8 ./Core/Src/cJSON.o
 .text.cJSON_New_Item
                0x0800148c       0x2c ./Core/Src/cJSON.o
 .text.cJSON_Delete
                0x080014b8       0xa0 ./Core/Src/cJSON.o
                0x080014b8                cJSON_Delete
 .text.get_decimal_point
                0x08001558       0x10 ./Core/Src/cJSON.o
 .text.parse_number
                0x08001568      0x198 ./Core/Src/cJSON.o
 .text.parse_hex4
                0x08001700       0xc4 ./Core/Src/cJSON.o
 .text.utf16_literal_to_utf8
                0x080017c4      0x1d0 ./Core/Src/cJSON.o
 .text.parse_string
                0x08001994      0x290 ./Core/Src/cJSON.o
 .text.buffer_skip_whitespace
                0x08001c24       0x80 ./Core/Src/cJSON.o
 .text.skip_utf8_bom
                0x08001ca4       0x68 ./Core/Src/cJSON.o
 .text.cJSON_ParseWithOpts
                0x08001d0c       0x38 ./Core/Src/cJSON.o
                0x08001d0c                cJSON_ParseWithOpts
 .text.cJSON_ParseWithLengthOpts
                0x08001d44      0x134 ./Core/Src/cJSON.o
                0x08001d44                cJSON_ParseWithLengthOpts
 .text.cJSON_Parse
                0x08001e78       0x1c ./Core/Src/cJSON.o
                0x08001e78                cJSON_Parse
 .text.parse_value
                0x08001e94      0x1d8 ./Core/Src/cJSON.o
 .text.parse_array
                0x0800206c      0x188 ./Core/Src/cJSON.o
 .text.parse_object
                0x080021f4      0x218 ./Core/Src/cJSON.o
 .text.cJSON_GetArraySize
                0x0800240c       0x42 ./Core/Src/cJSON.o
                0x0800240c                cJSON_GetArraySize
 .text.get_array_item
                0x0800244e       0x46 ./Core/Src/cJSON.o
 .text.cJSON_GetArrayItem
                0x08002494       0x28 ./Core/Src/cJSON.o
                0x08002494                cJSON_GetArrayItem
 .text.get_object_item
                0x080024bc       0x90 ./Core/Src/cJSON.o
 .text.cJSON_GetObjectItem
                0x0800254c       0x1e ./Core/Src/cJSON.o
                0x0800254c                cJSON_GetObjectItem
 .text.setCalibrationMatrix
                0x0800256a      0x27c ./Core/Src/calibrate.o
                0x0800256a                setCalibrationMatrix
 .text.getDisplayPoint
                0x080027e6       0x86 ./Core/Src/calibrate.o
                0x080027e6                getDisplayPoint
 .text.DrawCloud
                0x0800286c       0x28 ./Core/Src/front_end.o
                0x0800286c                DrawCloud
 .text.TextTitle
                0x08002894       0x44 ./Core/Src/front_end.o
                0x08002894                TextTitle
 .text.CloudRain
                0x080028d8      0x1e2 ./Core/Src/front_end.o
                0x080028d8                CloudRain
 .text.CloudSun
                0x08002aba       0x80 ./Core/Src/front_end.o
                0x08002aba                CloudSun
 .text.CloudMoon
                0x08002b3a       0x9e ./Core/Src/front_end.o
                0x08002b3a                CloudMoon
 .text.CloudThunder
                0x08002bd8      0x3e6 ./Core/Src/front_end.o
                0x08002bd8                CloudThunder
 .text.interpolateColor
                0x08002fbe      0x116 ./Core/Src/front_end.o
                0x08002fbe                interpolateColor
 .text.DrawGradientLine
                0x080030d4      0x132 ./Core/Src/front_end.o
                0x080030d4                DrawGradientLine
 *fill*         0x08003206        0x2 
 .text.WeatherDay
                0x08003208      0x524 ./Core/Src/front_end.o
                0x08003208                WeatherDay
 .text.DrawThermometer
                0x0800372c      0x23e ./Core/Src/front_end.o
                0x0800372c                DrawThermometer
 *fill*         0x0800396a        0x2 
 .text.DrawIconHumidyti1
                0x0800396c       0x28 ./Core/Src/front_end.o
                0x0800396c                DrawIconHumidyti1
 .text.DrawIconDate
                0x08003994       0x28 ./Core/Src/front_end.o
                0x08003994                DrawIconDate
 .text.DrawIconWeather
                0x080039bc       0x28 ./Core/Src/front_end.o
                0x080039bc                DrawIconWeather
 .text.DrawIconTem
                0x080039e4       0x28 ./Core/Src/front_end.o
                0x080039e4                DrawIconTem
 .text.DrawIconWind
                0x08003a0c       0x28 ./Core/Src/front_end.o
                0x08003a0c                DrawIconWind
 .text.TextTemperature16
                0x08003a34      0x1a8 ./Core/Src/front_end.o
                0x08003a34                TextTemperature16
 .text.TextHumidyti16
                0x08003bdc       0xe4 ./Core/Src/front_end.o
                0x08003bdc                TextHumidyti16
 .text.TextTime
                0x08003cc0       0x48 ./Core/Src/front_end.o
                0x08003cc0                TextTime
 .text.TextDate
                0x08003d08       0x48 ./Core/Src/front_end.o
                0x08003d08                TextDate
 .text.TextLocation
                0x08003d50       0x94 ./Core/Src/front_end.o
                0x08003d50                TextLocation
 .text.TextSensor
                0x08003de4       0xac ./Core/Src/front_end.o
                0x08003de4                TextSensor
 .text.TextCloudRate
                0x08003e90       0x8c ./Core/Src/front_end.o
                0x08003e90                TextCloudRate
 .text.DrawIconHot
                0x08003f1c       0x28 ./Core/Src/front_end.o
                0x08003f1c                DrawIconHot
 .text.DrawIconIce
                0x08003f44       0x28 ./Core/Src/front_end.o
                0x08003f44                DrawIconIce
 .text.DrawIconTree
                0x08003f6c       0x28 ./Core/Src/front_end.o
                0x08003f6c                DrawIconTree
 .text.DrawIconWater
                0x08003f94       0x28 ./Core/Src/front_end.o
                0x08003f94                DrawIconWater
 .text.DrawIconClockTem
                0x08003fbc       0x28 ./Core/Src/front_end.o
                0x08003fbc                DrawIconClockTem
 .text.DrawIconClockHumi
                0x08003fe4       0x28 ./Core/Src/front_end.o
                0x08003fe4                DrawIconClockHumi
 .text.DrawIconCloudRate
                0x0800400c       0x28 ./Core/Src/front_end.o
                0x0800400c                DrawIconCloudRate
 .text.DrawIconLocation
                0x08004034       0x28 ./Core/Src/front_end.o
                0x08004034                DrawIconLocation
 .text.DrawIconNext1
                0x0800405c       0x28 ./Core/Src/front_end.o
                0x0800405c                DrawIconNext1
 .text.OneDay   0x08004084      0x210 ./Core/Src/front_end.o
                0x08004084                OneDay
 .text.Screen0  0x08004294       0x20 ./Core/Src/front_end.o
                0x08004294                Screen0
 .text.Screen1  0x080042b4      0x1f8 ./Core/Src/front_end.o
                0x080042b4                Screen1
 .text.Screen2  0x080044ac      0x1b0 ./Core/Src/front_end.o
                0x080044ac                Screen2
 .text.Screen3  0x0800465c      0x270 ./Core/Src/front_end.o
                0x0800465c                Screen3
 .text.lcdInit  0x080048cc      0x2e8 ./Core/Src/ili9341.o
                0x080048cc                lcdInit
 .text.lcdFillRGB
                0x08004bb4       0x54 ./Core/Src/ili9341.o
                0x08004bb4                lcdFillRGB
 .text.lcdDrawPixel
                0x08004c08       0x48 ./Core/Src/ili9341.o
                0x08004c08                lcdDrawPixel
 .text.lcdDrawHLine
                0x08004c50       0x8c ./Core/Src/ili9341.o
                0x08004c50                lcdDrawHLine
 .text.lcdDrawVLine
                0x08004cdc       0xa0 ./Core/Src/ili9341.o
                0x08004cdc                lcdDrawVLine
 .text.lcdDrawLine
                0x08004d7c      0x13c ./Core/Src/ili9341.o
                0x08004d7c                lcdDrawLine
 .text.lcdDrawRoundRect
                0x08004eb8      0x162 ./Core/Src/ili9341.o
                0x08004eb8                lcdDrawRoundRect
 .text.lcdDrawCircleHelper
                0x0800501a      0x188 ./Core/Src/ili9341.o
                0x0800501a                lcdDrawCircleHelper
 .text.lcdDrawCircle
                0x080051a2      0x1a8 ./Core/Src/ili9341.o
                0x080051a2                lcdDrawCircle
 .text.lcdFillCircle
                0x0800534a       0x5c ./Core/Src/ili9341.o
                0x0800534a                lcdFillCircle
 .text.lcdFillCircleHelper
                0x080053a6      0x154 ./Core/Src/ili9341.o
                0x080053a6                lcdFillCircleHelper
 *fill*         0x080054fa        0x2 
 .text.lcdFillRect
                0x080054fc       0xb8 ./Core/Src/ili9341.o
                0x080054fc                lcdFillRect
 .text.lcdFillRoundRect
                0x080055b4       0xca ./Core/Src/ili9341.o
                0x080055b4                lcdFillRoundRect
 *fill*         0x0800567e        0x2 
 .text.lcdDrawImage
                0x08005680       0xa8 ./Core/Src/ili9341.o
                0x08005680                lcdDrawImage
 .text.lcdDrawChar
                0x08005728      0x154 ./Core/Src/ili9341.o
                0x08005728                lcdDrawChar
 .text.lcdPrintf
                0x0800587c      0x118 ./Core/Src/ili9341.o
                0x0800587c                lcdPrintf
 .text.lcdSetTextFont
                0x08005994       0x20 ./Core/Src/ili9341.o
                0x08005994                lcdSetTextFont
 .text.lcdSetTextColor
                0x080059b4       0x2c ./Core/Src/ili9341.o
                0x080059b4                lcdSetTextColor
 .text.lcdSetOrientation
                0x080059e0       0xd4 ./Core/Src/ili9341.o
                0x080059e0                lcdSetOrientation
 .text.lcdSetCursor
                0x08005ab4       0x34 ./Core/Src/ili9341.o
                0x08005ab4                lcdSetCursor
 .text.lcdSetWindow
                0x08005ae8       0x98 ./Core/Src/ili9341.o
                0x08005ae8                lcdSetWindow
 .text.lcdDrawPixels
                0x08005b80       0x58 ./Core/Src/ili9341.o
 .text.lcdReset
                0x08005bd8       0x14 ./Core/Src/ili9341.o
 .text.lcdWriteCommand
                0x08005bec       0x20 ./Core/Src/ili9341.o
 .text.lcdWriteData
                0x08005c0c       0x20 ./Core/Src/ili9341.o
 .text.lcdBuildMemoryAccessControlConfig
                0x08005c2c       0x82 ./Core/Src/ili9341.o
 *fill*         0x08005cae        0x2 
 .text.main     0x08005cb0      0xa90 ./Core/Src/main.o
                0x08005cb0                main
 .text.SystemClock_Config
                0x08006740       0xd4 ./Core/Src/main.o
                0x08006740                SystemClock_Config
 .text.MX_SPI2_Init
                0x08006814       0x6c ./Core/Src/main.o
 .text.MX_TIM2_Init
                0x08006880       0x9c ./Core/Src/main.o
 .text.MX_TIM3_Init
                0x0800691c       0x9c ./Core/Src/main.o
 .text.MX_USART1_UART_Init
                0x080069b8       0x54 ./Core/Src/main.o
 .text.MX_GPIO_Init
                0x08006a0c      0x114 ./Core/Src/main.o
 .text.MX_FSMC_Init
                0x08006b20       0xc0 ./Core/Src/main.o
 .text.HAL_TIM_PeriodElapsedCallback
                0x08006be0       0x70 ./Core/Src/main.o
                0x08006be0                HAL_TIM_PeriodElapsedCallback
 .text.Send_AT_Command
                0x08006c50       0x74 ./Core/Src/main.o
                0x08006c50                Send_AT_Command
 .text.Send_AT_Commands
                0x08006cc4       0xe4 ./Core/Src/main.o
                0x08006cc4                Send_AT_Commands
 .text.Resend_AT_Commands
                0x08006da8       0xb4 ./Core/Src/main.o
                0x08006da8                Resend_AT_Commands
 .text.HAL_UART_RxCpltCallback
                0x08006e5c       0x30 ./Core/Src/main.o
                0x08006e5c                HAL_UART_RxCpltCallback
 .text.extractJsonObject
                0x08006e8c       0x80 ./Core/Src/main.o
                0x08006e8c                extractJsonObject
 .text.processWeather
                0x08006f0c      0x494 ./Core/Src/main.o
                0x08006f0c                processWeather
 .text.Error_Handler
                0x080073a0        0xc ./Core/Src/main.o
                0x080073a0                Error_Handler
 .text.HAL_MspInit
                0x080073ac       0x50 ./Core/Src/stm32f4xx_hal_msp.o
                0x080073ac                HAL_MspInit
 .text.HAL_SPI_MspInit
                0x080073fc       0x90 ./Core/Src/stm32f4xx_hal_msp.o
                0x080073fc                HAL_SPI_MspInit
 .text.HAL_TIM_Base_MspInit
                0x0800748c       0x88 ./Core/Src/stm32f4xx_hal_msp.o
                0x0800748c                HAL_TIM_Base_MspInit
 .text.HAL_UART_MspInit
                0x08007514       0xa0 ./Core/Src/stm32f4xx_hal_msp.o
                0x08007514                HAL_UART_MspInit
 .text.HAL_FSMC_MspInit
                0x080075b4       0x98 ./Core/Src/stm32f4xx_hal_msp.o
 .text.HAL_SRAM_MspInit
                0x0800764c       0x14 ./Core/Src/stm32f4xx_hal_msp.o
                0x0800764c                HAL_SRAM_MspInit
 .text.NMI_Handler
                0x08007660        0x8 ./Core/Src/stm32f4xx_it.o
                0x08007660                NMI_Handler
 .text.HardFault_Handler
                0x08007668        0x8 ./Core/Src/stm32f4xx_it.o
                0x08007668                HardFault_Handler
 .text.MemManage_Handler
                0x08007670        0x8 ./Core/Src/stm32f4xx_it.o
                0x08007670                MemManage_Handler
 .text.BusFault_Handler
                0x08007678        0x8 ./Core/Src/stm32f4xx_it.o
                0x08007678                BusFault_Handler
 .text.UsageFault_Handler
                0x08007680        0x8 ./Core/Src/stm32f4xx_it.o
                0x08007680                UsageFault_Handler
 .text.SVC_Handler
                0x08007688        0xe ./Core/Src/stm32f4xx_it.o
                0x08007688                SVC_Handler
 .text.DebugMon_Handler
                0x08007696        0xe ./Core/Src/stm32f4xx_it.o
                0x08007696                DebugMon_Handler
 .text.PendSV_Handler
                0x080076a4        0xe ./Core/Src/stm32f4xx_it.o
                0x080076a4                PendSV_Handler
 .text.SysTick_Handler
                0x080076b2        0xc ./Core/Src/stm32f4xx_it.o
                0x080076b2                SysTick_Handler
 *fill*         0x080076be        0x2 
 .text.TIM2_IRQHandler
                0x080076c0       0x14 ./Core/Src/stm32f4xx_it.o
                0x080076c0                TIM2_IRQHandler
 .text.TIM3_IRQHandler
                0x080076d4       0x14 ./Core/Src/stm32f4xx_it.o
                0x080076d4                TIM3_IRQHandler
 .text.USART1_IRQHandler
                0x080076e8       0x14 ./Core/Src/stm32f4xx_it.o
                0x080076e8                USART1_IRQHandler
 .text._getpid  0x080076fc       0x10 ./Core/Src/syscalls.o
                0x080076fc                _getpid
 .text._kill    0x0800770c       0x20 ./Core/Src/syscalls.o
                0x0800770c                _kill
 .text._exit    0x0800772c       0x16 ./Core/Src/syscalls.o
                0x0800772c                _exit
 .text._read    0x08007742       0x3a ./Core/Src/syscalls.o
                0x08007742                _read
 .text._write   0x0800777c       0x38 ./Core/Src/syscalls.o
                0x0800777c                _write
 .text._close   0x080077b4       0x18 ./Core/Src/syscalls.o
                0x080077b4                _close
 .text._fstat   0x080077cc       0x20 ./Core/Src/syscalls.o
                0x080077cc                _fstat
 .text._isatty  0x080077ec       0x16 ./Core/Src/syscalls.o
                0x080077ec                _isatty
 .text._lseek   0x08007802       0x1a ./Core/Src/syscalls.o
                0x08007802                _lseek
 .text._sbrk    0x0800781c       0x6c ./Core/Src/sysmem.o
                0x0800781c                _sbrk
 .text.SystemInit
                0x08007888       0x24 ./Core/Src/system_stm32f4xx.o
                0x08007888                SystemInit
 .text.SpiTransfer
                0x080078ac       0x2c ./Core/Src/touch.o
 .text.GetPointRaw
                0x080078d8      0x250 ./Core/Src/touch.o
 .text.TouchIsTouched
                0x08007b28       0x2c ./Core/Src/touch.o
                0x08007b28                TouchIsTouched
 .text.TouchGetCalibratedPoint
                0x08007b54       0x8c ./Core/Src/touch.o
                0x08007b54                TouchGetCalibratedPoint
 .text.TouchCalibrate
                0x08007be0       0x5c ./Core/Src/touch.o
                0x08007be0                TouchCalibrate
 .text.Reset_Handler
                0x08007c3c       0x50 ./Core/Startup/startup_stm32f407vetx.o
                0x08007c3c                Reset_Handler
 .text.Default_Handler
                0x08007c8c        0x2 ./Core/Startup/startup_stm32f407vetx.o
                0x08007c8c                RTC_Alarm_IRQHandler
                0x08007c8c                HASH_RNG_IRQHandler
                0x08007c8c                EXTI2_IRQHandler
                0x08007c8c                TIM8_CC_IRQHandler
                0x08007c8c                TIM1_CC_IRQHandler
                0x08007c8c                DMA2_Stream5_IRQHandler
                0x08007c8c                DMA1_Stream5_IRQHandler
                0x08007c8c                PVD_IRQHandler
                0x08007c8c                SDIO_IRQHandler
                0x08007c8c                TAMP_STAMP_IRQHandler
                0x08007c8c                CAN2_RX1_IRQHandler
                0x08007c8c                EXTI3_IRQHandler
                0x08007c8c                TIM8_TRG_COM_TIM14_IRQHandler
                0x08007c8c                TIM1_UP_TIM10_IRQHandler
                0x08007c8c                TIM8_UP_TIM13_IRQHandler
                0x08007c8c                I2C3_ER_IRQHandler
                0x08007c8c                EXTI0_IRQHandler
                0x08007c8c                I2C2_EV_IRQHandler
                0x08007c8c                DMA1_Stream2_IRQHandler
                0x08007c8c                CAN1_RX0_IRQHandler
                0x08007c8c                FPU_IRQHandler
                0x08007c8c                OTG_HS_WKUP_IRQHandler
                0x08007c8c                CAN2_SCE_IRQHandler
                0x08007c8c                DMA2_Stream2_IRQHandler
                0x08007c8c                SPI1_IRQHandler
                0x08007c8c                TIM6_DAC_IRQHandler
                0x08007c8c                TIM1_BRK_TIM9_IRQHandler
                0x08007c8c                DCMI_IRQHandler
                0x08007c8c                CAN2_RX0_IRQHandler
                0x08007c8c                DMA2_Stream3_IRQHandler
                0x08007c8c                USART6_IRQHandler
                0x08007c8c                USART3_IRQHandler
                0x08007c8c                CAN1_RX1_IRQHandler
                0x08007c8c                UART5_IRQHandler
                0x08007c8c                DMA2_Stream0_IRQHandler
                0x08007c8c                TIM4_IRQHandler
                0x08007c8c                I2C1_EV_IRQHandler
                0x08007c8c                DMA1_Stream6_IRQHandler
                0x08007c8c                DMA1_Stream1_IRQHandler
                0x08007c8c                UART4_IRQHandler
                0x08007c8c                RCC_IRQHandler
                0x08007c8c                TIM8_BRK_TIM12_IRQHandler
                0x08007c8c                Default_Handler
                0x08007c8c                EXTI15_10_IRQHandler
                0x08007c8c                ADC_IRQHandler
                0x08007c8c                DMA1_Stream7_IRQHandler
                0x08007c8c                TIM7_IRQHandler
                0x08007c8c                CAN2_TX_IRQHandler
                0x08007c8c                TIM5_IRQHandler
                0x08007c8c                DMA2_Stream7_IRQHandler
                0x08007c8c                I2C3_EV_IRQHandler
                0x08007c8c                EXTI9_5_IRQHandler
                0x08007c8c                RTC_WKUP_IRQHandler
                0x08007c8c                ETH_WKUP_IRQHandler
                0x08007c8c                SPI2_IRQHandler
                0x08007c8c                OTG_HS_EP1_IN_IRQHandler
                0x08007c8c                DMA1_Stream0_IRQHandler
                0x08007c8c                CAN1_TX_IRQHandler
                0x08007c8c                EXTI4_IRQHandler
                0x08007c8c                FSMC_IRQHandler
                0x08007c8c                ETH_IRQHandler
                0x08007c8c                OTG_HS_EP1_OUT_IRQHandler
                0x08007c8c                WWDG_IRQHandler
                0x08007c8c                OTG_FS_WKUP_IRQHandler
                0x08007c8c                TIM1_TRG_COM_TIM11_IRQHandler
                0x08007c8c                OTG_HS_IRQHandler
                0x08007c8c                EXTI1_IRQHandler
                0x08007c8c                USART2_IRQHandler
                0x08007c8c                I2C2_ER_IRQHandler
                0x08007c8c                DMA2_Stream1_IRQHandler
                0x08007c8c                CAN1_SCE_IRQHandler
                0x08007c8c                FLASH_IRQHandler
                0x08007c8c                DMA2_Stream4_IRQHandler
                0x08007c8c                OTG_FS_IRQHandler
                0x08007c8c                SPI3_IRQHandler
                0x08007c8c                DMA1_Stream4_IRQHandler
                0x08007c8c                I2C1_ER_IRQHandler
                0x08007c8c                DMA2_Stream6_IRQHandler
                0x08007c8c                DMA1_Stream3_IRQHandler
 *fill*         0x08007c8e        0x2 
 .text.HAL_Init
                0x08007c90       0x44 ./Drivers/STM32F4xx_HAL_Driver/Src/stm32f4xx_hal.o
                0x08007c90                HAL_Init
 .text.HAL_InitTick
                0x08007cd4       0x60 ./Drivers/STM32F4xx_HAL_Driver/Src/stm32f4xx_hal.o
                0x08007cd4                HAL_InitTick
 .text.HAL_IncTick
                0x08007d34       0x28 ./Drivers/STM32F4xx_HAL_Driver/Src/stm32f4xx_hal.o
                0x08007d34                HAL_IncTick
 .text.HAL_GetTick
                0x08007d5c       0x18 ./Drivers/STM32F4xx_HAL_Driver/Src/stm32f4xx_hal.o
                0x08007d5c                HAL_GetTick
 .text.HAL_Delay
                0x08007d74       0x48 ./Drivers/STM32F4xx_HAL_Driver/Src/stm32f4xx_hal.o
                0x08007d74                HAL_Delay
 .text.__NVIC_SetPriorityGrouping
                0x08007dbc       0x48 ./Drivers/STM32F4xx_HAL_Driver/Src/stm32f4xx_hal_cortex.o
 .text.__NVIC_GetPriorityGrouping
                0x08007e04       0x1c ./Drivers/STM32F4xx_HAL_Driver/Src/stm32f4xx_hal_cortex.o
 .text.__NVIC_EnableIRQ
                0x08007e20       0x3c ./Drivers/STM32F4xx_HAL_Driver/Src/stm32f4xx_hal_cortex.o
 .text.__NVIC_SetPriority
                0x08007e5c       0x54 ./Drivers/STM32F4xx_HAL_Driver/Src/stm32f4xx_hal_cortex.o
 .text.NVIC_EncodePriority
                0x08007eb0       0x66 ./Drivers/STM32F4xx_HAL_Driver/Src/stm32f4xx_hal_cortex.o
 *fill*         0x08007f16        0x2 
 .text.SysTick_Config
                0x08007f18       0x44 ./Drivers/STM32F4xx_HAL_Driver/Src/stm32f4xx_hal_cortex.o
 .text.HAL_NVIC_SetPriorityGrouping
                0x08007f5c       0x16 ./Drivers/STM32F4xx_HAL_Driver/Src/stm32f4xx_hal_cortex.o
                0x08007f5c                HAL_NVIC_SetPriorityGrouping
 .text.HAL_NVIC_SetPriority
                0x08007f72       0x38 ./Drivers/STM32F4xx_HAL_Driver/Src/stm32f4xx_hal_cortex.o
                0x08007f72                HAL_NVIC_SetPriority
 .text.HAL_NVIC_EnableIRQ
                0x08007faa       0x1c ./Drivers/STM32F4xx_HAL_Driver/Src/stm32f4xx_hal_cortex.o
                0x08007faa                HAL_NVIC_EnableIRQ
 .text.HAL_SYSTICK_Config
                0x08007fc6       0x18 ./Drivers/STM32F4xx_HAL_Driver/Src/stm32f4xx_hal_cortex.o
                0x08007fc6                HAL_SYSTICK_Config
 .text.HAL_DMA_Abort
                0x08007fde       0xe0 ./Drivers/STM32F4xx_HAL_Driver/Src/stm32f4xx_hal_dma.o
                0x08007fde                HAL_DMA_Abort
 .text.HAL_DMA_Abort_IT
                0x080080be       0x44 ./Drivers/STM32F4xx_HAL_Driver/Src/stm32f4xx_hal_dma.o
                0x080080be                HAL_DMA_Abort_IT
 *fill*         0x08008102        0x2 
 .text.HAL_GPIO_Init
                0x08008104      0x338 ./Drivers/STM32F4xx_HAL_Driver/Src/stm32f4xx_hal_gpio.o
                0x08008104                HAL_GPIO_Init
 .text.HAL_GPIO_ReadPin
                0x0800843c       0x30 ./Drivers/STM32F4xx_HAL_Driver/Src/stm32f4xx_hal_gpio.o
                0x0800843c                HAL_GPIO_ReadPin
 .text.HAL_GPIO_WritePin
                0x0800846c       0x32 ./Drivers/STM32F4xx_HAL_Driver/Src/stm32f4xx_hal_gpio.o
                0x0800846c                HAL_GPIO_WritePin
 *fill*         0x0800849e        0x2 
 .text.HAL_RCC_OscConfig
                0x080084a0      0x4f0 ./Drivers/STM32F4xx_HAL_Driver/Src/stm32f4xx_hal_rcc.o
                0x080084a0                HAL_RCC_OscConfig
 .text.HAL_RCC_ClockConfig
                0x08008990      0x1cc ./Drivers/STM32F4xx_HAL_Driver/Src/stm32f4xx_hal_rcc.o
                0x08008990                HAL_RCC_ClockConfig
 .text.HAL_RCC_GetSysClockFreq
                0x08008b5c      0x20c ./Drivers/STM32F4xx_HAL_Driver/Src/stm32f4xx_hal_rcc.o
                0x08008b5c                HAL_RCC_GetSysClockFreq
 .text.HAL_RCC_GetHCLKFreq
                0x08008d68       0x18 ./Drivers/STM32F4xx_HAL_Driver/Src/stm32f4xx_hal_rcc.o
                0x08008d68                HAL_RCC_GetHCLKFreq
 .text.HAL_RCC_GetPCLK1Freq
                0x08008d80       0x28 ./Drivers/STM32F4xx_HAL_Driver/Src/stm32f4xx_hal_rcc.o
                0x08008d80                HAL_RCC_GetPCLK1Freq
 .text.HAL_RCC_GetPCLK2Freq
                0x08008da8       0x28 ./Drivers/STM32F4xx_HAL_Driver/Src/stm32f4xx_hal_rcc.o
                0x08008da8                HAL_RCC_GetPCLK2Freq
 .text.HAL_SPI_Init
                0x08008dd0      0x112 ./Drivers/STM32F4xx_HAL_Driver/Src/stm32f4xx_hal_spi.o
                0x08008dd0                HAL_SPI_Init
 .text.HAL_SPI_TransmitReceive
                0x08008ee2      0x352 ./Drivers/STM32F4xx_HAL_Driver/Src/stm32f4xx_hal_spi.o
                0x08008ee2                HAL_SPI_TransmitReceive
 .text.SPI_WaitFlagStateUntilTimeout
                0x08009234      0x110 ./Drivers/STM32F4xx_HAL_Driver/Src/stm32f4xx_hal_spi.o
 .text.SPI_EndRxTxTransaction
                0x08009344       0xa8 ./Drivers/STM32F4xx_HAL_Driver/Src/stm32f4xx_hal_spi.o
 .text.HAL_SRAM_Init
                0x080093ec       0x90 ./Drivers/STM32F4xx_HAL_Driver/Src/stm32f4xx_hal_sram.o
                0x080093ec                HAL_SRAM_Init
 .text.HAL_TIM_Base_Init
                0x0800947c       0x9e ./Drivers/STM32F4xx_HAL_Driver/Src/stm32f4xx_hal_tim.o
                0x0800947c                HAL_TIM_Base_Init
 *fill*         0x0800951a        0x2 
 .text.HAL_TIM_Base_Start_IT
                0x0800951c       0xe0 ./Drivers/STM32F4xx_HAL_Driver/Src/stm32f4xx_hal_tim.o
                0x0800951c                HAL_TIM_Base_Start_IT
 .text.HAL_TIM_IRQHandler
                0x080095fc      0x1e0 ./Drivers/STM32F4xx_HAL_Driver/Src/stm32f4xx_hal_tim.o
                0x080095fc                HAL_TIM_IRQHandler
 .text.HAL_TIM_ConfigClockSource
                0x080097dc      0x18e ./Drivers/STM32F4xx_HAL_Driver/Src/stm32f4xx_hal_tim.o
                0x080097dc                HAL_TIM_ConfigClockSource
 .text.HAL_TIM_OC_DelayElapsedCallback
                0x0800996a       0x14 ./Drivers/STM32F4xx_HAL_Driver/Src/stm32f4xx_hal_tim.o
                0x0800996a                HAL_TIM_OC_DelayElapsedCallback
 .text.HAL_TIM_IC_CaptureCallback
                0x0800997e       0x14 ./Drivers/STM32F4xx_HAL_Driver/Src/stm32f4xx_hal_tim.o
                0x0800997e                HAL_TIM_IC_CaptureCallback
 .text.HAL_TIM_PWM_PulseFinishedCallback
                0x08009992       0x14 ./Drivers/STM32F4xx_HAL_Driver/Src/stm32f4xx_hal_tim.o
                0x08009992                HAL_TIM_PWM_PulseFinishedCallback
 .text.HAL_TIM_TriggerCallback
                0x080099a6       0x14 ./Drivers/STM32F4xx_HAL_Driver/Src/stm32f4xx_hal_tim.o
                0x080099a6                HAL_TIM_TriggerCallback
 *fill*         0x080099ba        0x2 
 .text.TIM_Base_SetConfig
                0x080099bc      0x158 ./Drivers/STM32F4xx_HAL_Driver/Src/stm32f4xx_hal_tim.o
                0x080099bc                TIM_Base_SetConfig
 .text.TIM_TI1_ConfigInputStage
                0x08009b14       0x5e ./Drivers/STM32F4xx_HAL_Driver/Src/stm32f4xx_hal_tim.o
 .text.TIM_TI2_ConfigInputStage
                0x08009b72       0x60 ./Drivers/STM32F4xx_HAL_Driver/Src/stm32f4xx_hal_tim.o
 .text.TIM_ITRx_SetConfig
                0x08009bd2       0x36 ./Drivers/STM32F4xx_HAL_Driver/Src/stm32f4xx_hal_tim.o
 .text.TIM_ETR_SetConfig
                0x08009c08       0x40 ./Drivers/STM32F4xx_HAL_Driver/Src/stm32f4xx_hal_tim.o
                0x08009c08                TIM_ETR_SetConfig
 .text.HAL_TIMEx_MasterConfigSynchronization
                0x08009c48       0xf8 ./Drivers/STM32F4xx_HAL_Driver/Src/stm32f4xx_hal_tim_ex.o
                0x08009c48                HAL_TIMEx_MasterConfigSynchronization
 .text.HAL_TIMEx_CommutCallback
                0x08009d40       0x14 ./Drivers/STM32F4xx_HAL_Driver/Src/stm32f4xx_hal_tim_ex.o
                0x08009d40                HAL_TIMEx_CommutCallback
 .text.HAL_TIMEx_BreakCallback
                0x08009d54       0x14 ./Drivers/STM32F4xx_HAL_Driver/Src/stm32f4xx_hal_tim_ex.o
                0x08009d54                HAL_TIMEx_BreakCallback
 .text.HAL_UART_Init
                0x08009d68       0xa0 ./Drivers/STM32F4xx_HAL_Driver/Src/stm32f4xx_hal_uart.o
                0x08009d68                HAL_UART_Init
 .text.HAL_UART_Transmit
                0x08009e08      0x116 ./Drivers/STM32F4xx_HAL_Driver/Src/stm32f4xx_hal_uart.o
                0x08009e08                HAL_UART_Transmit
 .text.HAL_UART_Receive
                0x08009f1e      0x12e ./Drivers/STM32F4xx_HAL_Driver/Src/stm32f4xx_hal_uart.o
                0x08009f1e                HAL_UART_Receive
 .text.HAL_UART_Receive_IT
                0x0800a04c       0x4a ./Drivers/STM32F4xx_HAL_Driver/Src/stm32f4xx_hal_uart.o
                0x0800a04c                HAL_UART_Receive_IT
 *fill*         0x0800a096        0x2 
 .text.HAL_UART_IRQHandler
                0x0800a098      0x524 ./Drivers/STM32F4xx_HAL_Driver/Src/stm32f4xx_hal_uart.o
                0x0800a098                HAL_UART_IRQHandler
 .text.HAL_UART_TxCpltCallback
                0x0800a5bc       0x14 ./Drivers/STM32F4xx_HAL_Driver/Src/stm32f4xx_hal_uart.o
                0x0800a5bc                HAL_UART_TxCpltCallback
 .text.HAL_UART_ErrorCallback
                0x0800a5d0       0x14 ./Drivers/STM32F4xx_HAL_Driver/Src/stm32f4xx_hal_uart.o
                0x0800a5d0                HAL_UART_ErrorCallback
 .text.HAL_UARTEx_RxEventCallback
                0x0800a5e4       0x18 ./Drivers/STM32F4xx_HAL_Driver/Src/stm32f4xx_hal_uart.o
                0x0800a5e4                HAL_UARTEx_RxEventCallback
 .text.UART_WaitOnFlagUntilTimeout
                0x0800a5fc       0xb2 ./Drivers/STM32F4xx_HAL_Driver/Src/stm32f4xx_hal_uart.o
 .text.UART_Start_Receive_IT
                0x0800a6ae       0x74 ./Drivers/STM32F4xx_HAL_Driver/Src/stm32f4xx_hal_uart.o
                0x0800a6ae                UART_Start_Receive_IT
 .text.UART_EndRxTransfer
                0x0800a722       0xc6 ./Drivers/STM32F4xx_HAL_Driver/Src/stm32f4xx_hal_uart.o
 .text.UART_DMAAbortOnError
                0x0800a7e8       0x28 ./Drivers/STM32F4xx_HAL_Driver/Src/stm32f4xx_hal_uart.o
 .text.UART_Transmit_IT
                0x0800a810       0xa0 ./Drivers/STM32F4xx_HAL_Driver/Src/stm32f4xx_hal_uart.o
 .text.UART_EndTransmit_IT
                0x0800a8b0       0x30 ./Drivers/STM32F4xx_HAL_Driver/Src/stm32f4xx_hal_uart.o
 .text.UART_Receive_IT
                0x0800a8e0      0x17c ./Drivers/STM32F4xx_HAL_Driver/Src/stm32f4xx_hal_uart.o
 .text.UART_SetConfig
                0x0800aa5c      0x4e8 ./Drivers/STM32F4xx_HAL_Driver/Src/stm32f4xx_hal_uart.o
 .text.FSMC_NORSRAM_Init
                0x0800af44       0xd4 ./Drivers/STM32F4xx_HAL_Driver/Src/stm32f4xx_ll_fsmc.o
                0x0800af44                FSMC_NORSRAM_Init
 .text.FSMC_NORSRAM_Timing_Init
                0x0800b018       0x6a ./Drivers/STM32F4xx_HAL_Driver/Src/stm32f4xx_ll_fsmc.o
                0x0800b018                FSMC_NORSRAM_Timing_Init
 *fill*         0x0800b082        0x2 
 .text.FSMC_NORSRAM_Extended_Timing_Init
                0x0800b084       0x70 ./Drivers/STM32F4xx_HAL_Driver/Src/stm32f4xx_ll_fsmc.o
                0x0800b084                FSMC_NORSRAM_Extended_Timing_Init
 .text.malloc   0x0800b0f4       0x10 C:/ST/STM32CubeIDE_1.16.1/STM32CubeIDE/plugins/com.st.stm32cube.ide.mcu.externaltools.gnu-tools-for-stm32.12.3.rel1.win32_1.0.200.202406191623/tools/bin/../lib/gcc/arm-none-eabi/12.3.1/../../../../arm-none-eabi/lib/thumb/v7e-m+fp/hard\libc_nano.a(libc_a-malloc.o)
                0x0800b0f4                malloc
 .text.free     0x0800b104       0x10 C:/ST/STM32CubeIDE_1.16.1/STM32CubeIDE/plugins/com.st.stm32cube.ide.mcu.externaltools.gnu-tools-for-stm32.12.3.rel1.win32_1.0.200.202406191623/tools/bin/../lib/gcc/arm-none-eabi/12.3.1/../../../../arm-none-eabi/lib/thumb/v7e-m+fp/hard\libc_nano.a(libc_a-malloc.o)
                0x0800b104                free
 .text.sbrk_aligned
                0x0800b114       0x44 C:/ST/STM32CubeIDE_1.16.1/STM32CubeIDE/plugins/com.st.stm32cube.ide.mcu.externaltools.gnu-tools-for-stm32.12.3.rel1.win32_1.0.200.202406191623/tools/bin/../lib/gcc/arm-none-eabi/12.3.1/../../../../arm-none-eabi/lib/thumb/v7e-m+fp/hard\libc_nano.a(libc_a-mallocr.o)
 .text._malloc_r
                0x0800b158      0x100 C:/ST/STM32CubeIDE_1.16.1/STM32CubeIDE/plugins/com.st.stm32cube.ide.mcu.externaltools.gnu-tools-for-stm32.12.3.rel1.win32_1.0.200.202406191623/tools/bin/../lib/gcc/arm-none-eabi/12.3.1/../../../../arm-none-eabi/lib/thumb/v7e-m+fp/hard\libc_nano.a(libc_a-mallocr.o)
                0x0800b158                _malloc_r
 .text.__malloc_lock
                0x0800b258        0xc C:/ST/STM32CubeIDE_1.16.1/STM32CubeIDE/plugins/com.st.stm32cube.ide.mcu.externaltools.gnu-tools-for-stm32.12.3.rel1.win32_1.0.200.202406191623/tools/bin/../lib/gcc/arm-none-eabi/12.3.1/../../../../arm-none-eabi/lib/thumb/v7e-m+fp/hard\libc_nano.a(libc_a-mlock.o)
                0x0800b258                __malloc_lock
 .text.__malloc_unlock
                0x0800b264        0xc C:/ST/STM32CubeIDE_1.16.1/STM32CubeIDE/plugins/com.st.stm32cube.ide.mcu.externaltools.gnu-tools-for-stm32.12.3.rel1.win32_1.0.200.202406191623/tools/bin/../lib/gcc/arm-none-eabi/12.3.1/../../../../arm-none-eabi/lib/thumb/v7e-m+fp/hard\libc_nano.a(libc_a-mlock.o)
                0x0800b264                __malloc_unlock
 .text.realloc  0x0800b270       0x10 C:/ST/STM32CubeIDE_1.16.1/STM32CubeIDE/plugins/com.st.stm32cube.ide.mcu.externaltools.gnu-tools-for-stm32.12.3.rel1.win32_1.0.200.202406191623/tools/bin/../lib/gcc/arm-none-eabi/12.3.1/../../../../arm-none-eabi/lib/thumb/v7e-m+fp/hard\libc_nano.a(libc_a-realloc.o)
                0x0800b270                realloc
 .text._realloc_r
                0x0800b280       0x5c C:/ST/STM32CubeIDE_1.16.1/STM32CubeIDE/plugins/com.st.stm32cube.ide.mcu.externaltools.gnu-tools-for-stm32.12.3.rel1.win32_1.0.200.202406191623/tools/bin/../lib/gcc/arm-none-eabi/12.3.1/../../../../arm-none-eabi/lib/thumb/v7e-m+fp/hard\libc_nano.a(libc_a-reallocr.o)
                0x0800b280                _realloc_r
 .text.sulp     0x0800b2dc       0x3c C:/ST/STM32CubeIDE_1.16.1/STM32CubeIDE/plugins/com.st.stm32cube.ide.mcu.externaltools.gnu-tools-for-stm32.12.3.rel1.win32_1.0.200.202406191623/tools/bin/../lib/gcc/arm-none-eabi/12.3.1/../../../../arm-none-eabi/lib/thumb/v7e-m+fp/hard\libc_nano.a(libc_a-strtod.o)
 .text._strtod_l
                0x0800b318      0xbc8 C:/ST/STM32CubeIDE_1.16.1/STM32CubeIDE/plugins/com.st.stm32cube.ide.mcu.externaltools.gnu-tools-for-stm32.12.3.rel1.win32_1.0.200.202406191623/tools/bin/../lib/gcc/arm-none-eabi/12.3.1/../../../../arm-none-eabi/lib/thumb/v7e-m+fp/hard\libc_nano.a(libc_a-strtod.o)
                0x0800b318                _strtod_l
 .text.strtod   0x0800bee0       0x18 C:/ST/STM32CubeIDE_1.16.1/STM32CubeIDE/plugins/com.st.stm32cube.ide.mcu.externaltools.gnu-tools-for-stm32.12.3.rel1.win32_1.0.200.202406191623/tools/bin/../lib/gcc/arm-none-eabi/12.3.1/../../../../arm-none-eabi/lib/thumb/v7e-m+fp/hard\libc_nano.a(libc_a-strtod.o)
                0x0800bee0                strtod
 .text.std      0x0800bef8       0x6c C:/ST/STM32CubeIDE_1.16.1/STM32CubeIDE/plugins/com.st.stm32cube.ide.mcu.externaltools.gnu-tools-for-stm32.12.3.rel1.win32_1.0.200.202406191623/tools/bin/../lib/gcc/arm-none-eabi/12.3.1/../../../../arm-none-eabi/lib/thumb/v7e-m+fp/hard\libc_nano.a(libc_a-findfp.o)
 .text.stdio_exit_handler
                0x0800bf64       0x18 C:/ST/STM32CubeIDE_1.16.1/STM32CubeIDE/plugins/com.st.stm32cube.ide.mcu.externaltools.gnu-tools-for-stm32.12.3.rel1.win32_1.0.200.202406191623/tools/bin/../lib/gcc/arm-none-eabi/12.3.1/../../../../arm-none-eabi/lib/thumb/v7e-m+fp/hard\libc_nano.a(libc_a-findfp.o)
 .text.cleanup_stdio
                0x0800bf7c       0x40 C:/ST/STM32CubeIDE_1.16.1/STM32CubeIDE/plugins/com.st.stm32cube.ide.mcu.externaltools.gnu-tools-for-stm32.12.3.rel1.win32_1.0.200.202406191623/tools/bin/../lib/gcc/arm-none-eabi/12.3.1/../../../../arm-none-eabi/lib/thumb/v7e-m+fp/hard\libc_nano.a(libc_a-findfp.o)
 .text.global_stdio_init.part.0
                0x0800bfbc       0x3c C:/ST/STM32CubeIDE_1.16.1/STM32CubeIDE/plugins/com.st.stm32cube.ide.mcu.externaltools.gnu-tools-for-stm32.12.3.rel1.win32_1.0.200.202406191623/tools/bin/../lib/gcc/arm-none-eabi/12.3.1/../../../../arm-none-eabi/lib/thumb/v7e-m+fp/hard\libc_nano.a(libc_a-findfp.o)
 .text.__sfp_lock_acquire
                0x0800bff8        0xc C:/ST/STM32CubeIDE_1.16.1/STM32CubeIDE/plugins/com.st.stm32cube.ide.mcu.externaltools.gnu-tools-for-stm32.12.3.rel1.win32_1.0.200.202406191623/tools/bin/../lib/gcc/arm-none-eabi/12.3.1/../../../../arm-none-eabi/lib/thumb/v7e-m+fp/hard\libc_nano.a(libc_a-findfp.o)
                0x0800bff8                __sfp_lock_acquire
 .text.__sfp_lock_release
                0x0800c004        0xc C:/ST/STM32CubeIDE_1.16.1/STM32CubeIDE/plugins/com.st.stm32cube.ide.mcu.externaltools.gnu-tools-for-stm32.12.3.rel1.win32_1.0.200.202406191623/tools/bin/../lib/gcc/arm-none-eabi/12.3.1/../../../../arm-none-eabi/lib/thumb/v7e-m+fp/hard\libc_nano.a(libc_a-findfp.o)
                0x0800c004                __sfp_lock_release
 .text.__sinit  0x0800c010       0x30 C:/ST/STM32CubeIDE_1.16.1/STM32CubeIDE/plugins/com.st.stm32cube.ide.mcu.externaltools.gnu-tools-for-stm32.12.3.rel1.win32_1.0.200.202406191623/tools/bin/../lib/gcc/arm-none-eabi/12.3.1/../../../../arm-none-eabi/lib/thumb/v7e-m+fp/hard\libc_nano.a(libc_a-findfp.o)
                0x0800c010                __sinit
 .text._fwalk_sglue
                0x0800c040       0x3c C:/ST/STM32CubeIDE_1.16.1/STM32CubeIDE/plugins/com.st.stm32cube.ide.mcu.externaltools.gnu-tools-for-stm32.12.3.rel1.win32_1.0.200.202406191623/tools/bin/../lib/gcc/arm-none-eabi/12.3.1/../../../../arm-none-eabi/lib/thumb/v7e-m+fp/hard\libc_nano.a(libc_a-fwalk.o)
                0x0800c040                _fwalk_sglue
 .text.snprintf
                0x0800c07c       0x68 C:/ST/STM32CubeIDE_1.16.1/STM32CubeIDE/plugins/com.st.stm32cube.ide.mcu.externaltools.gnu-tools-for-stm32.12.3.rel1.win32_1.0.200.202406191623/tools/bin/../lib/gcc/arm-none-eabi/12.3.1/../../../../arm-none-eabi/lib/thumb/v7e-m+fp/hard\libc_nano.a(libc_a-snprintf.o)
                0x0800c07c                sniprintf
                0x0800c07c                snprintf
 .text.sscanf   0x0800c0e4       0x54 C:/ST/STM32CubeIDE_1.16.1/STM32CubeIDE/plugins/com.st.stm32cube.ide.mcu.externaltools.gnu-tools-for-stm32.12.3.rel1.win32_1.0.200.202406191623/tools/bin/../lib/gcc/arm-none-eabi/12.3.1/../../../../arm-none-eabi/lib/thumb/v7e-m+fp/hard\libc_nano.a(libc_a-sscanf.o)
                0x0800c0e4                siscanf
                0x0800c0e4                sscanf
 .text.__sread  0x0800c138       0x22 C:/ST/STM32CubeIDE_1.16.1/STM32CubeIDE/plugins/com.st.stm32cube.ide.mcu.externaltools.gnu-tools-for-stm32.12.3.rel1.win32_1.0.200.202406191623/tools/bin/../lib/gcc/arm-none-eabi/12.3.1/../../../../arm-none-eabi/lib/thumb/v7e-m+fp/hard\libc_nano.a(libc_a-stdio.o)
                0x0800c138                __sread
 .text.__seofread
                0x0800c15a        0x4 C:/ST/STM32CubeIDE_1.16.1/STM32CubeIDE/plugins/com.st.stm32cube.ide.mcu.externaltools.gnu-tools-for-stm32.12.3.rel1.win32_1.0.200.202406191623/tools/bin/../lib/gcc/arm-none-eabi/12.3.1/../../../../arm-none-eabi/lib/thumb/v7e-m+fp/hard\libc_nano.a(libc_a-stdio.o)
                0x0800c15a                __seofread
 .text.__swrite
                0x0800c15e       0x38 C:/ST/STM32CubeIDE_1.16.1/STM32CubeIDE/plugins/com.st.stm32cube.ide.mcu.externaltools.gnu-tools-for-stm32.12.3.rel1.win32_1.0.200.202406191623/tools/bin/../lib/gcc/arm-none-eabi/12.3.1/../../../../arm-none-eabi/lib/thumb/v7e-m+fp/hard\libc_nano.a(libc_a-stdio.o)
                0x0800c15e                __swrite
 .text.__sseek  0x0800c196       0x24 C:/ST/STM32CubeIDE_1.16.1/STM32CubeIDE/plugins/com.st.stm32cube.ide.mcu.externaltools.gnu-tools-for-stm32.12.3.rel1.win32_1.0.200.202406191623/tools/bin/../lib/gcc/arm-none-eabi/12.3.1/../../../../arm-none-eabi/lib/thumb/v7e-m+fp/hard\libc_nano.a(libc_a-stdio.o)
                0x0800c196                __sseek
 .text.__sclose
                0x0800c1ba        0x8 C:/ST/STM32CubeIDE_1.16.1/STM32CubeIDE/plugins/com.st.stm32cube.ide.mcu.externaltools.gnu-tools-for-stm32.12.3.rel1.win32_1.0.200.202406191623/tools/bin/../lib/gcc/arm-none-eabi/12.3.1/../../../../arm-none-eabi/lib/thumb/v7e-m+fp/hard\libc_nano.a(libc_a-stdio.o)
                0x0800c1ba                __sclose
 *fill*         0x0800c1c2        0x2 
 .text._vsprintf_r
                0x0800c1c4       0x2c C:/ST/STM32CubeIDE_1.16.1/STM32CubeIDE/plugins/com.st.stm32cube.ide.mcu.externaltools.gnu-tools-for-stm32.12.3.rel1.win32_1.0.200.202406191623/tools/bin/../lib/gcc/arm-none-eabi/12.3.1/../../../../arm-none-eabi/lib/thumb/v7e-m+fp/hard\libc_nano.a(libc_a-vsprintf.o)
                0x0800c1c4                _vsprintf_r
                0x0800c1c4                _vsiprintf_r
 .text.vsprintf
                0x0800c1f0       0x14 C:/ST/STM32CubeIDE_1.16.1/STM32CubeIDE/plugins/com.st.stm32cube.ide.mcu.externaltools.gnu-tools-for-stm32.12.3.rel1.win32_1.0.200.202406191623/tools/bin/../lib/gcc/arm-none-eabi/12.3.1/../../../../arm-none-eabi/lib/thumb/v7e-m+fp/hard\libc_nano.a(libc_a-vsprintf.o)
                0x0800c1f0                vsiprintf
                0x0800c1f0                vsprintf
 .text.memset   0x0800c204       0x10 C:/ST/STM32CubeIDE_1.16.1/STM32CubeIDE/plugins/com.st.stm32cube.ide.mcu.externaltools.gnu-tools-for-stm32.12.3.rel1.win32_1.0.200.202406191623/tools/bin/../lib/gcc/arm-none-eabi/12.3.1/../../../../arm-none-eabi/lib/thumb/v7e-m+fp/hard\libc_nano.a(libc_a-memset.o)
                0x0800c204                memset
 .text.strncat  0x0800c214       0x26 C:/ST/STM32CubeIDE_1.16.1/STM32CubeIDE/plugins/com.st.stm32cube.ide.mcu.externaltools.gnu-tools-for-stm32.12.3.rel1.win32_1.0.200.202406191623/tools/bin/../lib/gcc/arm-none-eabi/12.3.1/../../../../arm-none-eabi/lib/thumb/v7e-m+fp/hard\libc_nano.a(libc_a-strncat.o)
                0x0800c214                strncat
 .text.strncmp  0x0800c23a       0x24 C:/ST/STM32CubeIDE_1.16.1/STM32CubeIDE/plugins/com.st.stm32cube.ide.mcu.externaltools.gnu-tools-for-stm32.12.3.rel1.win32_1.0.200.202406191623/tools/bin/../lib/gcc/arm-none-eabi/12.3.1/../../../../arm-none-eabi/lib/thumb/v7e-m+fp/hard\libc_nano.a(libc_a-strncmp.o)
                0x0800c23a                strncmp
 .text.strncpy  0x0800c25e       0x26 C:/ST/STM32CubeIDE_1.16.1/STM32CubeIDE/plugins/com.st.stm32cube.ide.mcu.externaltools.gnu-tools-for-stm32.12.3.rel1.win32_1.0.200.202406191623/tools/bin/../lib/gcc/arm-none-eabi/12.3.1/../../../../arm-none-eabi/lib/thumb/v7e-m+fp/hard\libc_nano.a(libc_a-strncpy.o)
                0x0800c25e                strncpy
 .text.strrchr  0x0800c284       0x2c C:/ST/STM32CubeIDE_1.16.1/STM32CubeIDE/plugins/com.st.stm32cube.ide.mcu.externaltools.gnu-tools-for-stm32.12.3.rel1.win32_1.0.200.202406191623/tools/bin/../lib/gcc/arm-none-eabi/12.3.1/../../../../arm-none-eabi/lib/thumb/v7e-m+fp/hard\libc_nano.a(libc_a-strrchr.o)
                0x0800c284                strrchr
 .text.strstr   0x0800c2b0       0x2c C:/ST/STM32CubeIDE_1.16.1/STM32CubeIDE/plugins/com.st.stm32cube.ide.mcu.externaltools.gnu-tools-for-stm32.12.3.rel1.win32_1.0.200.202406191623/tools/bin/../lib/gcc/arm-none-eabi/12.3.1/../../../../arm-none-eabi/lib/thumb/v7e-m+fp/hard\libc_nano.a(libc_a-strstr.o)
                0x0800c2b0                strstr
 .text._close_r
                0x0800c2dc       0x20 C:/ST/STM32CubeIDE_1.16.1/STM32CubeIDE/plugins/com.st.stm32cube.ide.mcu.externaltools.gnu-tools-for-stm32.12.3.rel1.win32_1.0.200.202406191623/tools/bin/../lib/gcc/arm-none-eabi/12.3.1/../../../../arm-none-eabi/lib/thumb/v7e-m+fp/hard\libc_nano.a(libc_a-closer.o)
                0x0800c2dc                _close_r
 .text._lseek_r
                0x0800c2fc       0x24 C:/ST/STM32CubeIDE_1.16.1/STM32CubeIDE/plugins/com.st.stm32cube.ide.mcu.externaltools.gnu-tools-for-stm32.12.3.rel1.win32_1.0.200.202406191623/tools/bin/../lib/gcc/arm-none-eabi/12.3.1/../../../../arm-none-eabi/lib/thumb/v7e-m+fp/hard\libc_nano.a(libc_a-lseekr.o)
                0x0800c2fc                _lseek_r
 .text._read_r  0x0800c320       0x24 C:/ST/STM32CubeIDE_1.16.1/STM32CubeIDE/plugins/com.st.stm32cube.ide.mcu.externaltools.gnu-tools-for-stm32.12.3.rel1.win32_1.0.200.202406191623/tools/bin/../lib/gcc/arm-none-eabi/12.3.1/../../../../arm-none-eabi/lib/thumb/v7e-m+fp/hard\libc_nano.a(libc_a-readr.o)
                0x0800c320                _read_r
 .text._sbrk_r  0x0800c344       0x20 C:/ST/STM32CubeIDE_1.16.1/STM32CubeIDE/plugins/com.st.stm32cube.ide.mcu.externaltools.gnu-tools-for-stm32.12.3.rel1.win32_1.0.200.202406191623/tools/bin/../lib/gcc/arm-none-eabi/12.3.1/../../../../arm-none-eabi/lib/thumb/v7e-m+fp/hard\libc_nano.a(libc_a-sbrkr.o)
                0x0800c344                _sbrk_r
 .text._write_r
                0x0800c364       0x24 C:/ST/STM32CubeIDE_1.16.1/STM32CubeIDE/plugins/com.st.stm32cube.ide.mcu.externaltools.gnu-tools-for-stm32.12.3.rel1.win32_1.0.200.202406191623/tools/bin/../lib/gcc/arm-none-eabi/12.3.1/../../../../arm-none-eabi/lib/thumb/v7e-m+fp/hard\libc_nano.a(libc_a-writer.o)
                0x0800c364                _write_r
 .text.__errno  0x0800c388        0xc C:/ST/STM32CubeIDE_1.16.1/STM32CubeIDE/plugins/com.st.stm32cube.ide.mcu.externaltools.gnu-tools-for-stm32.12.3.rel1.win32_1.0.200.202406191623/tools/bin/../lib/gcc/arm-none-eabi/12.3.1/../../../../arm-none-eabi/lib/thumb/v7e-m+fp/hard\libc_nano.a(libc_a-errno.o)
                0x0800c388                __errno
 .text.__libc_init_array
                0x0800c394       0x48 C:/ST/STM32CubeIDE_1.16.1/STM32CubeIDE/plugins/com.st.stm32cube.ide.mcu.externaltools.gnu-tools-for-stm32.12.3.rel1.win32_1.0.200.202406191623/tools/bin/../lib/gcc/arm-none-eabi/12.3.1/../../../../arm-none-eabi/lib/thumb/v7e-m+fp/hard\libc_nano.a(libc_a-init.o)
                0x0800c394                __libc_init_array
 .text.__retarget_lock_init_recursive
                0x0800c3dc        0x2 C:/ST/STM32CubeIDE_1.16.1/STM32CubeIDE/plugins/com.st.stm32cube.ide.mcu.externaltools.gnu-tools-for-stm32.12.3.rel1.win32_1.0.200.202406191623/tools/bin/../lib/gcc/arm-none-eabi/12.3.1/../../../../arm-none-eabi/lib/thumb/v7e-m+fp/hard\libc_nano.a(libc_a-lock.o)
                0x0800c3dc                __retarget_lock_init_recursive
 .text.__retarget_lock_acquire_recursive
                0x0800c3de        0x2 C:/ST/STM32CubeIDE_1.16.1/STM32CubeIDE/plugins/com.st.stm32cube.ide.mcu.externaltools.gnu-tools-for-stm32.12.3.rel1.win32_1.0.200.202406191623/tools/bin/../lib/gcc/arm-none-eabi/12.3.1/../../../../arm-none-eabi/lib/thumb/v7e-m+fp/hard\libc_nano.a(libc_a-lock.o)
                0x0800c3de                __retarget_lock_acquire_recursive
 .text.__retarget_lock_release_recursive
                0x0800c3e0        0x2 C:/ST/STM32CubeIDE_1.16.1/STM32CubeIDE/plugins/com.st.stm32cube.ide.mcu.externaltools.gnu-tools-for-stm32.12.3.rel1.win32_1.0.200.202406191623/tools/bin/../lib/gcc/arm-none-eabi/12.3.1/../../../../arm-none-eabi/lib/thumb/v7e-m+fp/hard\libc_nano.a(libc_a-lock.o)
                0x0800c3e0                __retarget_lock_release_recursive
 .text.memcpy   0x0800c3e2       0x1c C:/ST/STM32CubeIDE_1.16.1/STM32CubeIDE/plugins/com.st.stm32cube.ide.mcu.externaltools.gnu-tools-for-stm32.12.3.rel1.win32_1.0.200.202406191623/tools/bin/../lib/gcc/arm-none-eabi/12.3.1/../../../../arm-none-eabi/lib/thumb/v7e-m+fp/hard\libc_nano.a(libc_a-memcpy-stub.o)
                0x0800c3e2                memcpy
 *fill*         0x0800c3fe        0x2 
 .text.nan      0x0800c400       0x10 C:/ST/STM32CubeIDE_1.16.1/STM32CubeIDE/plugins/com.st.stm32cube.ide.mcu.externaltools.gnu-tools-for-stm32.12.3.rel1.win32_1.0.200.202406191623/tools/bin/../lib/gcc/arm-none-eabi/12.3.1/../../../../arm-none-eabi/lib/thumb/v7e-m+fp/hard\libc_nano.a(libm_a-s_nan.o)
                0x0800c400                nan
 .text._free_r  0x0800c410       0x94 C:/ST/STM32CubeIDE_1.16.1/STM32CubeIDE/plugins/com.st.stm32cube.ide.mcu.externaltools.gnu-tools-for-stm32.12.3.rel1.win32_1.0.200.202406191623/tools/bin/../lib/gcc/arm-none-eabi/12.3.1/../../../../arm-none-eabi/lib/thumb/v7e-m+fp/hard\libc_nano.a(libc_a-freer.o)
                0x0800c410                _free_r
 .text.rshift   0x0800c4a4       0xa4 C:/ST/STM32CubeIDE_1.16.1/STM32CubeIDE/plugins/com.st.stm32cube.ide.mcu.externaltools.gnu-tools-for-stm32.12.3.rel1.win32_1.0.200.202406191623/tools/bin/../lib/gcc/arm-none-eabi/12.3.1/../../../../arm-none-eabi/lib/thumb/v7e-m+fp/hard\libc_nano.a(libc_a-gdtoa-gethex.o)
 .text.__hexdig_fun
                0x0800c548       0x2a C:/ST/STM32CubeIDE_1.16.1/STM32CubeIDE/plugins/com.st.stm32cube.ide.mcu.externaltools.gnu-tools-for-stm32.12.3.rel1.win32_1.0.200.202406191623/tools/bin/../lib/gcc/arm-none-eabi/12.3.1/../../../../arm-none-eabi/lib/thumb/v7e-m+fp/hard\libc_nano.a(libc_a-gdtoa-gethex.o)
                0x0800c548                __hexdig_fun
 *fill*         0x0800c572        0x2 
 .text.__gethex
                0x0800c574      0x420 C:/ST/STM32CubeIDE_1.16.1/STM32CubeIDE/plugins/com.st.stm32cube.ide.mcu.externaltools.gnu-tools-for-stm32.12.3.rel1.win32_1.0.200.202406191623/tools/bin/../lib/gcc/arm-none-eabi/12.3.1/../../../../arm-none-eabi/lib/thumb/v7e-m+fp/hard\libc_nano.a(libc_a-gdtoa-gethex.o)
                0x0800c574                __gethex
 .text.L_shift  0x0800c994       0x24 C:/ST/STM32CubeIDE_1.16.1/STM32CubeIDE/plugins/com.st.stm32cube.ide.mcu.externaltools.gnu-tools-for-stm32.12.3.rel1.win32_1.0.200.202406191623/tools/bin/../lib/gcc/arm-none-eabi/12.3.1/../../../../arm-none-eabi/lib/thumb/v7e-m+fp/hard\libc_nano.a(libc_a-gdtoa-hexnan.o)
 .text.__match  0x0800c9b8       0x28 C:/ST/STM32CubeIDE_1.16.1/STM32CubeIDE/plugins/com.st.stm32cube.ide.mcu.externaltools.gnu-tools-for-stm32.12.3.rel1.win32_1.0.200.202406191623/tools/bin/../lib/gcc/arm-none-eabi/12.3.1/../../../../arm-none-eabi/lib/thumb/v7e-m+fp/hard\libc_nano.a(libc_a-gdtoa-hexnan.o)
                0x0800c9b8                __match
 .text.__hexnan
                0x0800c9e0      0x136 C:/ST/STM32CubeIDE_1.16.1/STM32CubeIDE/plugins/com.st.stm32cube.ide.mcu.externaltools.gnu-tools-for-stm32.12.3.rel1.win32_1.0.200.202406191623/tools/bin/../lib/gcc/arm-none-eabi/12.3.1/../../../../arm-none-eabi/lib/thumb/v7e-m+fp/hard\libc_nano.a(libc_a-gdtoa-hexnan.o)
                0x0800c9e0                __hexnan
 .text.__ascii_mbtowc
                0x0800cb16       0x24 C:/ST/STM32CubeIDE_1.16.1/STM32CubeIDE/plugins/com.st.stm32cube.ide.mcu.externaltools.gnu-tools-for-stm32.12.3.rel1.win32_1.0.200.202406191623/tools/bin/../lib/gcc/arm-none-eabi/12.3.1/../../../../arm-none-eabi/lib/thumb/v7e-m+fp/hard\libc_nano.a(libc_a-mbtowc_r.o)
                0x0800cb16                __ascii_mbtowc
 *fill*         0x0800cb3a        0x2 
 .text._Balloc  0x0800cb3c       0x80 C:/ST/STM32CubeIDE_1.16.1/STM32CubeIDE/plugins/com.st.stm32cube.ide.mcu.externaltools.gnu-tools-for-stm32.12.3.rel1.win32_1.0.200.202406191623/tools/bin/../lib/gcc/arm-none-eabi/12.3.1/../../../../arm-none-eabi/lib/thumb/v7e-m+fp/hard\libc_nano.a(libc_a-mprec.o)
                0x0800cb3c                _Balloc
 .text._Bfree   0x0800cbbc       0x44 C:/ST/STM32CubeIDE_1.16.1/STM32CubeIDE/plugins/com.st.stm32cube.ide.mcu.externaltools.gnu-tools-for-stm32.12.3.rel1.win32_1.0.200.202406191623/tools/bin/../lib/gcc/arm-none-eabi/12.3.1/../../../../arm-none-eabi/lib/thumb/v7e-m+fp/hard\libc_nano.a(libc_a-mprec.o)
                0x0800cbbc                _Bfree
 .text.__multadd
                0x0800cc00       0x8c C:/ST/STM32CubeIDE_1.16.1/STM32CubeIDE/plugins/com.st.stm32cube.ide.mcu.externaltools.gnu-tools-for-stm32.12.3.rel1.win32_1.0.200.202406191623/tools/bin/../lib/gcc/arm-none-eabi/12.3.1/../../../../arm-none-eabi/lib/thumb/v7e-m+fp/hard\libc_nano.a(libc_a-mprec.o)
                0x0800cc00                __multadd
 .text.__s2b    0x0800cc8c       0x94 C:/ST/STM32CubeIDE_1.16.1/STM32CubeIDE/plugins/com.st.stm32cube.ide.mcu.externaltools.gnu-tools-for-stm32.12.3.rel1.win32_1.0.200.202406191623/tools/bin/../lib/gcc/arm-none-eabi/12.3.1/../../../../arm-none-eabi/lib/thumb/v7e-m+fp/hard\libc_nano.a(libc_a-mprec.o)
                0x0800cc8c                __s2b
 .text.__hi0bits
                0x0800cd20       0x3e C:/ST/STM32CubeIDE_1.16.1/STM32CubeIDE/plugins/com.st.stm32cube.ide.mcu.externaltools.gnu-tools-for-stm32.12.3.rel1.win32_1.0.200.202406191623/tools/bin/../lib/gcc/arm-none-eabi/12.3.1/../../../../arm-none-eabi/lib/thumb/v7e-m+fp/hard\libc_nano.a(libc_a-mprec.o)
                0x0800cd20                __hi0bits
 .text.__lo0bits
                0x0800cd5e       0x5a C:/ST/STM32CubeIDE_1.16.1/STM32CubeIDE/plugins/com.st.stm32cube.ide.mcu.externaltools.gnu-tools-for-stm32.12.3.rel1.win32_1.0.200.202406191623/tools/bin/../lib/gcc/arm-none-eabi/12.3.1/../../../../arm-none-eabi/lib/thumb/v7e-m+fp/hard\libc_nano.a(libc_a-mprec.o)
                0x0800cd5e                __lo0bits
 .text.__i2b    0x0800cdb8       0x2c C:/ST/STM32CubeIDE_1.16.1/STM32CubeIDE/plugins/com.st.stm32cube.ide.mcu.externaltools.gnu-tools-for-stm32.12.3.rel1.win32_1.0.200.202406191623/tools/bin/../lib/gcc/arm-none-eabi/12.3.1/../../../../arm-none-eabi/lib/thumb/v7e-m+fp/hard\libc_nano.a(libc_a-mprec.o)
                0x0800cdb8                __i2b
 .text.__multiply
                0x0800cde4      0x154 C:/ST/STM32CubeIDE_1.16.1/STM32CubeIDE/plugins/com.st.stm32cube.ide.mcu.externaltools.gnu-tools-for-stm32.12.3.rel1.win32_1.0.200.202406191623/tools/bin/../lib/gcc/arm-none-eabi/12.3.1/../../../../arm-none-eabi/lib/thumb/v7e-m+fp/hard\libc_nano.a(libc_a-mprec.o)
                0x0800cde4                __multiply
 .text.__pow5mult
                0x0800cf38       0xb4 C:/ST/STM32CubeIDE_1.16.1/STM32CubeIDE/plugins/com.st.stm32cube.ide.mcu.externaltools.gnu-tools-for-stm32.12.3.rel1.win32_1.0.200.202406191623/tools/bin/../lib/gcc/arm-none-eabi/12.3.1/../../../../arm-none-eabi/lib/thumb/v7e-m+fp/hard\libc_nano.a(libc_a-mprec.o)
                0x0800cf38                __pow5mult
 .text.__lshift
                0x0800cfec       0xd8 C:/ST/STM32CubeIDE_1.16.1/STM32CubeIDE/plugins/com.st.stm32cube.ide.mcu.externaltools.gnu-tools-for-stm32.12.3.rel1.win32_1.0.200.202406191623/tools/bin/../lib/gcc/arm-none-eabi/12.3.1/../../../../arm-none-eabi/lib/thumb/v7e-m+fp/hard\libc_nano.a(libc_a-mprec.o)
                0x0800cfec                __lshift
 .text.__mcmp   0x0800d0c4       0x36 C:/ST/STM32CubeIDE_1.16.1/STM32CubeIDE/plugins/com.st.stm32cube.ide.mcu.externaltools.gnu-tools-for-stm32.12.3.rel1.win32_1.0.200.202406191623/tools/bin/../lib/gcc/arm-none-eabi/12.3.1/../../../../arm-none-eabi/lib/thumb/v7e-m+fp/hard\libc_nano.a(libc_a-mprec.o)
                0x0800d0c4                __mcmp
 *fill*         0x0800d0fa        0x2 
 .text.__mdiff  0x0800d0fc      0x128 C:/ST/STM32CubeIDE_1.16.1/STM32CubeIDE/plugins/com.st.stm32cube.ide.mcu.externaltools.gnu-tools-for-stm32.12.3.rel1.win32_1.0.200.202406191623/tools/bin/../lib/gcc/arm-none-eabi/12.3.1/../../../../arm-none-eabi/lib/thumb/v7e-m+fp/hard\libc_nano.a(libc_a-mprec.o)
                0x0800d0fc                __mdiff
 .text.__ulp    0x0800d224       0x4c C:/ST/STM32CubeIDE_1.16.1/STM32CubeIDE/plugins/com.st.stm32cube.ide.mcu.externaltools.gnu-tools-for-stm32.12.3.rel1.win32_1.0.200.202406191623/tools/bin/../lib/gcc/arm-none-eabi/12.3.1/../../../../arm-none-eabi/lib/thumb/v7e-m+fp/hard\libc_nano.a(libc_a-mprec.o)
                0x0800d224                __ulp
 .text.__b2d    0x0800d270       0x94 C:/ST/STM32CubeIDE_1.16.1/STM32CubeIDE/plugins/com.st.stm32cube.ide.mcu.externaltools.gnu-tools-for-stm32.12.3.rel1.win32_1.0.200.202406191623/tools/bin/../lib/gcc/arm-none-eabi/12.3.1/../../../../arm-none-eabi/lib/thumb/v7e-m+fp/hard\libc_nano.a(libc_a-mprec.o)
                0x0800d270                __b2d
 .text.__d2b    0x0800d304       0xb0 C:/ST/STM32CubeIDE_1.16.1/STM32CubeIDE/plugins/com.st.stm32cube.ide.mcu.externaltools.gnu-tools-for-stm32.12.3.rel1.win32_1.0.200.202406191623/tools/bin/../lib/gcc/arm-none-eabi/12.3.1/../../../../arm-none-eabi/lib/thumb/v7e-m+fp/hard\libc_nano.a(libc_a-mprec.o)
                0x0800d304                __d2b
 .text.__ratio  0x0800d3b4       0x64 C:/ST/STM32CubeIDE_1.16.1/STM32CubeIDE/plugins/com.st.stm32cube.ide.mcu.externaltools.gnu-tools-for-stm32.12.3.rel1.win32_1.0.200.202406191623/tools/bin/../lib/gcc/arm-none-eabi/12.3.1/../../../../arm-none-eabi/lib/thumb/v7e-m+fp/hard\libc_nano.a(libc_a-mprec.o)
                0x0800d3b4                __ratio
 .text.__copybits
                0x0800d418       0x46 C:/ST/STM32CubeIDE_1.16.1/STM32CubeIDE/plugins/com.st.stm32cube.ide.mcu.externaltools.gnu-tools-for-stm32.12.3.rel1.win32_1.0.200.202406191623/tools/bin/../lib/gcc/arm-none-eabi/12.3.1/../../../../arm-none-eabi/lib/thumb/v7e-m+fp/hard\libc_nano.a(libc_a-mprec.o)
                0x0800d418                __copybits
 .text.__any_on
                0x0800d45e       0x42 C:/ST/STM32CubeIDE_1.16.1/STM32CubeIDE/plugins/com.st.stm32cube.ide.mcu.externaltools.gnu-tools-for-stm32.12.3.rel1.win32_1.0.200.202406191623/tools/bin/../lib/gcc/arm-none-eabi/12.3.1/../../../../arm-none-eabi/lib/thumb/v7e-m+fp/hard\libc_nano.a(libc_a-mprec.o)
                0x0800d45e                __any_on
 .text._malloc_usable_size_r
                0x0800d4a0       0x10 C:/ST/STM32CubeIDE_1.16.1/STM32CubeIDE/plugins/com.st.stm32cube.ide.mcu.externaltools.gnu-tools-for-stm32.12.3.rel1.win32_1.0.200.202406191623/tools/bin/../lib/gcc/arm-none-eabi/12.3.1/../../../../arm-none-eabi/lib/thumb/v7e-m+fp/hard\libc_nano.a(libc_a-msizer.o)
                0x0800d4a0                _malloc_usable_size_r
 .text.__ascii_wctomb
                0x0800d4b0       0x1a C:/ST/STM32CubeIDE_1.16.1/STM32CubeIDE/plugins/com.st.stm32cube.ide.mcu.externaltools.gnu-tools-for-stm32.12.3.rel1.win32_1.0.200.202406191623/tools/bin/../lib/gcc/arm-none-eabi/12.3.1/../../../../arm-none-eabi/lib/thumb/v7e-m+fp/hard\libc_nano.a(libc_a-wctomb_r.o)
                0x0800d4b0                __ascii_wctomb
 .text.__ssputs_r
                0x0800d4ca       0xb6 C:/ST/STM32CubeIDE_1.16.1/STM32CubeIDE/plugins/com.st.stm32cube.ide.mcu.externaltools.gnu-tools-for-stm32.12.3.rel1.win32_1.0.200.202406191623/tools/bin/../lib/gcc/arm-none-eabi/12.3.1/../../../../arm-none-eabi/lib/thumb/v7e-m+fp/hard\libc_nano.a(libc_a-nano-svfprintf.o)
                0x0800d4ca                __ssputs_r
 .text._svfprintf_r
                0x0800d580      0x1f8 C:/ST/STM32CubeIDE_1.16.1/STM32CubeIDE/plugins/com.st.stm32cube.ide.mcu.externaltools.gnu-tools-for-stm32.12.3.rel1.win32_1.0.200.202406191623/tools/bin/../lib/gcc/arm-none-eabi/12.3.1/../../../../arm-none-eabi/lib/thumb/v7e-m+fp/hard\libc_nano.a(libc_a-nano-svfprintf.o)
                0x0800d580                _svfiprintf_r
                0x0800d580                _svfprintf_r
 .text._sungetc_r
                0x0800d778       0x76 C:/ST/STM32CubeIDE_1.16.1/STM32CubeIDE/plugins/com.st.stm32cube.ide.mcu.externaltools.gnu-tools-for-stm32.12.3.rel1.win32_1.0.200.202406191623/tools/bin/../lib/gcc/arm-none-eabi/12.3.1/../../../../arm-none-eabi/lib/thumb/v7e-m+fp/hard\libc_nano.a(libc_a-nano-svfscanf.o)
                0x0800d778                _sungetc_r
 .text.__ssrefill_r
                0x0800d7ee       0x3a C:/ST/STM32CubeIDE_1.16.1/STM32CubeIDE/plugins/com.st.stm32cube.ide.mcu.externaltools.gnu-tools-for-stm32.12.3.rel1.win32_1.0.200.202406191623/tools/bin/../lib/gcc/arm-none-eabi/12.3.1/../../../../arm-none-eabi/lib/thumb/v7e-m+fp/hard\libc_nano.a(libc_a-nano-svfscanf.o)
                0x0800d7ee                __ssrefill_r
 .text.__ssvfscanf_r
                0x0800d828      0x2e8 C:/ST/STM32CubeIDE_1.16.1/STM32CubeIDE/plugins/com.st.stm32cube.ide.mcu.externaltools.gnu-tools-for-stm32.12.3.rel1.win32_1.0.200.202406191623/tools/bin/../lib/gcc/arm-none-eabi/12.3.1/../../../../arm-none-eabi/lib/thumb/v7e-m+fp/hard\libc_nano.a(libc_a-nano-svfscanf.o)
                0x0800d828                __ssvfiscanf_r
                0x0800d828                __ssvfscanf_r
 .text._printf_common
                0x0800db10       0xda C:/ST/STM32CubeIDE_1.16.1/STM32CubeIDE/plugins/com.st.stm32cube.ide.mcu.externaltools.gnu-tools-for-stm32.12.3.rel1.win32_1.0.200.202406191623/tools/bin/../lib/gcc/arm-none-eabi/12.3.1/../../../../arm-none-eabi/lib/thumb/v7e-m+fp/hard\libc_nano.a(libc_a-nano-vfprintf_i.o)
                0x0800db10                _printf_common
 *fill*         0x0800dbea        0x2 
 .text._printf_i
                0x0800dbec      0x240 C:/ST/STM32CubeIDE_1.16.1/STM32CubeIDE/plugins/com.st.stm32cube.ide.mcu.externaltools.gnu-tools-for-stm32.12.3.rel1.win32_1.0.200.202406191623/tools/bin/../lib/gcc/arm-none-eabi/12.3.1/../../../../arm-none-eabi/lib/thumb/v7e-m+fp/hard\libc_nano.a(libc_a-nano-vfprintf_i.o)
                0x0800dbec                _printf_i
 .text._scanf_chars
                0x0800de2c       0xb4 C:/ST/STM32CubeIDE_1.16.1/STM32CubeIDE/plugins/com.st.stm32cube.ide.mcu.externaltools.gnu-tools-for-stm32.12.3.rel1.win32_1.0.200.202406191623/tools/bin/../lib/gcc/arm-none-eabi/12.3.1/../../../../arm-none-eabi/lib/thumb/v7e-m+fp/hard\libc_nano.a(libc_a-nano-vfscanf_i.o)
                0x0800de2c                _scanf_chars
 .text._scanf_i
                0x0800dee0      0x1e8 C:/ST/STM32CubeIDE_1.16.1/STM32CubeIDE/plugins/com.st.stm32cube.ide.mcu.externaltools.gnu-tools-for-stm32.12.3.rel1.win32_1.0.200.202406191623/tools/bin/../lib/gcc/arm-none-eabi/12.3.1/../../../../arm-none-eabi/lib/thumb/v7e-m+fp/hard\libc_nano.a(libc_a-nano-vfscanf_i.o)
                0x0800dee0                _scanf_i
 .text.__sflush_r
                0x0800e0c8      0x108 C:/ST/STM32CubeIDE_1.16.1/STM32CubeIDE/plugins/com.st.stm32cube.ide.mcu.externaltools.gnu-tools-for-stm32.12.3.rel1.win32_1.0.200.202406191623/tools/bin/../lib/gcc/arm-none-eabi/12.3.1/../../../../arm-none-eabi/lib/thumb/v7e-m+fp/hard\libc_nano.a(libc_a-fflush.o)
                0x0800e0c8                __sflush_r
 .text._fflush_r
                0x0800e1d0       0x50 C:/ST/STM32CubeIDE_1.16.1/STM32CubeIDE/plugins/com.st.stm32cube.ide.mcu.externaltools.gnu-tools-for-stm32.12.3.rel1.win32_1.0.200.202406191623/tools/bin/../lib/gcc/arm-none-eabi/12.3.1/../../../../arm-none-eabi/lib/thumb/v7e-m+fp/hard\libc_nano.a(libc_a-fflush.o)
                0x0800e1d0                _fflush_r
 .text.__sccl   0x0800e220       0x72 C:/ST/STM32CubeIDE_1.16.1/STM32CubeIDE/plugins/com.st.stm32cube.ide.mcu.externaltools.gnu-tools-for-stm32.12.3.rel1.win32_1.0.200.202406191623/tools/bin/../lib/gcc/arm-none-eabi/12.3.1/../../../../arm-none-eabi/lib/thumb/v7e-m+fp/hard\libc_nano.a(libc_a-sccl.o)
                0x0800e220                __sccl
 .text.__submore
                0x0800e292       0x74 C:/ST/STM32CubeIDE_1.16.1/STM32CubeIDE/plugins/com.st.stm32cube.ide.mcu.externaltools.gnu-tools-for-stm32.12.3.rel1.win32_1.0.200.202406191623/tools/bin/../lib/gcc/arm-none-eabi/12.3.1/../../../../arm-none-eabi/lib/thumb/v7e-m+fp/hard\libc_nano.a(libc_a-ungetc.o)
                0x0800e292                __submore
 .text.memmove  0x0800e306       0x34 C:/ST/STM32CubeIDE_1.16.1/STM32CubeIDE/plugins/com.st.stm32cube.ide.mcu.externaltools.gnu-tools-for-stm32.12.3.rel1.win32_1.0.200.202406191623/tools/bin/../lib/gcc/arm-none-eabi/12.3.1/../../../../arm-none-eabi/lib/thumb/v7e-m+fp/hard\libc_nano.a(libc_a-memmove.o)
                0x0800e306                memmove
 .text.strchr   0x0800e33a       0x1a C:/ST/STM32CubeIDE_1.16.1/STM32CubeIDE/plugins/com.st.stm32cube.ide.mcu.externaltools.gnu-tools-for-stm32.12.3.rel1.win32_1.0.200.202406191623/tools/bin/../lib/gcc/arm-none-eabi/12.3.1/../../../../arm-none-eabi/lib/thumb/v7e-m+fp/hard\libc_nano.a(libc_a-strchr.o)
                0x0800e33a                strchr
 .text.__assert_func
                0x0800e354       0x3c C:/ST/STM32CubeIDE_1.16.1/STM32CubeIDE/plugins/com.st.stm32cube.ide.mcu.externaltools.gnu-tools-for-stm32.12.3.rel1.win32_1.0.200.202406191623/tools/bin/../lib/gcc/arm-none-eabi/12.3.1/../../../../arm-none-eabi/lib/thumb/v7e-m+fp/hard\libc_nano.a(libc_a-assert.o)
                0x0800e354                __assert_func
 .text._calloc_r
                0x0800e390       0x28 C:/ST/STM32CubeIDE_1.16.1/STM32CubeIDE/plugins/com.st.stm32cube.ide.mcu.externaltools.gnu-tools-for-stm32.12.3.rel1.win32_1.0.200.202406191623/tools/bin/../lib/gcc/arm-none-eabi/12.3.1/../../../../arm-none-eabi/lib/thumb/v7e-m+fp/hard\libc_nano.a(libc_a-callocr.o)
                0x0800e390                _calloc_r
 .text._strtol_l.constprop.0
                0x0800e3b8       0xf4 C:/ST/STM32CubeIDE_1.16.1/STM32CubeIDE/plugins/com.st.stm32cube.ide.mcu.externaltools.gnu-tools-for-stm32.12.3.rel1.win32_1.0.200.202406191623/tools/bin/../lib/gcc/arm-none-eabi/12.3.1/../../../../arm-none-eabi/lib/thumb/v7e-m+fp/hard\libc_nano.a(libc_a-strtol.o)
 .text._strtol_r
                0x0800e4ac        0x4 C:/ST/STM32CubeIDE_1.16.1/STM32CubeIDE/plugins/com.st.stm32cube.ide.mcu.externaltools.gnu-tools-for-stm32.12.3.rel1.win32_1.0.200.202406191623/tools/bin/../lib/gcc/arm-none-eabi/12.3.1/../../../../arm-none-eabi/lib/thumb/v7e-m+fp/hard\libc_nano.a(libc_a-strtol.o)
                0x0800e4ac                _strtol_r
 .text._strtoul_l.constprop.0
                0x0800e4b0       0xdc C:/ST/STM32CubeIDE_1.16.1/STM32CubeIDE/plugins/com.st.stm32cube.ide.mcu.externaltools.gnu-tools-for-stm32.12.3.rel1.win32_1.0.200.202406191623/tools/bin/../lib/gcc/arm-none-eabi/12.3.1/../../../../arm-none-eabi/lib/thumb/v7e-m+fp/hard\libc_nano.a(libc_a-strtoul.o)
 .text._strtoul_r
                0x0800e58c        0x4 C:/ST/STM32CubeIDE_1.16.1/STM32CubeIDE/plugins/com.st.stm32cube.ide.mcu.externaltools.gnu-tools-for-stm32.12.3.rel1.win32_1.0.200.202406191623/tools/bin/../lib/gcc/arm-none-eabi/12.3.1/../../../../arm-none-eabi/lib/thumb/v7e-m+fp/hard\libc_nano.a(libc_a-strtoul.o)
                0x0800e58c                _strtoul_r
 .text.fprintf  0x0800e590       0x24 C:/ST/STM32CubeIDE_1.16.1/STM32CubeIDE/plugins/com.st.stm32cube.ide.mcu.externaltools.gnu-tools-for-stm32.12.3.rel1.win32_1.0.200.202406191623/tools/bin/../lib/gcc/arm-none-eabi/12.3.1/../../../../arm-none-eabi/lib/thumb/v7e-m+fp/hard\libc_nano.a(libc_a-fprintf.o)
                0x0800e590                fiprintf
                0x0800e590                fprintf
 .text.abort    0x0800e5b4        0xe C:/ST/STM32CubeIDE_1.16.1/STM32CubeIDE/plugins/com.st.stm32cube.ide.mcu.externaltools.gnu-tools-for-stm32.12.3.rel1.win32_1.0.200.202406191623/tools/bin/../lib/gcc/arm-none-eabi/12.3.1/../../../../arm-none-eabi/lib/thumb/v7e-m+fp/hard\libc_nano.a(libc_a-abort.o)
                0x0800e5b4                abort
 .text.__sfputc_r
                0x0800e5c2       0x2e C:/ST/STM32CubeIDE_1.16.1/STM32CubeIDE/plugins/com.st.stm32cube.ide.mcu.externaltools.gnu-tools-for-stm32.12.3.rel1.win32_1.0.200.202406191623/tools/bin/../lib/gcc/arm-none-eabi/12.3.1/../../../../arm-none-eabi/lib/thumb/v7e-m+fp/hard\libc_nano.a(libc_a-nano-vfprintf.o)
 .text.__sfputs_r
                0x0800e5f0       0x24 C:/ST/STM32CubeIDE_1.16.1/STM32CubeIDE/plugins/com.st.stm32cube.ide.mcu.externaltools.gnu-tools-for-stm32.12.3.rel1.win32_1.0.200.202406191623/tools/bin/../lib/gcc/arm-none-eabi/12.3.1/../../../../arm-none-eabi/lib/thumb/v7e-m+fp/hard\libc_nano.a(libc_a-nano-vfprintf.o)
                0x0800e5f0                __sfputs_r
 .text._vfprintf_r
                0x0800e614      0x230 C:/ST/STM32CubeIDE_1.16.1/STM32CubeIDE/plugins/com.st.stm32cube.ide.mcu.externaltools.gnu-tools-for-stm32.12.3.rel1.win32_1.0.200.202406191623/tools/bin/../lib/gcc/arm-none-eabi/12.3.1/../../../../arm-none-eabi/lib/thumb/v7e-m+fp/hard\libc_nano.a(libc_a-nano-vfprintf.o)
                0x0800e614                _vfprintf_r
                0x0800e614                _vfiprintf_r
 .text.__swbuf_r
                0x0800e844       0x7c C:/ST/STM32CubeIDE_1.16.1/STM32CubeIDE/plugins/com.st.stm32cube.ide.mcu.externaltools.gnu-tools-for-stm32.12.3.rel1.win32_1.0.200.202406191623/tools/bin/../lib/gcc/arm-none-eabi/12.3.1/../../../../arm-none-eabi/lib/thumb/v7e-m+fp/hard\libc_nano.a(libc_a-wbuf.o)
                0x0800e844                __swbuf_r
 .text.__swsetup_r
                0x0800e8c0       0xac C:/ST/STM32CubeIDE_1.16.1/STM32CubeIDE/plugins/com.st.stm32cube.ide.mcu.externaltools.gnu-tools-for-stm32.12.3.rel1.win32_1.0.200.202406191623/tools/bin/../lib/gcc/arm-none-eabi/12.3.1/../../../../arm-none-eabi/lib/thumb/v7e-m+fp/hard\libc_nano.a(libc_a-wsetup.o)
                0x0800e8c0                __swsetup_r
 .text._raise_r
                0x0800e96c       0x50 C:/ST/STM32CubeIDE_1.16.1/STM32CubeIDE/plugins/com.st.stm32cube.ide.mcu.externaltools.gnu-tools-for-stm32.12.3.rel1.win32_1.0.200.202406191623/tools/bin/../lib/gcc/arm-none-eabi/12.3.1/../../../../arm-none-eabi/lib/thumb/v7e-m+fp/hard\libc_nano.a(libc_a-signal.o)
                0x0800e96c                _raise_r
 .text.raise    0x0800e9bc       0x10 C:/ST/STM32CubeIDE_1.16.1/STM32CubeIDE/plugins/com.st.stm32cube.ide.mcu.externaltools.gnu-tools-for-stm32.12.3.rel1.win32_1.0.200.202406191623/tools/bin/../lib/gcc/arm-none-eabi/12.3.1/../../../../arm-none-eabi/lib/thumb/v7e-m+fp/hard\libc_nano.a(libc_a-signal.o)
                0x0800e9bc                raise
 .text._kill_r  0x0800e9cc       0x24 C:/ST/STM32CubeIDE_1.16.1/STM32CubeIDE/plugins/com.st.stm32cube.ide.mcu.externaltools.gnu-tools-for-stm32.12.3.rel1.win32_1.0.200.202406191623/tools/bin/../lib/gcc/arm-none-eabi/12.3.1/../../../../arm-none-eabi/lib/thumb/v7e-m+fp/hard\libc_nano.a(libc_a-signalr.o)
                0x0800e9cc                _kill_r
 .text._getpid_r
                0x0800e9f0        0x4 C:/ST/STM32CubeIDE_1.16.1/STM32CubeIDE/plugins/com.st.stm32cube.ide.mcu.externaltools.gnu-tools-for-stm32.12.3.rel1.win32_1.0.200.202406191623/tools/bin/../lib/gcc/arm-none-eabi/12.3.1/../../../../arm-none-eabi/lib/thumb/v7e-m+fp/hard\libc_nano.a(libc_a-signalr.o)
                0x0800e9f0                _getpid_r
 .text.__swhatbuf_r
                0x0800e9f4       0x4c C:/ST/STM32CubeIDE_1.16.1/STM32CubeIDE/plugins/com.st.stm32cube.ide.mcu.externaltools.gnu-tools-for-stm32.12.3.rel1.win32_1.0.200.202406191623/tools/bin/../lib/gcc/arm-none-eabi/12.3.1/../../../../arm-none-eabi/lib/thumb/v7e-m+fp/hard\libc_nano.a(libc_a-makebuf.o)
                0x0800e9f4                __swhatbuf_r
 .text.__smakebuf_r
                0x0800ea40       0x78 C:/ST/STM32CubeIDE_1.16.1/STM32CubeIDE/plugins/com.st.stm32cube.ide.mcu.externaltools.gnu-tools-for-stm32.12.3.rel1.win32_1.0.200.202406191623/tools/bin/../lib/gcc/arm-none-eabi/12.3.1/../../../../arm-none-eabi/lib/thumb/v7e-m+fp/hard\libc_nano.a(libc_a-makebuf.o)
                0x0800ea40                __smakebuf_r
 .text._fstat_r
                0x0800eab8       0x24 C:/ST/STM32CubeIDE_1.16.1/STM32CubeIDE/plugins/com.st.stm32cube.ide.mcu.externaltools.gnu-tools-for-stm32.12.3.rel1.win32_1.0.200.202406191623/tools/bin/../lib/gcc/arm-none-eabi/12.3.1/../../../../arm-none-eabi/lib/thumb/v7e-m+fp/hard\libc_nano.a(libc_a-fstatr.o)
                0x0800eab8                _fstat_r
 .text._isatty_r
                0x0800eadc       0x20 C:/ST/STM32CubeIDE_1.16.1/STM32CubeIDE/plugins/com.st.stm32cube.ide.mcu.externaltools.gnu-tools-for-stm32.12.3.rel1.win32_1.0.200.202406191623/tools/bin/../lib/gcc/arm-none-eabi/12.3.1/../../../../arm-none-eabi/lib/thumb/v7e-m+fp/hard\libc_nano.a(libc_a-isattyr.o)
                0x0800eadc                _isatty_r
 *(.glue_7)
 .glue_7        0x0800eafc        0x0 linker stubs
 *(.glue_7t)
 .glue_7t       0x0800eafc        0x0 linker stubs
 *(.eh_frame)
 .eh_frame      0x0800eafc        0x0 C:/ST/STM32CubeIDE_1.16.1/STM32CubeIDE/plugins/com.st.stm32cube.ide.mcu.externaltools.gnu-tools-for-stm32.12.3.rel1.win32_1.0.200.202406191623/tools/bin/../lib/gcc/arm-none-eabi/12.3.1/thumb/v7e-m+fp/hard/crtbegin.o
 *(.init)
 .init          0x0800eafc        0x4 C:/ST/STM32CubeIDE_1.16.1/STM32CubeIDE/plugins/com.st.stm32cube.ide.mcu.externaltools.gnu-tools-for-stm32.12.3.rel1.win32_1.0.200.202406191623/tools/bin/../lib/gcc/arm-none-eabi/12.3.1/thumb/v7e-m+fp/hard/crti.o
                0x0800eafc                _init
 .init          0x0800eb00        0x8 C:/ST/STM32CubeIDE_1.16.1/STM32CubeIDE/plugins/com.st.stm32cube.ide.mcu.externaltools.gnu-tools-for-stm32.12.3.rel1.win32_1.0.200.202406191623/tools/bin/../lib/gcc/arm-none-eabi/12.3.1/thumb/v7e-m+fp/hard/crtn.o
 *(.fini)
 .fini          0x0800eb08        0x4 C:/ST/STM32CubeIDE_1.16.1/STM32CubeIDE/plugins/com.st.stm32cube.ide.mcu.externaltools.gnu-tools-for-stm32.12.3.rel1.win32_1.0.200.202406191623/tools/bin/../lib/gcc/arm-none-eabi/12.3.1/thumb/v7e-m+fp/hard/crti.o
                0x0800eb08                _fini
 .fini          0x0800eb0c        0x8 C:/ST/STM32CubeIDE_1.16.1/STM32CubeIDE/plugins/com.st.stm32cube.ide.mcu.externaltools.gnu-tools-for-stm32.12.3.rel1.win32_1.0.200.202406191623/tools/bin/../lib/gcc/arm-none-eabi/12.3.1/thumb/v7e-m+fp/hard/crtn.o
                0x0800eb14                        . = ALIGN (0x4)
                0x0800eb14                        _etext = .

.vfp11_veneer   0x0800eb14        0x0
 .vfp11_veneer  0x0800eb14        0x0 linker stubs

.v4_bx          0x0800eb14        0x0
 .v4_bx         0x0800eb14        0x0 linker stubs

.iplt           0x0800eb14        0x0
 .iplt          0x0800eb14        0x0 C:/ST/STM32CubeIDE_1.16.1/STM32CubeIDE/plugins/com.st.stm32cube.ide.mcu.externaltools.gnu-tools-for-stm32.12.3.rel1.win32_1.0.200.202406191623/tools/bin/../lib/gcc/arm-none-eabi/12.3.1/thumb/v7e-m+fp/hard/crtbegin.o

.rodata         0x0800eb18    0x1699c
                0x0800eb18                        . = ALIGN (0x4)
 *(.rodata)
 .rodata        0x0800eb18       0x22 ./Core/Src/DHT.o
 *fill*         0x0800eb3a        0x2 
 .rodata        0x0800eb3c       0x49 ./Core/Src/cJSON.o
 *fill*         0x0800eb85        0x3 
 .rodata        0x0800eb88      0x27c ./Core/Src/front_end.o
 .rodata        0x0800ee04      0x20c ./Core/Src/main.o
 .rodata        0x0800f010       0x18 ./Core/Src/touch.o
 .rodata        0x0800f028        0xc C:/ST/STM32CubeIDE_1.16.1/STM32CubeIDE/plugins/com.st.stm32cube.ide.mcu.externaltools.gnu-tools-for-stm32.12.3.rel1.win32_1.0.200.202406191623/tools/bin/../lib/gcc/arm-none-eabi/12.3.1/../../../../arm-none-eabi/lib/thumb/v7e-m+fp/hard\libc_nano.a(libc_a-nano-vfscanf_i.o)
 *(.rodata*)
 .rodata._acLoading
                0x0800f034     0x7080 ./Core/Src/Loading.o
 .rodata.bmLoading
                0x080160b4        0xc ./Core/Src/Loading.o
                0x080160b4                bmLoading
 .rodata._acTem
                0x080160c0      0xc80 ./Core/Src/Tem.o
 .rodata.bmTem  0x08016d40        0xc ./Core/Src/Tem.o
                0x08016d40                bmTem
 .rodata._acclockhumi
                0x08016d4c      0xbb8 ./Core/Src/clockhumi.o
 .rodata.bmclockhumi
                0x08017904        0xc ./Core/Src/clockhumi.o
                0x08017904                bmclockhumi
 .rodata._acclocktem
                0x08017910      0xbb8 ./Core/Src/clocktem.o
 .rodata.bmclocktem
                0x080184c8        0xc ./Core/Src/clocktem.o
                0x080184c8                bmclocktem
 .rodata._accloudrate
                0x080184d4     0x1068 ./Core/Src/cloudrate.o
 .rodata.bmcloudrate
                0x0801953c        0xc ./Core/Src/cloudrate.o
                0x0801953c                bmcloudrate
 .rodata.Font12_Table
                0x08019548      0x474 ./Core/Src/font12.o
                0x08019548                Font12_Table
 .rodata.Font16_Table
                0x080199bc      0xbe0 ./Core/Src/font16.o
                0x080199bc                Font16_Table
 .rodata.Font20_Table
                0x0801a59c      0xed8 ./Core/Src/font20.o
                0x0801a59c                Font20_Table
 .rodata.Font24_Table
                0x0801b474     0x1ab8 ./Core/Src/font24.o
                0x0801b474                Font24_Table
 .rodata._achot
                0x0801cf2c      0x708 ./Core/Src/hot.o
 .rodata.bmhot  0x0801d634        0xc ./Core/Src/hot.o
                0x0801d634                bmhot
 .rodata._acice
                0x0801d640      0x708 ./Core/Src/ice.o
 .rodata.bmice  0x0801dd48        0xc ./Core/Src/ice.o
                0x0801dd48                bmice
 .rodata._acicon1
                0x0801dd54      0xcd0 ./Core/Src/icon1.o
 .rodata.bmicon1
                0x0801ea24        0xc ./Core/Src/icon1.o
                0x0801ea24                bmicon1
 .rodata._acicon2
                0x0801ea30      0xc80 ./Core/Src/icon2.o
 .rodata.bmicon2
                0x0801f6b0        0xc ./Core/Src/icon2.o
                0x0801f6b0                bmicon2
 .rodata._acicon3
                0x0801f6bc     0x2648 ./Core/Src/icon3.o
 .rodata.bmicon3
                0x08021d04        0xc ./Core/Src/icon3.o
                0x08021d04                bmicon3
 .rodata._aclocation
                0x08021d10      0x908 ./Core/Src/location.o
 .rodata.bmlocation
                0x08022618        0xc ./Core/Src/location.o
                0x08022618                bmlocation
 .rodata._acnext1
                0x08022624      0x908 ./Core/Src/next1.o
 .rodata.bmnext1
                0x08022f2c        0xc ./Core/Src/next1.o
                0x08022f2c                bmnext1
 .rodata.AHBPrescTable
                0x08022f38       0x10 ./Core/Src/system_stm32f4xx.o
                0x08022f38                AHBPrescTable
 .rodata.APBPrescTable
                0x08022f48        0x8 ./Core/Src/system_stm32f4xx.o
                0x08022f48                APBPrescTable
 .rodata._actree1
                0x08022f50      0x708 ./Core/Src/tree1.o
 .rodata.bmtree1
                0x08023658        0xc ./Core/Src/tree1.o
                0x08023658                bmtree1
 .rodata._acwater
                0x08023664      0x708 ./Core/Src/water.o
 .rodata.bmwater
                0x08023d6c        0xc ./Core/Src/water.o
                0x08023d6c                bmwater
 .rodata._acwether
                0x08023d78      0xc80 ./Core/Src/wether.o
 .rodata.bmwether
                0x080249f8        0xc ./Core/Src/wether.o
                0x080249f8                bmwether
 .rodata._acwind
                0x08024a04      0x6cc ./Core/Src/wind.o
 .rodata.bmwind
                0x080250d0        0xc ./Core/Src/wind.o
                0x080250d0                bmwind
 .rodata._strtod_l.str1.1