../Core/Src/front_end.c:11:6:demoLCD	32	static
../Core/Src/front_end.c:104:15:testFillScreen	16	static
../Core/Src/front_end.c:143:15:testText	16	static
../Core/Src/front_end.c:174:15:testLines	64	static
../Core/Src/front_end.c:234:15:testFastLines	40	static
../Core/Src/front_end.c:247:15:testRects	56	static
../Core/Src/front_end.c:266:15:testFilledRects	64	static
../Core/Src/front_end.c:289:15:testFilledCircles	40	static
../Core/Src/front_end.c:307:15:testCircles	40	static
../Core/Src/front_end.c:328:15:testTriangles	72	static
../Core/Src/front_end.c:349:15:testFilledTriangles	72	static
../Core/Src/front_end.c:367:15:testRoundRects	64	static
../Core/Src/front_end.c:387:15:testFilledRoundRects	64	static
../Core/Src/front_end.c:405:15:testDrawImage	16	static
../Core/Src/front_end.c:422:6:DrawCloud	16	static
../Core/Src/front_end.c:426:6:TextTitle	16	static
../Core/Src/front_end.c:433:6:TableMain	40	static
../Core/Src/front_end.c:498:6:lcdDrawThickArc	56	static
../Core/Src/front_end.c:508:6:DrawClock	40	static
../Core/Src/front_end.c:514:6:CloudRain	32	static
../Core/Src/front_end.c:532:6:CloudSun	24	static
../Core/Src/front_end.c:540:6:CloudMoon	24	static
../Core/Src/front_end.c:551:6:CloudThunder	32	static
../Core/Src/front_end.c:588:10:interpolateColor	40	static
../Core/Src/front_end.c:604:6:DrawGradientLine	40	static
../Core/Src/front_end.c:626:6:WeatherDay	40	static
../Core/Src/front_end.c:715:6:DrawGauge	56	static
../Core/Src/front_end.c:732:6:DrawThermometer	80	static
../Core/Src/front_end.c:760:6:DrawIconHumidyti1	16	static
../Core/Src/front_end.c:765:6:DrawIconDate	16	static
../Core/Src/front_end.c:769:6:DrawIconWeather	16	static
../Core/Src/front_end.c:773:6:DrawIconTem	16	static
../Core/Src/front_end.c:777:6:DrawIconWind	16	static
../Core/Src/front_end.c:781:6:TextTemperature16	24	static
../Core/Src/front_end.c:814:6:TextHumidyti16	24	static
../Core/Src/front_end.c:830:6:TextTime	16	static
../Core/Src/front_end.c:836:6:TextDate	16	static
../Core/Src/front_end.c:842:6:TextLocation	16	static
../Core/Src/front_end.c:849:6:TextSensor	24	static
../Core/Src/front_end.c:859:6:DrawIconHot	16	static
../Core/Src/front_end.c:862:6:DrawIconIce	16	static
../Core/Src/front_end.c:865:6:DrawIconTree	16	static
../Core/Src/front_end.c:868:6:DrawIconWater	16	static
../Core/Src/front_end.c:871:6:DrawIconClockTem	16	static
../Core/Src/front_end.c:874:6:DrawIconClockHumi	16	static
../Core/Src/front_end.c:877:6:DrawIconNext	16	static
../Core/Src/front_end.c:880:6:OneDay	24	static
../Core/Src/front_end.c:942:6:Screen0	8	static
../Core/Src/front_end.c:946:6:Screen1	40	static
../Core/Src/front_end.c:1016:6:Screen2	72	static
