../Core/Src/front_end.c:11:6:demoLCD	32	static
../Core/Src/front_end.c:104:15:testFillScreen	16	static
../Core/Src/front_end.c:143:15:testText	16	static
../Core/Src/front_end.c:174:15:testLines	64	static
../Core/Src/front_end.c:234:15:testFastLines	40	static
../Core/Src/front_end.c:247:15:testRects	56	static
../Core/Src/front_end.c:266:15:testFilledRects	64	static
../Core/Src/front_end.c:289:15:testFilledCircles	40	static
../Core/Src/front_end.c:307:15:testCircles	40	static
../Core/Src/front_end.c:328:15:testTriangles	72	static
../Core/Src/front_end.c:349:15:testFilledTriangles	72	static
../Core/Src/front_end.c:367:15:testRoundRects	64	static
../Core/Src/front_end.c:387:15:testFilledRoundRects	64	static
../Core/Src/front_end.c:405:15:testDrawImage	16	static
../Core/Src/front_end.c:422:6:DrawCloud	16	static
../Core/Src/front_end.c:426:6:TextTitle	16	static
../Core/Src/front_end.c:433:6:TableMain	40	static
../Core/Src/front_end.c:497:5:numDay	32	static
../Core/Src/front_end.c:515:6:CheckYear	16	static
../Core/Src/front_end.c:524:5:FindDate	32	static
../Core/Src/front_end.c:534:6:lcdDrawThickArc	56	static
../Core/Src/front_end.c:544:6:DrawClock	40	static
../Core/Src/front_end.c:550:6:CloudRain	32	static
../Core/Src/front_end.c:568:6:CloudSun	24	static
../Core/Src/front_end.c:576:6:CloudMoon	24	static
../Core/Src/front_end.c:587:6:CloudThunder	32	static
../Core/Src/front_end.c:624:10:interpolateColor	40	static
../Core/Src/front_end.c:640:6:DrawGradientLine	40	static
../Core/Src/front_end.c:662:6:WeatherDay	72	static
../Core/Src/front_end.c:769:6:DrawGauge	56	static
../Core/Src/front_end.c:786:6:DrawThermometer	80	static
../Core/Src/front_end.c:814:6:DrawIconHumidyti1	16	static
../Core/Src/front_end.c:819:6:DrawIconDate	16	static
../Core/Src/front_end.c:823:6:DrawIconWeather	16	static
../Core/Src/front_end.c:827:6:DrawIconTem	16	static
../Core/Src/front_end.c:831:6:DrawIconWind	16	static
../Core/Src/front_end.c:835:6:TextTemperature16	24	static
../Core/Src/front_end.c:868:6:TextHumidyti16	24	static
../Core/Src/front_end.c:884:6:TextTime	24	static
../Core/Src/front_end.c:890:6:TextDate	24	static
../Core/Src/front_end.c:896:6:TextLocation	24	static
../Core/Src/front_end.c:917:6:TextSensor	24	static
../Core/Src/front_end.c:935:6:TextCloudRate	24	static
../Core/Src/front_end.c:948:6:TextUV	24	static
../Core/Src/front_end.c:954:6:DrawIconHot	16	static
../Core/Src/front_end.c:957:6:DrawIconIce	16	static
../Core/Src/front_end.c:960:6:DrawIconTree	16	static
../Core/Src/front_end.c:963:6:DrawIconWater	16	static
../Core/Src/front_end.c:966:6:DrawIconClockTem	16	static
../Core/Src/front_end.c:969:6:DrawIconClockHumi	16	static
../Core/Src/front_end.c:972:6:DrawIconCloudRate	16	static
../Core/Src/front_end.c:975:6:DrawIconLocation	16	static
../Core/Src/front_end.c:978:6:DrawIconNext	16	static
../Core/Src/front_end.c:981:6:DrawIconNext1	16	static
../Core/Src/front_end.c:984:6:DrawIconBack	16	static
../Core/Src/front_end.c:987:6:DrawIconOk	16	static
../Core/Src/front_end.c:990:6:DrawBackGround	16	static
../Core/Src/front_end.c:993:6:DrawConfirm	16	static
../Core/Src/front_end.c:996:6:DrawNameIcon	16	static
../Core/Src/front_end.c:999:6:OneDay	24	static
../Core/Src/front_end.c:1071:6:Screen0	8	static
../Core/Src/front_end.c:1075:6:Screen1	40	static
../Core/Src/front_end.c:1139:6:Screen2	72	static
../Core/Src/front_end.c:1180:6:Screen3	24	static
