../Core/Src/front_end.c:11:6:demoLCD	32	static
../Core/Src/front_end.c:104:15:testFillScreen	16	static
../Core/Src/front_end.c:143:15:testText	16	static
../Core/Src/front_end.c:174:15:testLines	64	static
../Core/Src/front_end.c:234:15:testFastLines	40	static
../Core/Src/front_end.c:247:15:testRects	56	static
../Core/Src/front_end.c:266:15:testFilledRects	64	static
../Core/Src/front_end.c:289:15:testFilledCircles	40	static
../Core/Src/front_end.c:307:15:testCircles	40	static
../Core/Src/front_end.c:328:15:testTriangles	72	static
../Core/Src/front_end.c:349:15:testFilledTriangles	72	static
../Core/Src/front_end.c:367:15:testRoundRects	64	static
../Core/Src/front_end.c:387:15:testFilledRoundRects	64	static
../Core/Src/front_end.c:405:15:testDrawImage	16	static
../Core/Src/front_end.c:422:6:DrawCloud	16	static
../Core/Src/front_end.c:426:6:TextTitle	16	static
../Core/Src/front_end.c:433:6:TableMain	40	static
../Core/Src/front_end.c:498:6:lcdDrawThickArc	56	static
../Core/Src/front_end.c:508:6:DrawClock	40	static
../Core/Src/front_end.c:514:6:CloudRain	32	static
../Core/Src/front_end.c:532:6:CloudSun	24	static
../Core/Src/front_end.c:540:6:CloudMoon	24	static
../Core/Src/front_end.c:551:6:CloudThunder	32	static
../Core/Src/front_end.c:588:10:interpolateColor	40	static
../Core/Src/front_end.c:604:6:DrawGradientLine	40	static
../Core/Src/front_end.c:626:6:WeatherDay	72	static
../Core/Src/front_end.c:733:6:DrawGauge	56	static
../Core/Src/front_end.c:750:6:DrawThermometer	80	static
../Core/Src/front_end.c:778:6:DrawIconHumidyti1	16	static
../Core/Src/front_end.c:783:6:DrawIconDate	16	static
../Core/Src/front_end.c:787:6:DrawIconWeather	16	static
../Core/Src/front_end.c:791:6:DrawIconTem	16	static
../Core/Src/front_end.c:795:6:DrawIconWind	16	static
../Core/Src/front_end.c:799:6:TextTemperature16	24	static
../Core/Src/front_end.c:832:6:TextHumidyti16	24	static
../Core/Src/front_end.c:848:6:TextTime	24	static
../Core/Src/front_end.c:854:6:TextDate	24	static
../Core/Src/front_end.c:860:6:TextLocation	24	static
../Core/Src/front_end.c:881:6:TextSensor	24	static
../Core/Src/front_end.c:899:6:TextCloudRate	24	static
../Core/Src/front_end.c:912:6:TextUV	24	static
../Core/Src/front_end.c:918:6:DrawIconHot	16	static
../Core/Src/front_end.c:921:6:DrawIconIce	16	static
../Core/Src/front_end.c:924:6:DrawIconTree	16	static
../Core/Src/front_end.c:927:6:DrawIconWater	16	static
../Core/Src/front_end.c:930:6:DrawIconClockTem	16	static
../Core/Src/front_end.c:933:6:DrawIconClockHumi	16	static
../Core/Src/front_end.c:936:6:DrawIconCloudRate	16	static
../Core/Src/front_end.c:939:6:DrawIconLocation	16	static
../Core/Src/front_end.c:942:6:DrawIconNext	16	static
../Core/Src/front_end.c:945:6:DrawIconNext1	16	static
../Core/Src/front_end.c:948:6:DrawIconBack	16	static
../Core/Src/front_end.c:951:6:DrawIconOk	16	static
../Core/Src/front_end.c:954:6:DrawBackGround	16	static
../Core/Src/front_end.c:957:6:DrawConfirm	16	static
../Core/Src/front_end.c:960:6:OneDay	24	static
../Core/Src/front_end.c:1032:6:Screen0	8	static
../Core/Src/front_end.c:1036:6:Screen1	40	static
../Core/Src/front_end.c:1107:6:Screen2	72	static
../Core/Src/front_end.c:1148:6:Screen3	24	static
