../Core/Src/front_end.c:11:6:demoLCD	32	static
../Core/Src/front_end.c:104:15:testFillScreen	16	static
../Core/Src/front_end.c:143:15:testText	16	static
../Core/Src/front_end.c:174:15:testLines	64	static
../Core/Src/front_end.c:234:15:testFastLines	40	static
../Core/Src/front_end.c:247:15:testRects	56	static
../Core/Src/front_end.c:266:15:testFilledRects	64	static
../Core/Src/front_end.c:289:15:testFilledCircles	40	static
../Core/Src/front_end.c:307:15:testCircles	40	static
../Core/Src/front_end.c:328:15:testTriangles	72	static
../Core/Src/front_end.c:349:15:testFilledTriangles	72	static
../Core/Src/front_end.c:367:15:testRoundRects	64	static
../Core/Src/front_end.c:387:15:testFilledRoundRects	64	static
../Core/Src/front_end.c:405:15:testDrawImage	16	static
../Core/Src/front_end.c:422:6:DrawCloud	16	static
../Core/Src/front_end.c:426:6:TextTitle	16	static
../Core/Src/front_end.c:433:6:TableMain	40	static
../Core/Src/front_end.c:498:6:lcdDrawThickArc	56	static
../Core/Src/front_end.c:508:6:DrawClock	40	static
../Core/Src/front_end.c:514:6:CloudRain	32	static
../Core/Src/front_end.c:532:6:CloudSun	24	static
../Core/Src/front_end.c:540:6:CloudMoon	24	static
../Core/Src/front_end.c:551:6:CloudThunder	32	static
../Core/Src/front_end.c:588:10:interpolateColor	40	static
../Core/Src/front_end.c:604:6:DrawGradientLine	40	static
../Core/Src/front_end.c:626:6:WeatherDay	72	static
../Core/Src/front_end.c:718:6:DrawGauge	56	static
../Core/Src/front_end.c:735:6:DrawThermometer	80	static
../Core/Src/front_end.c:763:6:DrawIconHumidyti1	16	static
../Core/Src/front_end.c:768:6:DrawIconDate	16	static
../Core/Src/front_end.c:772:6:DrawIconWeather	16	static
../Core/Src/front_end.c:776:6:DrawIconTem	16	static
../Core/Src/front_end.c:780:6:DrawIconWind	16	static
../Core/Src/front_end.c:784:6:TextTemperature16	24	static
../Core/Src/front_end.c:817:6:TextHumidyti16	24	static
../Core/Src/front_end.c:833:6:TextTime	24	static
../Core/Src/front_end.c:839:6:TextDate	24	static
../Core/Src/front_end.c:845:6:TextLocation	24	static
../Core/Src/front_end.c:866:6:TextSensor	24	static
../Core/Src/front_end.c:876:6:TextCloudRate	24	static
../Core/Src/front_end.c:889:6:DrawIconHot	16	static
../Core/Src/front_end.c:892:6:DrawIconIce	16	static
../Core/Src/front_end.c:895:6:DrawIconTree	16	static
../Core/Src/front_end.c:898:6:DrawIconWater	16	static
../Core/Src/front_end.c:901:6:DrawIconClockTem	16	static
../Core/Src/front_end.c:904:6:DrawIconClockHumi	16	static
../Core/Src/front_end.c:907:6:DrawIconCloudRate	16	static
../Core/Src/front_end.c:910:6:DrawIconLocation	16	static
../Core/Src/front_end.c:913:6:DrawIconNext	16	static
../Core/Src/front_end.c:916:6:DrawIconNext1	16	static
../Core/Src/front_end.c:919:6:OneDay	24	static
../Core/Src/front_end.c:984:6:Screen0	8	static
../Core/Src/front_end.c:988:6:Screen1	40	static
../Core/Src/front_end.c:1058:6:Screen2	72	static
../Core/Src/front_end.c:1091:6:Screen3	24	static
