../Core/Src/main.c:125:5:main	16	static
../Core/Src/main.c:179:6:SystemClock_Config	88	static
../Core/Src/main.c:225:13:MX_SPI2_Init	8	static
../Core/Src/main.c:263:13:MX_USART1_UART_Init	8	static
../Core/Src/main.c:296:13:MX_GPIO_Init	56	static
../Core/Src/main.c:335:13:MX_FSMC_Init	40	static
../Core/Src/main.c:388:6:demoLCD	32	static
../Core/Src/main.c:481:15:testFillScreen	16	static
../Core/Src/main.c:520:15:testText	16	static
../Core/Src/main.c:551:15:testLines	64	static
../Core/Src/main.c:611:15:testFastLines	40	static
../Core/Src/main.c:624:15:testRects	56	static
../Core/Src/main.c:643:15:testFilledRects	64	static
../Core/Src/main.c:666:15:testFilledCircles	40	static
../Core/Src/main.c:684:15:testCircles	40	static
../Core/Src/main.c:705:15:testTriangles	72	static
../Core/Src/main.c:726:15:testFilledTriangles	72	static
../Core/Src/main.c:744:15:testRoundRects	64	static
../Core/Src/main.c:764:15:testFilledRoundRects	64	static
../Core/Src/main.c:782:15:testDrawImage	16	static
../Core/Src/main.c:799:6:DrawCloud	16	static
../Core/Src/main.c:803:6:TextTitle	16	static
../Core/Src/main.c:810:6:TableMain	40	static
../Core/Src/main.c:875:6:lcdDrawThickArc	56	static
../Core/Src/main.c:885:6:DrawClock	40	static
../Core/Src/main.c:891:6:CloudRain	32	static
../Core/Src/main.c:909:6:CloudSun	24	static
../Core/Src/main.c:917:6:CloudMoon	24	static
../Core/Src/main.c:928:6:CloudThunder	32	static
../Core/Src/main.c:965:10:interpolateColor	40	static
../Core/Src/main.c:981:6:DrawGradientLine	40	static
../Core/Src/main.c:1003:6:WeatherDay	40	static
../Core/Src/main.c:1098:6:DrawThermometer	80	static
../Core/Src/main.c:1126:6:DrawIconHumidyti1	16	static
../Core/Src/main.c:1131:6:DrawIconDate	16	static
../Core/Src/main.c:1135:6:DrawIconWeather	16	static
../Core/Src/main.c:1139:6:DrawIconTem	16	static
../Core/Src/main.c:1143:6:DrawIconHumidyti2	16	static
../Core/Src/main.c:1147:6:TextTemperature16	24	static
../Core/Src/main.c:1180:6:TextHumidyti16	24	static
../Core/Src/main.c:1196:6:DrawIconHot	16	static
../Core/Src/main.c:1199:6:DrawIconIce	16	static
../Core/Src/main.c:1202:6:DrawIconWind	16	static
../Core/Src/main.c:1205:6:DrawIconWater	16	static
../Core/Src/main.c:1208:6:OneDay	24	static
../Core/Src/main.c:1279:6:Screen1	32	static
../Core/Src/main.c:1310:6:Screen2	16	static
../Core/Src/main.c:1349:6:Error_Handler	4	static,ignoring_inline_asm
