../Core/Src/main.c:137:5:main	16	static
../Core/Src/main.c:197:6:SystemClock_Config	88	static
../Core/Src/main.c:243:13:MX_SPI2_Init	8	static
../Core/Src/main.c:281:13:MX_TIM2_Init	32	static
../Core/Src/main.c:326:13:MX_USART1_UART_Init	8	static
../Core/Src/main.c:359:13:MX_GPIO_Init	56	static
../Core/Src/main.c:394:13:MX_FSMC_Init	40	static
../Core/Src/main.c:451:6:HAL_TIM_PeriodElapsedCallback	16	static
../Core/Src/main.c:466:6:Send_AT_Command	24	static
../Core/Src/main.c:482:6:Send_AT_Command1	24	static
../Core/Src/main.c:493:6:Send_AT_Commands	16	static
../Core/Src/main.c:520:6:Resend_AT_Commands	16	static
../Core/Src/main.c:542:6:HAL_UART_RxCpltCallback	16	static
../Core/Src/main.c:550:7:extractJsonObject	32	static
../Core/Src/main.c:567:6:processWeather	160	static
../Core/Src/main.c:674:6:RunProgram	48	static
../Core/Src/main.c:961:6:Error_Handler	4	static,ignoring_inline_asm
