../Core/Src/stm32f4xx_hal_msp.c:64:6:HAL_MspInit	16	static
../Core/Src/stm32f4xx_hal_msp.c:87:6:HAL_SPI_MspInit	48	static
../Core/Src/stm32f4xx_hal_msp.c:125:6:HAL_SPI_MspDeInit	16	static
../Core/Src/stm32f4xx_hal_msp.c:155:6:HAL_TIM_Base_MspInit	24	static
../Core/Src/stm32f4xx_hal_msp.c:181:6:HAL_TIM_Base_MspDeInit	16	static
../Core/Src/stm32f4xx_hal_msp.c:206:6:HAL_UART_MspInit	48	static
../Core/Src/stm32f4xx_hal_msp.c:246:6:HAL_UART_MspDeInit	16	static
../Core/Src/stm32f4xx_hal_msp.c:273:13:HAL_FSMC_MspInit	32	static
../Core/Src/stm32f4xx_hal_msp.c:331:6:HAL_SRAM_MspInit	16	static
../Core/Src/stm32f4xx_hal_msp.c:343:13:HAL_FSMC_MspDeInit	8	static
../Core/Src/stm32f4xx_hal_msp.c:389:6:HAL_SRAM_MspDeInit	16	static
